Archive member included to satisfy reference by file (symbol)

/home/yuan/gcc-arm-none-eabi-5_4-2016q3/bin/../lib/gcc/arm-none-eabi/5.4.1/../../../../arm-none-eabi/lib/armv6-m/libc_nano.a(lib_a-exit.o)
                              /home/yuan/gcc-arm-none-eabi-5_4-2016q3/bin/../lib/gcc/arm-none-eabi/5.4.1/../../../../arm-none-eabi/lib/armv6-m/crt0.o (exit)
/home/yuan/gcc-arm-none-eabi-5_4-2016q3/bin/../lib/gcc/arm-none-eabi/5.4.1/../../../../arm-none-eabi/lib/armv6-m/libc_nano.a(lib_a-impure.o)
                              /home/yuan/gcc-arm-none-eabi-5_4-2016q3/bin/../lib/gcc/arm-none-eabi/5.4.1/../../../../arm-none-eabi/lib/armv6-m/libc_nano.a(lib_a-exit.o) (_global_impure_ptr)
/home/yuan/gcc-arm-none-eabi-5_4-2016q3/bin/../lib/gcc/arm-none-eabi/5.4.1/../../../../arm-none-eabi/lib/armv6-m/libc_nano.a(lib_a-init.o)
                              /home/yuan/gcc-arm-none-eabi-5_4-2016q3/bin/../lib/gcc/arm-none-eabi/5.4.1/../../../../arm-none-eabi/lib/armv6-m/crt0.o (__libc_init_array)
/home/yuan/gcc-arm-none-eabi-5_4-2016q3/bin/../lib/gcc/arm-none-eabi/5.4.1/../../../../arm-none-eabi/lib/armv6-m/libc_nano.a(lib_a-memcpy-stub.o)
                              Build/ssd1306.o (memcpy)
/home/yuan/gcc-arm-none-eabi-5_4-2016q3/bin/../lib/gcc/arm-none-eabi/5.4.1/../../../../arm-none-eabi/lib/armv6-m/libc_nano.a(lib_a-memset.o)
                              /home/yuan/gcc-arm-none-eabi-5_4-2016q3/bin/../lib/gcc/arm-none-eabi/5.4.1/../../../../arm-none-eabi/lib/armv6-m/crt0.o (memset)
/home/yuan/gcc-arm-none-eabi-5_4-2016q3/bin/../lib/gcc/arm-none-eabi/5.4.1/../../../../arm-none-eabi/lib/armv6-m/libc_nano.a(lib_a-printf.o)
                              Build/board.o (printf)
/home/yuan/gcc-arm-none-eabi-5_4-2016q3/bin/../lib/gcc/arm-none-eabi/5.4.1/../../../../arm-none-eabi/lib/armv6-m/libc_nano.a(lib_a-putchar.o)
                              Build/board.o (putchar)
/home/yuan/gcc-arm-none-eabi-5_4-2016q3/bin/../lib/gcc/arm-none-eabi/5.4.1/../../../../arm-none-eabi/lib/armv6-m/libc_nano.a(lib_a-puts.o)
                              Build/board.o (puts)
/home/yuan/gcc-arm-none-eabi-5_4-2016q3/bin/../lib/gcc/arm-none-eabi/5.4.1/../../../../arm-none-eabi/lib/armv6-m/libc_nano.a(lib_a-wbuf.o)
                              /home/yuan/gcc-arm-none-eabi-5_4-2016q3/bin/../lib/gcc/arm-none-eabi/5.4.1/../../../../arm-none-eabi/lib/armv6-m/libc_nano.a(lib_a-puts.o) (__swbuf_r)
/home/yuan/gcc-arm-none-eabi-5_4-2016q3/bin/../lib/gcc/arm-none-eabi/5.4.1/../../../../arm-none-eabi/lib/armv6-m/libc_nano.a(lib_a-wsetup.o)
                              /home/yuan/gcc-arm-none-eabi-5_4-2016q3/bin/../lib/gcc/arm-none-eabi/5.4.1/../../../../arm-none-eabi/lib/armv6-m/libc_nano.a(lib_a-puts.o) (__swsetup_r)
/home/yuan/gcc-arm-none-eabi-5_4-2016q3/bin/../lib/gcc/arm-none-eabi/5.4.1/../../../../arm-none-eabi/lib/armv6-m/libc_nano.a(lib_a-fflush.o)
                              /home/yuan/gcc-arm-none-eabi-5_4-2016q3/bin/../lib/gcc/arm-none-eabi/5.4.1/../../../../arm-none-eabi/lib/armv6-m/libc_nano.a(lib_a-wbuf.o) (_fflush_r)
/home/yuan/gcc-arm-none-eabi-5_4-2016q3/bin/../lib/gcc/arm-none-eabi/5.4.1/../../../../arm-none-eabi/lib/armv6-m/libc_nano.a(lib_a-findfp.o)
                              /home/yuan/gcc-arm-none-eabi-5_4-2016q3/bin/../lib/gcc/arm-none-eabi/5.4.1/../../../../arm-none-eabi/lib/armv6-m/libc_nano.a(lib_a-printf.o) (__sinit)
/home/yuan/gcc-arm-none-eabi-5_4-2016q3/bin/../lib/gcc/arm-none-eabi/5.4.1/../../../../arm-none-eabi/lib/armv6-m/libc_nano.a(lib_a-fwalk.o)
                              /home/yuan/gcc-arm-none-eabi-5_4-2016q3/bin/../lib/gcc/arm-none-eabi/5.4.1/../../../../arm-none-eabi/lib/armv6-m/libc_nano.a(lib_a-findfp.o) (_fwalk)
/home/yuan/gcc-arm-none-eabi-5_4-2016q3/bin/../lib/gcc/arm-none-eabi/5.4.1/../../../../arm-none-eabi/lib/armv6-m/libc_nano.a(lib_a-makebuf.o)
                              /home/yuan/gcc-arm-none-eabi-5_4-2016q3/bin/../lib/gcc/arm-none-eabi/5.4.1/../../../../arm-none-eabi/lib/armv6-m/libc_nano.a(lib_a-wsetup.o) (__smakebuf_r)
/home/yuan/gcc-arm-none-eabi-5_4-2016q3/bin/../lib/gcc/arm-none-eabi/5.4.1/../../../../arm-none-eabi/lib/armv6-m/libc_nano.a(lib_a-nano-freer.o)
                              /home/yuan/gcc-arm-none-eabi-5_4-2016q3/bin/../lib/gcc/arm-none-eabi/5.4.1/../../../../arm-none-eabi/lib/armv6-m/libc_nano.a(lib_a-wsetup.o) (_free_r)
/home/yuan/gcc-arm-none-eabi-5_4-2016q3/bin/../lib/gcc/arm-none-eabi/5.4.1/../../../../arm-none-eabi/lib/armv6-m/libc_nano.a(lib_a-nano-mallocr.o)
                              /home/yuan/gcc-arm-none-eabi-5_4-2016q3/bin/../lib/gcc/arm-none-eabi/5.4.1/../../../../arm-none-eabi/lib/armv6-m/libc_nano.a(lib_a-findfp.o) (_malloc_r)
/home/yuan/gcc-arm-none-eabi-5_4-2016q3/bin/../lib/gcc/arm-none-eabi/5.4.1/../../../../arm-none-eabi/lib/armv6-m/libc_nano.a(lib_a-nano-vfprintf.o)
[...]
Memory Configuration

Name             Origin             Length             Attributes
RAM              0x20000000         0x00009000         xrw
FLASH            0x08000000         0x00020000         xr
*default*        0x00000000         0xffffffff

Linker script and memory map

LOAD /home/yuan/gcc-arm-none-eabi-5_4-2016q3/bin/../lib/gcc/arm-none-eabi/5.4.1/armv6-m/crti.o
LOAD /home/yuan/gcc-arm-none-eabi-5_4-2016q3/bin/../lib/gcc/arm-none-eabi/5.4.1/armv6-m/crtbegin.o
LOAD /home/yuan/gcc-arm-none-eabi-5_4-2016q3/bin/../lib/gcc/arm-none-eabi/5.4.1/../../../../arm-none-eabi/lib/armv6-m/crt0.o
LOAD Build/ssd1306.o
LOAD Build/ssd1306_fonts.o
LOAD Build/main.o
LOAD Build/board.o
LOAD Build/stm32g0xx_it.o
LOAD Build/stm32g0xx_hal_msp.o
LOAD Build/stm32g0xx_hal_i2c.o
LOAD Build/stm32g0xx_hal_i2c_ex.o
LOAD Build/stm32g0xx_hal_rcc.o
LOAD Build/stm32g0xx_hal_rcc_ex.o
LOAD Build/stm32g0xx_ll_rcc.o
LOAD Build/stm32g0xx_hal_flash.o
LOAD Build/stm32g0xx_hal_flash_ex.o
LOAD Build/stm32g0xx_hal_gpio.o
LOAD Build/stm32g0xx_hal_dma.o
LOAD Build/stm32g0xx_hal_dma_ex.o
LOAD Build/stm32g0xx_ll_dma.o
LOAD Build/stm32g0xx_hal_pwr.o
LOAD Build/stm32g0xx_hal_pwr_ex.o
LOAD Build/stm32g0xx_hal_cortex.o
LOAD Build/stm32g0xx_hal.o
LOAD Build/stm32g0xx_hal_exti.o
LOAD Build/stm32g0xx_hal_tim.o
LOAD Build/stm32g0xx_hal_tim_ex.o
LOAD Build/stm32g0xx_hal_uart.o
LOAD Build/stm32g0xx_hal_uart_ex.o
LOAD Build/system_stm32g0xx.o
LOAD Build/startup_stm32g070xx.o
LOAD /home/yuan/gcc-arm-none-eabi-5_4-2016q3/bin/../lib/gcc/arm-none-eabi/5.4.1/../../../../arm-none-eabi/lib/armv6-m/libc_nano.a
LOAD /home/yuan/gcc-arm-none-eabi-5_4-2016q3/bin/../lib/gcc/arm-none-eabi/5.4.1/../../../../arm-none-eabi/lib/armv6-m/libm.a
LOAD /home/yuan/gcc-arm-none-eabi-5_4-2016q3/bin/../lib/gcc/arm-none-eabi/5.4.1/../../../../arm-none-eabi/lib/armv6-m/libnosys.a
START GROUP
LOAD /home/yuan/gcc-arm-none-eabi-5_4-2016q3/bin/../lib/gcc/arm-none-eabi/5.4.1/armv6-m/libgcc.a
LOAD /home/yuan/gcc-arm-none-eabi-5_4-2016q3/bin/../lib/gcc/arm-none-eabi/5.4.1/../../../../arm-none-eabi/lib/armv6-m/libc_nano.a
END GROUP
START GROUP
LOAD /home/yuan/gcc-arm-none-eabi-5_4-2016q3/bin/../lib/gcc/arm-none-eabi/5.4.1/armv6-m/libgcc.a
LOAD /home/yuan/gcc-arm-none-eabi-5_4-2016q3/bin/../lib/gcc/arm-none-eabi/5.4.1/../../../../arm-none-eabi/lib/armv6-m/libc_nano.a
END GROUP
LOAD /home/yuan/gcc-arm-none-eabi-5_4-2016q3/bin/../lib/gcc/arm-none-eabi/5.4.1/armv6-m/crtend.o
LOAD /home/yuan/gcc-arm-none-eabi-5_4-2016q3/bin/../lib/gcc/arm-none-eabi/5.4.1/armv6-m/crtn.o
                0x20009000                _estack = (ORIGIN (RAM) + LENGTH (RAM))
                0x00000200                _Min_Heap_Size = 0x200
                0x00000400                _Min_Stack_Size = 0x400

.isr_vector     0x08000000       0xb8
                0x08000000                . = ALIGN (0x4)
 *(.isr_vector)
 .isr_vector    0x08000000       0xb8 Build/startup_stm32g070xx.o
                0x08000000                g_pfnVectors
                0x080000b8                . = ALIGN (0x4)

.text           0x080000b8     0x3698
                0x080000b8                . = ALIGN (0x4)
 *(.text)
 .text          0x080000b8       0x60 /home/yuan/gcc-arm-none-eabi-5_4-2016q3/bin/../lib/gcc/arm-none-eabi/5.4.1/armv6-m/crtbegin.o
 .text          0x08000118      0x114 /home/yuan/gcc-arm-none-eabi-5_4-2016q3/bin/../lib/gcc/arm-none-eabi/5.4.1/armv6-m/libgcc.a(_udivsi3.o)
                0x08000118                __udivsi3
                0x08000118                __aeabi_uidiv
                0x08000224                __aeabi_uidivmod
 .text          0x0800022c      0x1d4 /home/yuan/gcc-arm-none-eabi-5_4-2016q3/bin/../lib/gcc/arm-none-eabi/5.4.1/armv6-m/libgcc.a(_divsi3.o)
                0x0800022c                __aeabi_idiv
                0x0800022c                __divsi3
                0x080003f8                __aeabi_idivmod
 .text          0x08000400        0x4 /home/yuan/gcc-arm-none-eabi-5_4-2016q3/bin/../lib/gcc/arm-none-eabi/5.4.1/armv6-m/libgcc.a(_dvmd_tls.o)
                0x08000400                __aeabi_ldiv0
                0x08000400                __aeabi_idiv0
 *(.text*)
 .text.ssd1306_WriteCommand
                0x08000404       0x2c Build/ssd1306.o
                0x08000404                ssd1306_WriteCommand
 .text.ssd1306_WriteData
                0x08000430       0x24 Build/ssd1306.o
                0x08000430                ssd1306_WriteData
 .text.is_ssd1306_ready
                0x08000454       0x18 Build/ssd1306.o
                0x08000454                is_ssd1306_ready
 .text.ssd1306_Fill
                0x0800046c       0x24 Build/ssd1306.o
                0x0800046c                ssd1306_Fill
 .text.ssd1306_UpdateScreen
                0x08000490       0x38 Build/ssd1306.o
                0x08000490                ssd1306_UpdateScreen
 .text.ssd1306_DrawPixel
                0x080004c8       0x44 Build/ssd1306.o
                0x080004c8                ssd1306_DrawPixel
 .text.ssd1306_WriteChar
                0x0800050c       0xc4 Build/ssd1306.o
                0x0800050c                ssd1306_WriteChar
 .text.ssd1306_WriteString
                0x080005d0       0x2c Build/ssd1306.o
                0x080005d0                ssd1306_WriteString
 .text.ssd1306_SetCursor
                0x080005fc        0xc Build/ssd1306.o
                0x080005fc                ssd1306_SetCursor
 .text.ssd1306_SetContrast
                0x08000608       0x14 Build/ssd1306.o
                0x08000608                ssd1306_SetContrast
 .text.ssd1306_SetDisplayOn
                0x0800061c       0x24 Build/ssd1306.o
                0x0800061c                ssd1306_SetDisplayOn
 .text.ssd1306_Init
                0x08000640       0xd4 Build/ssd1306.o
                0x08000640                ssd1306_Init
 .text.MX_GPIO_Init
                0x08000714       0x9c Build/main.o
 .text.Error_Handler
                0x080007b0       0x30 Build/main.o
                0x080007b0                Error_Handler
 .text.MX_I2C1_Init
                0x080007e0       0x58 Build/main.o
 .text.MX_USART1_UART_Init
                0x08000838       0x68 Build/main.o
 .text.SystemClock_Config
                0x080008a0       0x78 Build/main.o
                0x080008a0                SystemClock_Config
 .text.main     0x08000918       0x20 Build/main.o
                0x08000918                main
 .text._write   0x08000938       0x18 Build/board.o
                0x08000938                _write
 .text.i2c_scan
                0x08000950       0x50 Build/board.o
                0x08000950                i2c_scan
 .text.task_1   0x080009a0       0x10 Build/board.o
                0x080009a0                task_1
 .text.ssd1306_show
                0x080009b0       0x5c Build/board.o
                0x080009b0                ssd1306_show
 .text.BOARD_Init
                0x08000a0c       0x40 Build/board.o
                0x08000a0c                BOARD_Init
 .text.BOARD_Loop
                0x08000a4c       0x4c Build/board.o
                0x08000a4c                BOARD_Loop
 .text.NMI_Handler
                0x08000a98        0x4 Build/stm32g0xx_it.o
                0x08000a98                NMI_Handler
 .text.HardFault_Handler
                0x08000a9c        0x4 Build/stm32g0xx_it.o
                0x08000a9c                HardFault_Handler
 .text.SVC_Handler
                0x08000aa0        0x4 Build/stm32g0xx_it.o
                0x08000aa0                SVC_Handler
 .text.PendSV_Handler
                0x08000aa4        0x4 Build/stm32g0xx_it.o
                0x08000aa4                PendSV_Handler
 .text.SysTick_Handler
                0x08000aa8        0x8 Build/stm32g0xx_it.o
                0x08000aa8                SysTick_Handler
 .text.HAL_MspInit
                0x08000ab0       0x38 Build/stm32g0xx_hal_msp.o
                0x08000ab0                HAL_MspInit
 .text.HAL_I2C_MspInit
                0x08000ae8       0x84 Build/stm32g0xx_hal_msp.o
                0x08000ae8                HAL_I2C_MspInit
 .text.HAL_UART_MspInit
                0x08000b6c       0x80 Build/stm32g0xx_hal_msp.o
                0x08000b6c                HAL_UART_MspInit
 .text.I2C_Flush_TXDR
                0x08000bec       0x20 Build/stm32g0xx_hal_i2c.o
 .text.I2C_TransferConfig
                0x08000c0c       0x34 Build/stm32g0xx_hal_i2c.o
 .text.I2C_IsErrorOccurred
                0x08000c40      0x110 Build/stm32g0xx_hal_i2c.o
 .text.I2C_WaitOnTXISFlagUntilTimeout
                0x08000d50       0x54 Build/stm32g0xx_hal_i2c.o
 .text.I2C_WaitOnFlagUntilTimeout
                0x08000da4       0x50 Build/stm32g0xx_hal_i2c.o
 .text.I2C_RequestMemoryWrite
                0x08000df4       0x74 Build/stm32g0xx_hal_i2c.o
 .text.I2C_WaitOnSTOPFlagUntilTimeout
                0x08000e68       0x50 Build/stm32g0xx_hal_i2c.o
 .text.HAL_I2C_Init
                0x08000eb8       0xc8 Build/stm32g0xx_hal_i2c.o
                0x08000eb8                HAL_I2C_Init
 .text.HAL_I2C_Mem_Write
                0x08000f80      0x1a4 Build/stm32g0xx_hal_i2c.o
                0x08000f80                HAL_I2C_Mem_Write
 .text.HAL_I2C_IsDeviceReady
                0x08001124      0x180 Build/stm32g0xx_hal_i2c.o
                0x08001124                HAL_I2C_IsDeviceReady
 .text.HAL_I2CEx_ConfigAnalogFilter
                0x080012a4       0x58 Build/stm32g0xx_hal_i2c_ex.o
                0x080012a4                HAL_I2CEx_ConfigAnalogFilter
 .text.HAL_I2CEx_ConfigDigitalFilter
                0x080012fc       0x54 Build/stm32g0xx_hal_i2c_ex.o
                0x080012fc                HAL_I2CEx_ConfigDigitalFilter
 .text.HAL_RCC_OscConfig
                0x08001350      0x4dc Build/stm32g0xx_hal_rcc.o
                0x08001350                HAL_RCC_OscConfig
 .text.HAL_RCC_GetSysClockFreq
                0x0800182c       0xb8 Build/stm32g0xx_hal_rcc.o
                0x0800182c                HAL_RCC_GetSysClockFreq
 .text.HAL_RCC_ClockConfig
                0x080018e4      0x19c Build/stm32g0xx_hal_rcc.o
                0x080018e4                HAL_RCC_ClockConfig
 .text.HAL_RCC_GetHCLKFreq
                0x08001a80        0xc Build/stm32g0xx_hal_rcc.o
                0x08001a80                HAL_RCC_GetHCLKFreq
 .text.HAL_RCC_GetPCLK1Freq
                0x08001a8c       0x28 Build/stm32g0xx_hal_rcc.o
                0x08001a8c                HAL_RCC_GetPCLK1Freq
 .text.HAL_RCCEx_PeriphCLKConfig
                0x08001ab4      0x18c Build/stm32g0xx_hal_rcc_ex.o
                0x08001ab4                HAL_RCCEx_PeriphCLKConfig
 .text.HAL_GPIO_Init
                0x08001c40      0x16c Build/stm32g0xx_hal_gpio.o
                0x08001c40                HAL_GPIO_Init
 .text.HAL_GPIO_WritePin
                0x08001dac        0xc Build/stm32g0xx_hal_gpio.o
                0x08001dac                HAL_GPIO_WritePin
 .text.HAL_GPIO_TogglePin
                0x08001db8       0x10 Build/stm32g0xx_hal_gpio.o
                0x08001db8                HAL_GPIO_TogglePin
 .text.HAL_PWREx_ControlVoltageScaling
                0x08001dc8       0x54 Build/stm32g0xx_hal_pwr_ex.o
                0x08001dc8                HAL_PWREx_ControlVoltageScaling
 .text.HAL_NVIC_SetPriority
                0x08001e1c       0x64 Build/stm32g0xx_hal_cortex.o
                0x08001e1c                HAL_NVIC_SetPriority
 .text.HAL_NVIC_SystemReset
                0x08001e80       0x1c Build/stm32g0xx_hal_cortex.o
                0x08001e80                HAL_NVIC_SystemReset
 .text.HAL_SYSTICK_Config
                0x08001e9c       0x38 Build/stm32g0xx_hal_cortex.o
                0x08001e9c                HAL_SYSTICK_Config
 .text.HAL_InitTick
                0x08001ed4       0x54 Build/stm32g0xx_hal.o
                0x08001ed4                HAL_InitTick
 .text.HAL_Init
                0x08001f28       0x28 Build/stm32g0xx_hal.o
                0x08001f28                HAL_Init
 .text.HAL_IncTick
                0x08001f50       0x18 Build/stm32g0xx_hal.o
                0x08001f50                HAL_IncTick
 .text.HAL_GetTick
                0x08001f68        0xc Build/stm32g0xx_hal.o
                0x08001f68                HAL_GetTick
 .text.HAL_Delay
                0x08001f74       0x24 Build/stm32g0xx_hal.o
                0x08001f74                HAL_Delay
 .text.HAL_SYSCFG_StrobeDBattpinsConfig
                0x08001f98       0x18 Build/stm32g0xx_hal.o
                0x08001f98                HAL_SYSCFG_StrobeDBattpinsConfig
 .text.UART_SetConfig
                0x08001fb0      0x1fc Build/stm32g0xx_hal_uart.o
                0x08001fb0                UART_SetConfig
 .text.UART_AdvFeatureConfig
                0x080021ac       0xe0 Build/stm32g0xx_hal_uart.o
                0x080021ac                UART_AdvFeatureConfig
 .text.UART_WaitOnFlagUntilTimeout
                0x0800228c       0xe0 Build/stm32g0xx_hal_uart.o
                0x0800228c                UART_WaitOnFlagUntilTimeout
 .text.HAL_UART_Transmit
                0x0800236c       0xdc Build/stm32g0xx_hal_uart.o
                0x0800236c                HAL_UART_Transmit
 .text.UART_CheckIdleState
                0x08002448       0x74 Build/stm32g0xx_hal_uart.o
                0x08002448                UART_CheckIdleState
 .text.HAL_UART_Init
                0x080024bc       0x6c Build/stm32g0xx_hal_uart.o
                0x080024bc                HAL_UART_Init
 .text.UARTEx_SetNbDataToProcess
                0x08002528       0x50 Build/stm32g0xx_hal_uart_ex.o
 .text.HAL_UARTEx_DisableFifoMode
                0x08002578       0x40 Build/stm32g0xx_hal_uart_ex.o
                0x08002578                HAL_UARTEx_DisableFifoMode
 .text.HAL_UARTEx_SetTxFifoThreshold
                0x080025b8       0x48 Build/stm32g0xx_hal_uart_ex.o
                0x080025b8                HAL_UARTEx_SetTxFifoThreshold
 .text.HAL_UARTEx_SetRxFifoThreshold
                0x08002600       0x4c Build/stm32g0xx_hal_uart_ex.o
                0x08002600                HAL_UARTEx_SetRxFifoThreshold
 .text.SystemInit
                0x0800264c        0x4 Build/system_stm32g0xx.o
                0x0800264c                SystemInit
 .text.Reset_Handler
                0x08002650       0x50 Build/startup_stm32g070xx.o
                0x08002650                Reset_Handler
 .text.Default_Handler
                0x080026a0        0x2 Build/startup_stm32g070xx.o
                0x080026a0                TIM1_CC_IRQHandler
                0x080026a0                TIM6_IRQHandler
                0x080026a0                I2C1_IRQHandler
                0x080026a0                RTC_TAMP_IRQHandler
                0x080026a0                SPI1_IRQHandler
                0x080026a0                USART3_4_IRQHandler
                0x080026a0                EXTI2_3_IRQHandler
                0x080026a0                ADC1_IRQHandler
                0x080026a0                I2C2_IRQHandler
                0x080026a0                TIM17_IRQHandler
                0x080026a0                TIM16_IRQHandler
                0x080026a0                TIM3_IRQHandler
                0x080026a0                EXTI4_15_IRQHandler
                0x080026a0                RCC_IRQHandler
                0x080026a0                DMA1_Channel1_IRQHandler
                0x080026a0                Default_Handler
                0x080026a0                TIM14_IRQHandler
                0x080026a0                TIM7_IRQHandler
                0x080026a0                TIM15_IRQHandler
                0x080026a0                EXTI0_1_IRQHandler
                0x080026a0                SPI2_IRQHandler
                0x080026a0                WWDG_IRQHandler
                0x080026a0                DMA1_Ch4_7_DMAMUX1_OVR_IRQHandler
                0x080026a0                DMA1_Channel2_3_IRQHandler
                0x080026a0                USART2_IRQHandler
                0x080026a0                FLASH_IRQHandler
                0x080026a0                USART1_IRQHandler
                0x080026a0                TIM1_BRK_UP_TRG_COM_IRQHandler
 *fill*         0x080026a2        0x2 
 .text.__libc_init_array
                0x080026a4       0x4c /home/yuan/gcc-arm-none-eabi-5_4-2016q3/bin/../lib/gcc/arm-none-eabi/5.4.1/../../../../arm-none-eabi/lib/armv6-m/libc_nano.a(lib_a-init.o)
                0x080026a4                __libc_init_array
 .text.memset   0x080026f0       0x10 /home/yuan/gcc-arm-none-eabi-5_4-2016q3/bin/../lib/gcc/arm-none-eabi/5.4.1/../../../../arm-none-eabi/lib/armv6-m/libc_nano.a(lib_a-memset.o)
                0x080026f0                memset
 .text.printf   0x08002700       0x34 /home/yuan/gcc-arm-none-eabi-5_4-2016q3/bin/../lib/gcc/arm-none-eabi/5.4.1/../../../../arm-none-eabi/lib/armv6-m/libc_nano.a(lib_a-printf.o)
                0x08002700                printf
                0x08002700                iprintf
 .text.putchar  0x08002734       0x28 /home/yuan/gcc-arm-none-eabi-5_4-2016q3/bin/../lib/gcc/arm-none-eabi/5.4.1/../../../../arm-none-eabi/lib/armv6-m/libc_nano.a(lib_a-putchar.o)
                0x08002734                putchar
 .text._puts_r  0x0800275c       0xc4 /home/yuan/gcc-arm-none-eabi-5_4-2016q3/bin/../lib/gcc/arm-none-eabi/5.4.1/../../../../arm-none-eabi/lib/armv6-m/libc_nano.a(lib_a-puts.o)
                0x0800275c                _puts_r
 .text.puts     0x08002820       0x14 /home/yuan/gcc-arm-none-eabi-5_4-2016q3/bin/../lib/gcc/arm-none-eabi/5.4.1/../../../../arm-none-eabi/lib/armv6-m/libc_nano.a(lib_a-puts.o)
                0x08002820                puts
 .text.__swbuf_r
                0x08002834       0xac /home/yuan/gcc-arm-none-eabi-5_4-2016q3/bin/../lib/gcc/arm-none-eabi/5.4.1/../../../../arm-none-eabi/lib/armv6-m/libc_nano.a(lib_a-wbuf.o)
                0x08002834                __swbuf_r
 .text.__swsetup_r
                0x080028e0       0xec /home/yuan/gcc-arm-none-eabi-5_4-2016q3/bin/../lib/gcc/arm-none-eabi/5.4.1/../../../../arm-none-eabi/lib/armv6-m/libc_nano.a(lib_a-wsetup.o)
                0x080028e0                __swsetup_r
 .text.__sflush_r
                0x080029cc      0x10c /home/yuan/gcc-arm-none-eabi-5_4-2016q3/bin/../lib/gcc/arm-none-eabi/5.4.1/../../../../arm-none-eabi/lib/armv6-m/libc_nano.a(lib_a-fflush.o)
                0x080029cc                __sflush_r
 .text._fflush_r
                0x08002ad8       0x58 /home/yuan/gcc-arm-none-eabi-5_4-2016q3/bin/../lib/gcc/arm-none-eabi/5.4.1/../../../../arm-none-eabi/lib/armv6-m/libc_nano.a(lib_a-fflush.o)
                0x08002ad8                _fflush_r
 .text._cleanup_r
                0x08002b30       0x10 /home/yuan/gcc-arm-none-eabi-5_4-2016q3/bin/../lib/gcc/arm-none-eabi/5.4.1/../../../../arm-none-eabi/lib/armv6-m/libc_nano.a(lib_a-findfp.o)
                0x08002b30                _cleanup_r
 .text.std.isra.0
                0x08002b40       0x48 /home/yuan/gcc-arm-none-eabi-5_4-2016q3/bin/../lib/gcc/arm-none-eabi/5.4.1/../../../../arm-none-eabi/lib/armv6-m/libc_nano.a(lib_a-findfp.o)
 .text.__sfmoreglue
                0x08002b88       0x2c /home/yuan/gcc-arm-none-eabi-5_4-2016q3/bin/../lib/gcc/arm-none-eabi/5.4.1/../../../../arm-none-eabi/lib/armv6-m/libc_nano.a(lib_a-findfp.o)
                0x08002b88                __sfmoreglue
 .text.__sinit  0x08002bb4       0x68 /home/yuan/gcc-arm-none-eabi-5_4-2016q3/bin/../lib/gcc/arm-none-eabi/5.4.1/../../../../arm-none-eabi/lib/armv6-m/libc_nano.a(lib_a-findfp.o)
                0x08002bb4                __sinit
 .text.__sfp    0x08002c1c       0x7c /home/yuan/gcc-arm-none-eabi-5_4-2016q3/bin/../lib/gcc/arm-none-eabi/5.4.1/../../../../arm-none-eabi/lib/armv6-m/libc_nano.a(lib_a-findfp.o)
                0x08002c1c                __sfp
 .text._fwalk_reent
                0x08002c98       0x42 /home/yuan/gcc-arm-none-eabi-5_4-2016q3/bin/../lib/gcc/arm-none-eabi/5.4.1/../../../../arm-none-eabi/lib/armv6-m/libc_nano.a(lib_a-fwalk.o)
                0x08002c98                _fwalk_reent
 *fill*         0x08002cda        0x2 
 .text.__swhatbuf_r
                0x08002cdc       0x4c /home/yuan/gcc-arm-none-eabi-5_4-2016q3/bin/../lib/gcc/arm-none-eabi/5.4.1/../../../../arm-none-eabi/lib/armv6-m/libc_nano.a(lib_a-makebuf.o)
                0x08002cdc                __swhatbuf_r
 .text.__smakebuf_r
                0x08002d28       0x7c /home/yuan/gcc-arm-none-eabi-5_4-2016q3/bin/../lib/gcc/arm-none-eabi/5.4.1/../../../../arm-none-eabi/lib/armv6-m/libc_nano.a(lib_a-makebuf.o)
                0x08002d28                __smakebuf_r
 .text._free_r  0x08002da4       0x98 /home/yuan/gcc-arm-none-eabi-5_4-2016q3/bin/../lib/gcc/arm-none-eabi/5.4.1/../../../../arm-none-eabi/lib/armv6-m/libc_nano.a(lib_a-nano-freer.o)
                0x08002da4                _free_r
 .text._malloc_r
                0x08002e3c       0xc0 /home/yuan/gcc-arm-none-eabi-5_4-2016q3/bin/../lib/gcc/arm-none-eabi/5.4.1/../../../../arm-none-eabi/lib/armv6-m/libc_nano.a(lib_a-nano-mallocr.o)
                0x08002e3c                _malloc_r
 .text.__sfputc_r
                0x08002efc       0x2a /home/yuan/gcc-arm-none-eabi-5_4-2016q3/bin/../lib/gcc/arm-none-eabi/5.4.1/../../../../arm-none-eabi/lib/armv6-m/libc_nano.a(lib_a-nano-vfprintf.o)
 .text.__sfputs_r
                0x08002f26       0x24 /home/yuan/gcc-arm-none-eabi-5_4-2016q3/bin/../lib/gcc/arm-none-eabi/5.4.1/../../../../arm-none-eabi/lib/armv6-m/libc_nano.a(lib_a-nano-vfprintf.o)
                0x08002f26                __sfputs_r
 *fill*         0x08002f4a        0x2 
 .text._vfprintf_r
                0x08002f4c      0x238 /home/yuan/gcc-arm-none-eabi-5_4-2016q3/bin/../lib/gcc/arm-none-eabi/5.4.1/../../../../arm-none-eabi/lib/armv6-m/libc_nano.a(lib_a-nano-vfprintf.o)
                0x08002f4c                _vfiprintf_r
                0x08002f4c                _vfprintf_r
 .text._printf_common
                0x08003184       0xdc /home/yuan/gcc-arm-none-eabi-5_4-2016q3/bin/../lib/gcc/arm-none-eabi/5.4.1/../../../../arm-none-eabi/lib/armv6-m/libc_nano.a(lib_a-nano-vfprintf_i.o)
                0x08003184                _printf_common
 .text._printf_i
                0x08003260      0x244 /home/yuan/gcc-arm-none-eabi-5_4-2016q3/bin/../lib/gcc/arm-none-eabi/5.4.1/../../../../arm-none-eabi/lib/armv6-m/libc_nano.a(lib_a-nano-vfprintf_i.o)
                0x08003260                _printf_i
 .text._putc_r  0x080034a4       0x6c /home/yuan/gcc-arm-none-eabi-5_4-2016q3/bin/../lib/gcc/arm-none-eabi/5.4.1/../../../../arm-none-eabi/lib/armv6-m/libc_nano.a(lib_a-putc.o)
                0x080034a4                _putc_r
 .text._sbrk_r  0x08003510       0x24 /home/yuan/gcc-arm-none-eabi-5_4-2016q3/bin/../lib/gcc/arm-none-eabi/5.4.1/../../../../arm-none-eabi/lib/armv6-m/libc_nano.a(lib_a-sbrkr.o)
                0x08003510                _sbrk_r
 .text.__sread  0x08003534       0x28 /home/yuan/gcc-arm-none-eabi-5_4-2016q3/bin/../lib/gcc/arm-none-eabi/5.4.1/../../../../arm-none-eabi/lib/armv6-m/libc_nano.a(lib_a-stdio.o)
                0x08003534                __sread
 .text.__swrite
                0x0800355c       0x38 /home/yuan/gcc-arm-none-eabi-5_4-2016q3/bin/../lib/gcc/arm-none-eabi/5.4.1/../../../../arm-none-eabi/lib/armv6-m/libc_nano.a(lib_a-stdio.o)
                0x0800355c                __swrite
 .text.__sseek  0x08003594       0x2c /home/yuan/gcc-arm-none-eabi-5_4-2016q3/bin/../lib/gcc/arm-none-eabi/5.4.1/../../../../arm-none-eabi/lib/armv6-m/libc_nano.a(lib_a-stdio.o)
                0x08003594                __sseek
 .text.__sclose
                0x080035c0        0xc /home/yuan/gcc-arm-none-eabi-5_4-2016q3/bin/../lib/gcc/arm-none-eabi/5.4.1/../../../../arm-none-eabi/lib/armv6-m/libc_nano.a(lib_a-stdio.o)
                0x080035c0                __sclose
 .text._write_r
                0x080035cc       0x28 /home/yuan/gcc-arm-none-eabi-5_4-2016q3/bin/../lib/gcc/arm-none-eabi/5.4.1/../../../../arm-none-eabi/lib/armv6-m/libc_nano.a(lib_a-writer.o)
                0x080035cc                _write_r
 .text._close_r
                0x080035f4       0x24 /home/yuan/gcc-arm-none-eabi-5_4-2016q3/bin/../lib/gcc/arm-none-eabi/5.4.1/../../../../arm-none-eabi/lib/armv6-m/libc_nano.a(lib_a-closer.o)
                0x080035f4                _close_r
 .text._fstat_r
                0x08003618       0x24 /home/yuan/gcc-arm-none-eabi-5_4-2016q3/bin/../lib/gcc/arm-none-eabi/5.4.1/../../../../arm-none-eabi/lib/armv6-m/libc_nano.a(lib_a-fstatr.o)
                0x08003618                _fstat_r
 .text._isatty_r
                0x0800363c       0x24 /home/yuan/gcc-arm-none-eabi-5_4-2016q3/bin/../lib/gcc/arm-none-eabi/5.4.1/../../../../arm-none-eabi/lib/armv6-m/libc_nano.a(lib_a-isattyr.o)
                0x0800363c                _isatty_r
 .text._lseek_r
                0x08003660       0x28 /home/yuan/gcc-arm-none-eabi-5_4-2016q3/bin/../lib/gcc/arm-none-eabi/5.4.1/../../../../arm-none-eabi/lib/armv6-m/libc_nano.a(lib_a-lseekr.o)
                0x08003660                _lseek_r
 .text.memchr   0x08003688       0x16 /home/yuan/gcc-arm-none-eabi-5_4-2016q3/bin/../lib/gcc/arm-none-eabi/5.4.1/../../../../arm-none-eabi/lib/armv6-m/libc_nano.a(lib_a-memchr-stub.o)
                0x08003688                memchr
 .text.__malloc_lock
                0x0800369e        0x2 /home/yuan/gcc-arm-none-eabi-5_4-2016q3/bin/../lib/gcc/arm-none-eabi/5.4.1/../../../../arm-none-eabi/lib/armv6-m/libc_nano.a(lib_a-mlock.o)
                0x0800369e                __malloc_lock
 .text.__malloc_unlock
                0x080036a0        0x2 /home/yuan/gcc-arm-none-eabi-5_4-2016q3/bin/../lib/gcc/arm-none-eabi/5.4.1/../../../../arm-none-eabi/lib/armv6-m/libc_nano.a(lib_a-mlock.o)
                0x080036a0                __malloc_unlock
 *fill*         0x080036a2        0x2 
 .text._read_r  0x080036a4       0x28 /home/yuan/gcc-arm-none-eabi-5_4-2016q3/bin/../lib/gcc/arm-none-eabi/5.4.1/../../../../arm-none-eabi/lib/armv6-m/libc_nano.a(lib_a-readr.o)
                0x080036a4                _read_r
 .text._close   0x080036cc       0x10 /home/yuan/gcc-arm-none-eabi-5_4-2016q3/bin/../lib/gcc/arm-none-eabi/5.4.1/../../../../arm-none-eabi/lib/armv6-m/libnosys.a(close.o)
                0x080036cc                _close
 .text._fstat   0x080036dc       0x10 /home/yuan/gcc-arm-none-eabi-5_4-2016q3/bin/../lib/gcc/arm-none-eabi/5.4.1/../../../../arm-none-eabi/lib/armv6-m/libnosys.a(fstat.o)
                0x080036dc                _fstat
 .text._isatty  0x080036ec       0x10 /home/yuan/gcc-arm-none-eabi-5_4-2016q3/bin/../lib/gcc/arm-none-eabi/5.4.1/../../../../arm-none-eabi/lib/armv6-m/libnosys.a(isatty.o)
                0x080036ec                _isatty
 .text._lseek   0x080036fc       0x10 /home/yuan/gcc-arm-none-eabi-5_4-2016q3/bin/../lib/gcc/arm-none-eabi/5.4.1/../../../../arm-none-eabi/lib/armv6-m/libnosys.a(lseek.o)
                0x080036fc                _lseek
 .text._read    0x0800370c       0x10 /home/yuan/gcc-arm-none-eabi-5_4-2016q3/bin/../lib/gcc/arm-none-eabi/5.4.1/../../../../arm-none-eabi/lib/armv6-m/libnosys.a(read.o)
                0x0800370c                _read
 .text._sbrk    0x0800371c       0x1c /home/yuan/gcc-arm-none-eabi-5_4-2016q3/bin/../lib/gcc/arm-none-eabi/5.4.1/../../../../arm-none-eabi/lib/armv6-m/libnosys.a(sbrk.o)
                0x0800371c                _sbrk
 *(.glue_7)
 .glue_7        0x08003738        0x0 linker stubs
 *(.glue_7t)
 .glue_7t       0x08003738        0x0 linker stubs
 *(.eh_frame)
 .eh_frame      0x08003738        0x0 /home/yuan/gcc-arm-none-eabi-5_4-2016q3/bin/../lib/gcc/arm-none-eabi/5.4.1/armv6-m/crtbegin.o
 *(.init)
 .init          0x08003738        0x4 /home/yuan/gcc-arm-none-eabi-5_4-2016q3/bin/../lib/gcc/arm-none-eabi/5.4.1/armv6-m/crti.o
                0x08003738                _init
 .init          0x0800373c        0x8 /home/yuan/gcc-arm-none-eabi-5_4-2016q3/bin/../lib/gcc/arm-none-eabi/5.4.1/armv6-m/crtn.o
 *(.fini)
 .fini          0x08003744        0x4 /home/yuan/gcc-arm-none-eabi-5_4-2016q3/bin/../lib/gcc/arm-none-eabi/5.4.1/armv6-m/crti.o
                0x08003744                _fini
 .fini          0x08003748        0x8 /home/yuan/gcc-arm-none-eabi-5_4-2016q3/bin/../lib/gcc/arm-none-eabi/5.4.1/armv6-m/crtn.o
                0x08003750                . = ALIGN (0x4)
                0x08003750                _etext = .

.vfp11_veneer   0x08003750        0x0
 .vfp11_veneer  0x08003750        0x0 linker stubs

.v4_bx          0x08003750        0x0
 .v4_bx         0x08003750        0x0 linker stubs

.iplt           0x08003750        0x0
 .iplt          0x08003750        0x0 /home/yuan/gcc-arm-none-eabi-5_4-2016q3/bin/../lib/gcc/arm-none-eabi/5.4.1/armv6-m/crtbegin.o

.rodata         0x08003750      0xf44
                0x08003750                . = ALIGN (0x4)
 *(.rodata)
 *(.rodata*)
 .rodata.Font11x18
                0x08003750      0xd5c Build/ssd1306_fonts.o
 .rodata.str1.4
                0x080044ac       0xc8 Build/board.o
                                 0xc7 (size before relaxing)
 .rodata.UARTPrescTable
                0x08004574       0x18 Build/stm32g0xx_hal_uart.o
                0x08004574                UARTPrescTable
 .rodata.numerator.6928
                0x0800458c        0x8 Build/stm32g0xx_hal_uart_ex.o
 .rodata.denominator.6929
                0x08004594        0x8 Build/stm32g0xx_hal_uart_ex.o
 .rodata.AHBPrescTable
                0x0800459c       0x40 Build/system_stm32g0xx.o
                0x0800459c                AHBPrescTable
 .rodata.APBPrescTable
                0x080045dc       0x20 Build/system_stm32g0xx.o
                0x080045dc                APBPrescTable
 .rodata._global_impure_ptr
                0x080045fc        0x4 /home/yuan/gcc-arm-none-eabi-5_4-2016q3/bin/../lib/gcc/arm-none-eabi/5.4.1/../../../../arm-none-eabi/lib/armv6-m/libc_nano.a(lib_a-impure.o)
                0x080045fc                _global_impure_ptr
 .rodata.__sf_fake_stdin
                0x08004600       0x20 /home/yuan/gcc-arm-none-eabi-5_4-2016q3/bin/../lib/gcc/arm-none-eabi/5.4.1/../../../../arm-none-eabi/lib/armv6-m/libc_nano.a(lib_a-findfp.o)
                0x08004600                __sf_fake_stdin
 .rodata.__sf_fake_stdout
                0x08004620       0x20 /home/yuan/gcc-arm-none-eabi-5_4-2016q3/bin/../lib/gcc/arm-none-eabi/5.4.1/../../../../arm-none-eabi/lib/armv6-m/libc_nano.a(lib_a-findfp.o)
                0x08004620                __sf_fake_stdout
 .rodata.__sf_fake_stderr
                0x08004640       0x20 /home/yuan/gcc-arm-none-eabi-5_4-2016q3/bin/../lib/gcc/arm-none-eabi/5.4.1/../../../../arm-none-eabi/lib/armv6-m/libc_nano.a(lib_a-findfp.o)
                0x08004640                __sf_fake_stderr
 .rodata.str1.1
                0x08004660       0x11 /home/yuan/gcc-arm-none-eabi-5_4-2016q3/bin/../lib/gcc/arm-none-eabi/5.4.1/../../../../arm-none-eabi/lib/armv6-m/libc_nano.a(lib_a-nano-vfprintf.o)
 .rodata.str1.1
                0x08004671       0x22 /home/yuan/gcc-arm-none-eabi-5_4-2016q3/bin/../lib/gcc/arm-none-eabi/5.4.1/../../../../arm-none-eabi/lib/armv6-m/libc_nano.a(lib_a-nano-vfprintf_i.o)
                0x08004694                . = ALIGN (0x4)
 *fill*         0x08004693        0x1 

.rel.dyn        0x08004694        0x0
 .rel.iplt      0x08004694        0x0 /home/yuan/gcc-arm-none-eabi-5_4-2016q3/bin/../lib/gcc/arm-none-eabi/5.4.1/armv6-m/crtbegin.o

.ARM.extab
 *(.ARM.extab* .gnu.linkonce.armextab.*)

.ARM            0x08004694        0x0
                0x08004694                __exidx_start = .
 *(.ARM.exidx*)
                0x08004694                __exidx_end = .

.preinit_array  0x08004694        0x0
                0x08004694                PROVIDE (__preinit_array_start, .)
 *(.preinit_array*)
                0x08004694                PROVIDE (__preinit_array_end, .)

.init_array     0x08004694        0x4
                0x08004694                PROVIDE (__init_array_start, .)
 *(SORT(.init_array.*))
 *(.init_array*)
 .init_array    0x08004694        0x4 /home/yuan/gcc-arm-none-eabi-5_4-2016q3/bin/../lib/gcc/arm-none-eabi/5.4.1/armv6-m/crtbegin.o
                0x08004698                PROVIDE (__init_array_end, .)

.fini_array     0x08004698        0x4
                [!provide]                PROVIDE (__fini_array_start, .)
 *(SORT(.fini_array.*))
 *(.fini_array*)
 .fini_array    0x08004698        0x4 /home/yuan/gcc-arm-none-eabi-5_4-2016q3/bin/../lib/gcc/arm-none-eabi/5.4.1/armv6-m/crtbegin.o
                [!provide]                PROVIDE (__fini_array_end, .)
                0x0800469c                _sidata = LOADADDR (.data)

.data           0x20000000       0x9c load address 0x0800469c
                0x20000000                . = ALIGN (0x4)
                0x20000000                _sdata = .
 *(.data)
 *(.data*)
 .data.Font_11x18
                0x20000000        0x8 Build/ssd1306_fonts.o
                0x20000000                Font_11x18
 .data.line_2_str
                0x20000008        0xa Build/board.o
 *fill*         0x20000012        0x2 
 .data.line_3_str
                0x20000014        0xa Build/board.o
 *fill*         0x2000001e        0x2 
 .data.line_1_str
                0x20000020        0xa Build/board.o
 *fill*         0x2000002a        0x2 
 .data.uwTickPrio
                0x2000002c        0x4 Build/stm32g0xx_hal.o
                0x2000002c                uwTickPrio
 .data.uwTickFreq
                0x20000030        0x1 Build/stm32g0xx_hal.o
                0x20000030                uwTickFreq
 *fill*         0x20000031        0x3 
 .data.SystemCoreClock
                0x20000034        0x4 Build/system_stm32g0xx.o
                0x20000034                SystemCoreClock
 .data.impure_data
                0x20000038       0x60 /home/yuan/gcc-arm-none-eabi-5_4-2016q3/bin/../lib/gcc/arm-none-eabi/5.4.1/../../../../arm-none-eabi/lib/armv6-m/libc_nano.a(lib_a-impure.o)
 .data._impure_ptr
                0x20000098        0x4 /home/yuan/gcc-arm-none-eabi-5_4-2016q3/bin/../lib/gcc/arm-none-eabi/5.4.1/../../../../arm-none-eabi/lib/armv6-m/libc_nano.a(lib_a-impure.o)
                0x20000098                _impure_ptr
                0x2000009c                . = ALIGN (0x4)
                0x2000009c                _edata = .

.jcr            0x2000009c        0x0 load address 0x08004738
 .jcr           0x2000009c        0x0 /home/yuan/gcc-arm-none-eabi-5_4-2016q3/bin/../lib/gcc/arm-none-eabi/5.4.1/armv6-m/crtbegin.o

.igot.plt       0x2000009c        0x0 load address 0x08004738
 .igot.plt      0x2000009c        0x0 /home/yuan/gcc-arm-none-eabi-5_4-2016q3/bin/../lib/gcc/arm-none-eabi/5.4.1/armv6-m/crtbegin.o
                0x2000009c                . = ALIGN (0x4)

.bss            0x2000009c      0x520 load address 0x08004738
                0x2000009c                _sbss = .
                0x2000009c                __bss_start__ = _sbss
 *(.bss)
 .bss           0x2000009c       0x1c /home/yuan/gcc-arm-none-eabi-5_4-2016q3/bin/../lib/gcc/arm-none-eabi/5.4.1/armv6-m/crtbegin.o
 *(.bss*)
 .bss.SSD1306_Buffer
                0x200000b8      0x400 Build/ssd1306.o
 .bss.SSD1306   0x200004b8        0x6 Build/ssd1306.o
 *fill*         0x200004be        0x2 
 .bss.__malloc_sbrk_start
                0x200004c0        0x4 /home/yuan/gcc-arm-none-eabi-5_4-2016q3/bin/../lib/gcc/arm-none-eabi/5.4.1/../../../../arm-none-eabi/lib/armv6-m/libc_nano.a(lib_a-nano-mallocr.o)
                0x200004c0                __malloc_sbrk_start
 .bss.__malloc_free_list
                0x200004c4        0x4 /home/yuan/gcc-arm-none-eabi-5_4-2016q3/bin/../lib/gcc/arm-none-eabi/5.4.1/../../../../arm-none-eabi/lib/armv6-m/libc_nano.a(lib_a-nano-mallocr.o)
                0x200004c4                __malloc_free_list
 .bss.heap_end.4167
                0x200004c8        0x4 /home/yuan/gcc-arm-none-eabi-5_4-2016q3/bin/../lib/gcc/arm-none-eabi/5.4.1/../../../../arm-none-eabi/lib/armv6-m/libnosys.a(sbrk.o)
 *(COMMON)
 COMMON         0x200004cc       0xe8 Build/main.o
                0x200004cc                hi2c1
                0x20000520                huart1
 COMMON         0x200005b4        0x4 Build/stm32g0xx_hal.o
                0x200005b4                uwTick
 COMMON         0x200005b8        0x4 /home/yuan/gcc-arm-none-eabi-5_4-2016q3/bin/../lib/gcc/arm-none-eabi/5.4.1/../../../../arm-none-eabi/lib/armv6-m/libc_nano.a(lib_a-reent.o)
                0x200005b8                errno
                0x200005bc                . = ALIGN (0x4)
                0x200005bc                _ebss = .
                0x200005bc                __bss_end__ = _ebss

._user_heap_stack
                0x200005bc      0x604 load address 0x08004738
                0x200005c0                . = ALIGN (0x8)
 *fill*         0x200005bc        0x4 
                0x200005c0                PROVIDE (end, .)
                [!provide]                PROVIDE (_end, .)
                0x200007c0                . = (. + _Min_Heap_Size)
 *fill*         0x200005c0      0x200 
                0x20000bc0                . = (. + _Min_Stack_Size)
 *fill*         0x200007c0      0x400 
                0x20000bc0                . = ALIGN (0x8)

/DISCARD/
 libc.a(*)
 libm.a(*)
 libgcc.a(*)

.ARM.attributes
                0x00000000       0x28
 *(.ARM.attributes)
 .ARM.attributes
                0x00000000       0x1e /home/yuan/gcc-arm-none-eabi-5_4-2016q3/bin/../lib/gcc/arm-none-eabi/5.4.1/armv6-m/crti.o
 .ARM.attributes
                0x0000001e       0x2c /home/yuan/gcc-arm-none-eabi-5_4-2016q3/bin/../lib/gcc/arm-none-eabi/5.4.1/armv6-m/crtbegin.o
 .ARM.attributes
                0x0000004a       0x32 Build/ssd1306.o
 .ARM.attributes
                0x0000007c       0x32 Build/ssd1306_fonts.o
 .ARM.attributes
                0x000000ae       0x32 Build/main.o
 .ARM.attributes
                0x000000e0       0x32 Build/board.o
 .ARM.attributes
                0x00000112       0x32 Build/stm32g0xx_it.o
 .ARM.attributes
                0x00000144       0x32 Build/stm32g0xx_hal_msp.o
 .ARM.attributes
                0x00000176       0x32 Build/stm32g0xx_hal_i2c.o
 .ARM.attributes
                0x000001a8       0x32 Build/stm32g0xx_hal_i2c_ex.o
 .ARM.attributes
                0x000001da       0x32 Build/stm32g0xx_hal_rcc.o
 .ARM.attributes
                0x0000020c       0x32 Build/stm32g0xx_hal_rcc_ex.o
 .ARM.attributes
                0x0000023e       0x32 Build/stm32g0xx_hal_gpio.o
 .ARM.attributes
                0x00000270       0x32 Build/stm32g0xx_hal_pwr_ex.o
 .ARM.attributes
                0x000002a2       0x32 Build/stm32g0xx_hal_cortex.o
 .ARM.attributes
                0x000002d4       0x32 Build/stm32g0xx_hal.o
 .ARM.attributes
                0x00000306       0x32 Build/stm32g0xx_hal_uart.o
 .ARM.attributes
                0x00000338       0x32 Build/stm32g0xx_hal_uart_ex.o
 .ARM.attributes
                0x0000036a       0x32 Build/system_stm32g0xx.o
 .ARM.attributes
                0x0000039c       0x22 Build/startup_stm32g070xx.o
 .ARM.attributes
                0x000003be       0x2c /home/yuan/gcc-arm-none-eabi-5_4-2016q3/bin/../lib/gcc/arm-none-eabi/5.4.1/../../../../arm-none-eabi/lib/armv6-m/libc_nano.a(lib_a-impure.o)
 .ARM.attributes
                0x000003ea       0x2c /home/yuan/gcc-arm-none-eabi-5_4-2016q3/bin/../lib/gcc/arm-none-eabi/5.4.1/../../../../arm-none-eabi/lib/armv6-m/libc_nano.a(lib_a-init.o)
 .ARM.attributes
                0x00000416       0x2c /home/yuan/gcc-arm-none-eabi-5_4-2016q3/bin/../lib/gcc/arm-none-eabi/5.4.1/../../../../arm-none-eabi/lib/armv6-m/libc_nano.a(lib_a-memset.o)
 .ARM.attributes
                0x00000442       0x2c /home/yuan/gcc-arm-none-eabi-5_4-2016q3/bin/../lib/gcc/arm-none-eabi/5.4.1/../../../../arm-none-eabi/lib/armv6-m/libc_nano.a(lib_a-printf.o)
 .ARM.attributes
                0x0000046e       0x2c /home/yuan/gcc-arm-none-eabi-5_4-2016q3/bin/../lib/gcc/arm-none-eabi/5.4.1/../../../../arm-none-eabi/lib/armv6-m/libc_nano.a(lib_a-putchar.o)
 .ARM.attributes
                0x0000049a       0x2c /home/yuan/gcc-arm-none-eabi-5_4-2016q3/bin/../lib/gcc/arm-none-eabi/5.4.1/../../../../arm-none-eabi/lib/armv6-m/libc_nano.a(lib_a-puts.o)
 .ARM.attributes
                0x000004c6       0x2c /home/yuan/gcc-arm-none-eabi-5_4-2016q3/bin/../lib/gcc/arm-none-eabi/5.4.1/../../../../arm-none-eabi/lib/armv6-m/libc_nano.a(lib_a-wbuf.o)
 .ARM.attributes
                0x000004f2       0x2c /home/yuan/gcc-arm-none-eabi-5_4-2016q3/bin/../lib/gcc/arm-none-eabi/5.4.1/../../../../arm-none-eabi/lib/armv6-m/libc_nano.a(lib_a-wsetup.o)
 .ARM.attributes
                0x0000051e       0x2c /home/yuan/gcc-arm-none-eabi-5_4-2016q3/bin/../lib/gcc/arm-none-eabi/5.4.1/../../../../arm-none-eabi/lib/armv6-m/libc_nano.a(lib_a-fflush.o)
 .ARM.attributes
                0x0000054a       0x2c /home/yuan/gcc-arm-none-eabi-5_4-2016q3/bin/../lib/gcc/arm-none-eabi/5.4.1/../../../../arm-none-eabi/lib/armv6-m/libc_nano.a(lib_a-findfp.o)
 .ARM.attributes
                0x00000576       0x2c /home/yuan/gcc-arm-none-eabi-5_4-2016q3/bin/../lib/gcc/arm-none-eabi/5.4.1/../../../../arm-none-eabi/lib/armv6-m/libc_nano.a(lib_a-fwalk.o)
 .ARM.attributes
                0x000005a2       0x2c /home/yuan/gcc-arm-none-eabi-5_4-2016q3/bin/../lib/gcc/arm-none-eabi/5.4.1/../../../../arm-none-eabi/lib/armv6-m/libc_nano.a(lib_a-makebuf.o)
 .ARM.attributes
                0x000005ce       0x2c /home/yuan/gcc-arm-none-eabi-5_4-2016q3/bin/../lib/gcc/arm-none-eabi/5.4.1/../../../../arm-none-eabi/lib/armv6-m/libc_nano.a(lib_a-nano-freer.o)
 .ARM.attributes
                0x000005fa       0x2c /home/yuan/gcc-arm-none-eabi-5_4-2016q3/bin/../lib/gcc/arm-none-eabi/5.4.1/../../../../arm-none-eabi/lib/armv6-m/libc_nano.a(lib_a-nano-mallocr.o)
 .ARM.attributes
                0x00000626       0x2c /home/yuan/gcc-arm-none-eabi-5_4-2016q3/bin/../lib/gcc/arm-none-eabi/5.4.1/../../../../arm-none-eabi/lib/armv6-m/libc_nano.a(lib_a-nano-vfprintf.o)
 .ARM.attributes
                0x00000652       0x2c /home/yuan/gcc-arm-none-eabi-5_4-2016q3/bin/../lib/gcc/arm-none-eabi/5.4.1/../../../../arm-none-eabi/lib/armv6-m/libc_nano.a(lib_a-nano-vfprintf_i.o)
 .ARM.attributes
                0x0000067e       0x2c /home/yuan/gcc-arm-none-eabi-5_4-2016q3/bin/../lib/gcc/arm-none-eabi/5.4.1/../../../../arm-none-eabi/lib/armv6-m/libc_nano.a(lib_a-putc.o)
 .ARM.attributes
                0x000006aa       0x2c /home/yuan/gcc-arm-none-eabi-5_4-2016q3/bin/../lib/gcc/arm-none-eabi/5.4.1/../../../../arm-none-eabi/lib/armv6-m/libc_nano.a(lib_a-sbrkr.o)
 .ARM.attributes
                0x000006d6       0x2c /home/yuan/gcc-arm-none-eabi-5_4-2016q3/bin/../lib/gcc/arm-none-eabi/5.4.1/../../../../arm-none-eabi/lib/armv6-m/libc_nano.a(lib_a-stdio.o)
 .ARM.attributes
                0x00000702       0x2c /home/yuan/gcc-arm-none-eabi-5_4-2016q3/bin/../lib/gcc/arm-none-eabi/5.4.1/../../../../arm-none-eabi/lib/armv6-m/libc_nano.a(lib_a-writer.o)
 .ARM.attributes
                0x0000072e       0x2c /home/yuan/gcc-arm-none-eabi-5_4-2016q3/bin/../lib/gcc/arm-none-eabi/5.4.1/../../../../arm-none-eabi/lib/armv6-m/libc_nano.a(lib_a-closer.o)
 .ARM.attributes
                0x0000075a       0x2c /home/yuan/gcc-arm-none-eabi-5_4-2016q3/bin/../lib/gcc/arm-none-eabi/5.4.1/../../../../arm-none-eabi/lib/armv6-m/libc_nano.a(lib_a-fstatr.o)
 .ARM.attributes
                0x00000786       0x2c /home/yuan/gcc-arm-none-eabi-5_4-2016q3/bin/../lib/gcc/arm-none-eabi/5.4.1/../../../../arm-none-eabi/lib/armv6-m/libc_nano.a(lib_a-isattyr.o)
 .ARM.attributes
                0x000007b2       0x2c /home/yuan/gcc-arm-none-eabi-5_4-2016q3/bin/../lib/gcc/arm-none-eabi/5.4.1/../../../../arm-none-eabi/lib/armv6-m/libc_nano.a(lib_a-lseekr.o)
 .ARM.attributes
                0x000007de       0x2c /home/yuan/gcc-arm-none-eabi-5_4-2016q3/bin/../lib/gcc/arm-none-eabi/5.4.1/../../../../arm-none-eabi/lib/armv6-m/libc_nano.a(lib_a-memchr-stub.o)
 .ARM.attributes
                0x0000080a       0x2c /home/yuan/gcc-arm-none-eabi-5_4-2016q3/bin/../lib/gcc/arm-none-eabi/5.4.1/../../../../arm-none-eabi/lib/armv6-m/libc_nano.a(lib_a-mlock.o)
 .ARM.attributes
                0x00000836       0x2c /home/yuan/gcc-arm-none-eabi-5_4-2016q3/bin/../lib/gcc/arm-none-eabi/5.4.1/../../../../arm-none-eabi/lib/armv6-m/libc_nano.a(lib_a-readr.o)
 .ARM.attributes
                0x00000862       0x2c /home/yuan/gcc-arm-none-eabi-5_4-2016q3/bin/../lib/gcc/arm-none-eabi/5.4.1/../../../../arm-none-eabi/lib/armv6-m/libc_nano.a(lib_a-reent.o)
 .ARM.attributes
                0x0000088e       0x2c /home/yuan/gcc-arm-none-eabi-5_4-2016q3/bin/../lib/gcc/arm-none-eabi/5.4.1/../../../../arm-none-eabi/lib/armv6-m/libnosys.a(close.o)
 .ARM.attributes
                0x000008ba       0x2c /home/yuan/gcc-arm-none-eabi-5_4-2016q3/bin/../lib/gcc/arm-none-eabi/5.4.1/../../../../arm-none-eabi/lib/armv6-m/libnosys.a(fstat.o)
 .ARM.attributes
                0x000008e6       0x2c /home/yuan/gcc-arm-none-eabi-5_4-2016q3/bin/../lib/gcc/arm-none-eabi/5.4.1/../../../../arm-none-eabi/lib/armv6-m/libnosys.a(isatty.o)
 .ARM.attributes
                0x00000912       0x2c /home/yuan/gcc-arm-none-eabi-5_4-2016q3/bin/../lib/gcc/arm-none-eabi/5.4.1/../../../../arm-none-eabi/lib/armv6-m/libnosys.a(lseek.o)
 .ARM.attributes
                0x0000093e       0x2c /home/yuan/gcc-arm-none-eabi-5_4-2016q3/bin/../lib/gcc/arm-none-eabi/5.4.1/../../../../arm-none-eabi/lib/armv6-m/libnosys.a(read.o)
 .ARM.attributes
                0x0000096a       0x2c /home/yuan/gcc-arm-none-eabi-5_4-2016q3/bin/../lib/gcc/arm-none-eabi/5.4.1/../../../../arm-none-eabi/lib/armv6-m/libnosys.a(sbrk.o)
 .ARM.attributes
                0x00000996       0x1e /home/yuan/gcc-arm-none-eabi-5_4-2016q3/bin/../lib/gcc/arm-none-eabi/5.4.1/armv6-m/libgcc.a(_udivsi3.o)
 .ARM.attributes
                0x000009b4       0x1e /home/yuan/gcc-arm-none-eabi-5_4-2016q3/bin/../lib/gcc/arm-none-eabi/5.4.1/armv6-m/libgcc.a(_divsi3.o)
 .ARM.attributes
                0x000009d2       0x1e /home/yuan/gcc-arm-none-eabi-5_4-2016q3/bin/../lib/gcc/arm-none-eabi/5.4.1/armv6-m/libgcc.a(_dvmd_tls.o)
 .ARM.attributes
                0x000009f0       0x1e /home/yuan/gcc-arm-none-eabi-5_4-2016q3/bin/../lib/gcc/arm-none-eabi/5.4.1/armv6-m/crtn.o
OUTPUT(Build/G070CBT6_Demo.elf elf32-littlearm)

.debug_info     0x00000000    0x14284
 .debug_info    0x00000000     0x17d5 Build/ssd1306.o
 .debug_info    0x000017d5      0x12d Build/ssd1306_fonts.o
 .debug_info    0x00001902     0x1503 Build/main.o
 .debug_info    0x00002e05     0x14cd Build/board.o
 .debug_info    0x000042d2      0x21c Build/stm32g0xx_it.o
 .debug_info    0x000044ee     0x120e Build/stm32g0xx_hal_msp.o
 .debug_info    0x000056fc     0x3f81 Build/stm32g0xx_hal_i2c.o
 .debug_info    0x0000967d      0xb93 Build/stm32g0xx_hal_i2c_ex.o
 .debug_info    0x0000a210      0xdd6 Build/stm32g0xx_hal_rcc.o
 .debug_info    0x0000afe6      0x989 Build/stm32g0xx_hal_rcc_ex.o
 .debug_info    0x0000b96f      0x6cb Build/stm32g0xx_hal_gpio.o
 .debug_info    0x0000c03a      0x5e9 Build/stm32g0xx_hal_pwr_ex.o
 .debug_info    0x0000c623      0xaa1 Build/stm32g0xx_hal_cortex.o
 .debug_info    0x0000d0c4      0xaa5 Build/stm32g0xx_hal.o
 .debug_info    0x0000db69     0x50ad Build/stm32g0xx_hal_uart.o
 .debug_info    0x00012c16     0x1202 Build/stm32g0xx_hal_uart_ex.o
 .debug_info    0x00013e18      0x409 Build/system_stm32g0xx.o
 .debug_info    0x00014221       0x63 Build/startup_stm32g070xx.o

.debug_abbrev   0x00000000     0x25eb
 .debug_abbrev  0x00000000      0x389 Build/ssd1306.o
 .debug_abbrev  0x00000389       0x91 Build/ssd1306_fonts.o
 .debug_abbrev  0x0000041a      0x261 Build/main.o
 .debug_abbrev  0x0000067b      0x28a Build/board.o
 .debug_abbrev  0x00000905      0x110 Build/stm32g0xx_it.o
 .debug_abbrev  0x00000a15      0x1d2 Build/stm32g0xx_hal_msp.o
 .debug_abbrev  0x00000be7      0x2b6 Build/stm32g0xx_hal_i2c.o
 .debug_abbrev  0x00000e9d      0x1d0 Build/stm32g0xx_hal_i2c_ex.o
 .debug_abbrev  0x0000106d      0x2a0 Build/stm32g0xx_hal_rcc.o
 .debug_abbrev  0x0000130d      0x232 Build/stm32g0xx_hal_rcc_ex.o
 .debug_abbrev  0x0000153f      0x22a Build/stm32g0xx_hal_gpio.o
 .debug_abbrev  0x00001769      0x209 Build/stm32g0xx_hal_pwr_ex.o
 .debug_abbrev  0x00001972      0x297 Build/stm32g0xx_hal_cortex.o
 .debug_abbrev  0x00001c09      0x282 Build/stm32g0xx_hal.o
 .debug_abbrev  0x00001e8b      0x30f Build/stm32g0xx_hal_uart.o
 .debug_abbrev  0x0000219a      0x2ee Build/stm32g0xx_hal_uart_ex.o
 .debug_abbrev  0x00002488      0x151 Build/system_stm32g0xx.o
 .debug_abbrev  0x000025d9       0x12 Build/startup_stm32g070xx.o

.debug_loc      0x00000000     0xae6d
 .debug_loc     0x00000000      0xe8e Build/ssd1306.o
 .debug_loc     0x00000e8e       0xec Build/main.o
 .debug_loc     0x00000f7a      0x20f Build/board.o
 .debug_loc     0x00001189       0x20 Build/stm32g0xx_it.o
 .debug_loc     0x000011a9      0x160 Build/stm32g0xx_hal_msp.o
 .debug_loc     0x00001309     0x48c8 Build/stm32g0xx_hal_i2c.o
 .debug_loc     0x00005bd1      0x305 Build/stm32g0xx_hal_i2c_ex.o
 .debug_loc     0x00005ed6      0x668 Build/stm32g0xx_hal_rcc.o
 .debug_loc     0x0000653e      0x6ec Build/stm32g0xx_hal_rcc_ex.o
 .debug_loc     0x00006c2a      0x320 Build/stm32g0xx_hal_gpio.o
 .debug_loc     0x00006f4a      0x2fe Build/stm32g0xx_hal_pwr_ex.o
 .debug_loc     0x00007248      0x440 Build/stm32g0xx_hal_cortex.o
 .debug_loc     0x00007688      0x251 Build/stm32g0xx_hal.o
 .debug_loc     0x000078d9     0x29d9 Build/stm32g0xx_hal_uart.o
 .debug_loc     0x0000a2b2      0xb1b Build/stm32g0xx_hal_uart_ex.o
 .debug_loc     0x0000adcd       0xa0 Build/system_stm32g0xx.o

.debug_aranges  0x00000000      0xb80
 .debug_aranges
                0x00000000       0xd0 Build/ssd1306.o
 .debug_aranges
                0x000000d0       0x18 Build/ssd1306_fonts.o
 .debug_aranges
                0x000000e8       0x48 Build/main.o
 .debug_aranges
                0x00000130       0x50 Build/board.o
 .debug_aranges
                0x00000180       0x40 Build/stm32g0xx_it.o
 .debug_aranges
                0x000001c0       0x40 Build/stm32g0xx_hal_msp.o
 .debug_aranges
                0x00000200      0x2a0 Build/stm32g0xx_hal_i2c.o
 .debug_aranges
                0x000004a0       0x48 Build/stm32g0xx_hal_i2c_ex.o
 .debug_aranges
                0x000004e8       0x98 Build/stm32g0xx_hal_rcc.o
 .debug_aranges
                0x00000580       0x40 Build/stm32g0xx_hal_rcc_ex.o
 .debug_aranges
                0x000005c0       0x60 Build/stm32g0xx_hal_gpio.o
 .debug_aranges
                0x00000620       0x98 Build/stm32g0xx_hal_pwr_ex.o
 .debug_aranges
                0x000006b8       0x90 Build/stm32g0xx_hal_cortex.o
 .debug_aranges
                0x00000748       0xf8 Build/stm32g0xx_hal.o
 .debug_aranges
                0x00000840      0x248 Build/stm32g0xx_hal_uart.o
 .debug_aranges
                0x00000a88       0xa8 Build/stm32g0xx_hal_uart_ex.o
 .debug_aranges
                0x00000b30       0x28 Build/system_stm32g0xx.o
 .debug_aranges
                0x00000b58       0x28 Build/startup_stm32g070xx.o

.debug_ranges   0x00000000      0xaa8
 .debug_ranges  0x00000000       0xd8 Build/ssd1306.o
 .debug_ranges  0x000000d8       0x38 Build/main.o
 .debug_ranges  0x00000110       0x40 Build/board.o
 .debug_ranges  0x00000150       0x30 Build/stm32g0xx_it.o
 .debug_ranges  0x00000180       0x30 Build/stm32g0xx_hal_msp.o
 .debug_ranges  0x000001b0      0x290 Build/stm32g0xx_hal_i2c.o
 .debug_ranges  0x00000440       0x38 Build/stm32g0xx_hal_i2c_ex.o
 .debug_ranges  0x00000478       0xa0 Build/stm32g0xx_hal_rcc.o
 .debug_ranges  0x00000518       0x48 Build/stm32g0xx_hal_rcc_ex.o
 .debug_ranges  0x00000560       0x50 Build/stm32g0xx_hal_gpio.o
 .debug_ranges  0x000005b0       0x88 Build/stm32g0xx_hal_pwr_ex.o
 .debug_ranges  0x00000638       0x80 Build/stm32g0xx_hal_cortex.o
 .debug_ranges  0x000006b8       0xe8 Build/stm32g0xx_hal.o
 .debug_ranges  0x000007a0      0x238 Build/stm32g0xx_hal_uart.o
 .debug_ranges  0x000009d8       0x98 Build/stm32g0xx_hal_uart_ex.o
 .debug_ranges  0x00000a70       0x18 Build/system_stm32g0xx.o
 .debug_ranges  0x00000a88       0x20 Build/startup_stm32g070xx.o

.debug_line     0x00000000     0x62e1
 .debug_line    0x00000000      0x57f Build/ssd1306.o
 .debug_line    0x0000057f       0xfd Build/ssd1306_fonts.o
 .debug_line    0x0000067c      0x35b Build/main.o
 .debug_line    0x000009d7      0x398 Build/board.o
 .debug_line    0x00000d6f      0x1a4 Build/stm32g0xx_it.o
 .debug_line    0x00000f13      0x2ac Build/stm32g0xx_hal_msp.o
 .debug_line    0x000011bf     0x16b9 Build/stm32g0xx_hal_i2c.o
 .debug_line    0x00002878      0x323 Build/stm32g0xx_hal_i2c_ex.o
 .debug_line    0x00002b9b      0x556 Build/stm32g0xx_hal_rcc.o
 .debug_line    0x000030f1      0x3e7 Build/stm32g0xx_hal_rcc_ex.o
 .debug_line    0x000034d8      0x30a Build/stm32g0xx_hal_gpio.o
 .debug_line    0x000037e2      0x397 Build/stm32g0xx_hal_pwr_ex.o
 .debug_line    0x00003b79      0x394 Build/stm32g0xx_hal_cortex.o
 .debug_line    0x00003f0d      0x424 Build/stm32g0xx_hal.o
 .debug_line    0x00004331     0x1765 Build/stm32g0xx_hal_uart.o
 .debug_line    0x00005a96      0x620 Build/stm32g0xx_hal_uart_ex.o
 .debug_line    0x000060b6      0x1b4 Build/system_stm32g0xx.o
 .debug_line    0x0000626a       0x77 Build/startup_stm32g070xx.o

.debug_str      0x00000000     0x3860
 .debug_str     0x00000000      0xabd Build/ssd1306.o
                                0xbce (size before relaxing)
 .debug_str     0x00000abd       0x36 Build/ssd1306_fonts.o
                                0x1df (size before relaxing)
 .debug_str     0x00000af3      0x669 Build/main.o
                                0xe74 (size before relaxing)
 .debug_str     0x0000115c      0x1fa Build/board.o
                                0xd76 (size before relaxing)
 .debug_str     0x00001356       0x6d Build/stm32g0xx_it.o
                                0x27a (size before relaxing)
 .debug_str     0x000013c3      0x175 Build/stm32g0xx_hal_msp.o
                                0xce5 (size before relaxing)
 .debug_str     0x00001538      0x8ac Build/stm32g0xx_hal_i2c.o
                               0x1123 (size before relaxing)
 .debug_str     0x00001de4       0xdb Build/stm32g0xx_hal_i2c_ex.o
                                0x9be (size before relaxing)
 .debug_str     0x00001ebf      0x289 Build/stm32g0xx_hal_rcc.o
                                0x7cb (size before relaxing)
 .debug_str     0x00002148      0x113 Build/stm32g0xx_hal_rcc_ex.o
                                0x637 (size before relaxing)
 .debug_str     0x0000225b      0x123 Build/stm32g0xx_hal_gpio.o
                                0x478 (size before relaxing)
 .debug_str     0x0000237e      0x253 Build/stm32g0xx_hal_pwr_ex.o
                                0x555 (size before relaxing)
 .debug_str     0x000025d1      0x4d6 Build/stm32g0xx_hal_cortex.o
                                0x79c (size before relaxing)
 .debug_str     0x00002aa7      0x2b7 Build/stm32g0xx_hal.o
                                0x8af (size before relaxing)
 .debug_str     0x00002d5e      0x876 Build/stm32g0xx_hal_uart.o
                               0x11b7 (size before relaxing)
 .debug_str     0x000035d4      0x24f Build/stm32g0xx_hal_uart_ex.o
                                0xbb2 (size before relaxing)
 .debug_str     0x00003823       0x3d Build/system_stm32g0xx.o
                                0x355 (size before relaxing)

.comment        0x00000000       0x6e
 .comment       0x00000000       0x6e Build/ssd1306.o
                                 0x6f (size before relaxing)
 .comment       0x0000006e       0x6f Build/ssd1306_fonts.o
 .comment       0x0000006e       0x6f Build/main.o
 .comment       0x0000006e       0x6f Build/board.o
 .comment       0x0000006e       0x6f Build/stm32g0xx_it.o
 .comment       0x0000006e       0x6f Build/stm32g0xx_hal_msp.o
 .comment       0x0000006e       0x6f Build/stm32g0xx_hal_i2c.o
 .comment       0x0000006e       0x6f Build/stm32g0xx_hal_i2c_ex.o
 .comment       0x0000006e       0x6f Build/stm32g0xx_hal_rcc.o
 .comment       0x0000006e       0x6f Build/stm32g0xx_hal_rcc_ex.o
 .comment       0x0000006e       0x6f Build/stm32g0xx_hal_gpio.o
 .comment       0x0000006e       0x6f Build/stm32g0xx_hal_pwr_ex.o
 .comment       0x0000006e       0x6f Build/stm32g0xx_hal_cortex.o
 .comment       0x0000006e       0x6f Build/stm32g0xx_hal.o
 .comment       0x0000006e       0x6f Build/stm32g0xx_hal_uart.o
 .comment       0x0000006e       0x6f Build/stm32g0xx_hal_uart_ex.o
 .comment       0x0000006e       0x6f Build/system_stm32g0xx.o

.debug_frame    0x00000000     0x2a6c
 .debug_frame   0x00000000      0x2e0 Build/ssd1306.o
 .debug_frame   0x000002e0       0xc4 Build/main.o
 .debug_frame   0x000003a4       0xd8 Build/board.o
 .debug_frame   0x0000047c       0x6c Build/stm32g0xx_it.o
 .debug_frame   0x000004e8       0x9c Build/stm32g0xx_hal_msp.o
 .debug_frame   0x00000584      0x9e4 Build/stm32g0xx_hal_i2c.o
 .debug_frame   0x00000f68       0xd0 Build/stm32g0xx_hal_i2c_ex.o
 .debug_frame   0x00001038      0x188 Build/stm32g0xx_hal_rcc.o
 .debug_frame   0x000011c0       0xa0 Build/stm32g0xx_hal_rcc_ex.o
 .debug_frame   0x00001260       0xe0 Build/stm32g0xx_hal_gpio.o
 .debug_frame   0x00001340      0x128 Build/stm32g0xx_hal_pwr_ex.o
 .debug_frame   0x00001468      0x128 Build/stm32g0xx_hal_cortex.o
 .debug_frame   0x00001590      0x210 Build/stm32g0xx_hal.o
 .debug_frame   0x000017a0      0x794 Build/stm32g0xx_hal_uart.o
 .debug_frame   0x00001f34      0x224 Build/stm32g0xx_hal_uart_ex.o
 .debug_frame   0x00002158       0x3c Build/system_stm32g0xx.o
 .debug_frame   0x00002194       0x2c /home/yuan/gcc-arm-none-eabi-5_4-2016q3/bin/../lib/gcc/arm-none-eabi/5.4.1/../../../../arm-none-eabi/lib/armv6-m/libc_nano.a(lib_a-init.o)
 .debug_frame   0x000021c0       0x20 /home/yuan/gcc-arm-none-eabi-5_4-2016q3/bin/../lib/gcc/arm-none-eabi/5.4.1/../../../../arm-none-eabi/lib/armv6-m/libc_nano.a(lib_a-memset.o)
 .debug_frame   0x000021e0       0x50 /home/yuan/gcc-arm-none-eabi-5_4-2016q3/bin/../lib/gcc/arm-none-eabi/5.4.1/../../../../arm-none-eabi/lib/armv6-m/libc_nano.a(lib_a-printf.o)
 .debug_frame   0x00002230       0x48 /home/yuan/gcc-arm-none-eabi-5_4-2016q3/bin/../lib/gcc/arm-none-eabi/5.4.1/../../../../arm-none-eabi/lib/armv6-m/libc_nano.a(lib_a-putchar.o)
 .debug_frame   0x00002278       0x44 /home/yuan/gcc-arm-none-eabi-5_4-2016q3/bin/../lib/gcc/arm-none-eabi/5.4.1/../../../../arm-none-eabi/lib/armv6-m/libc_nano.a(lib_a-puts.o)
 .debug_frame   0x000022bc       0x48 /home/yuan/gcc-arm-none-eabi-5_4-2016q3/bin/../lib/gcc/arm-none-eabi/5.4.1/../../../../arm-none-eabi/lib/armv6-m/libc_nano.a(lib_a-wbuf.o)
 .debug_frame   0x00002304       0x2c /home/yuan/gcc-arm-none-eabi-5_4-2016q3/bin/../lib/gcc/arm-none-eabi/5.4.1/../../../../arm-none-eabi/lib/armv6-m/libc_nano.a(lib_a-wsetup.o)
 .debug_frame   0x00002330       0x68 /home/yuan/gcc-arm-none-eabi-5_4-2016q3/bin/../lib/gcc/arm-none-eabi/5.4.1/../../../../arm-none-eabi/lib/armv6-m/libc_nano.a(lib_a-fflush.o)
 .debug_frame   0x00002398      0x140 /home/yuan/gcc-arm-none-eabi-5_4-2016q3/bin/../lib/gcc/arm-none-eabi/5.4.1/../../../../arm-none-eabi/lib/armv6-m/libc_nano.a(lib_a-findfp.o)
 .debug_frame   0x000024d8       0x58 /home/yuan/gcc-arm-none-eabi-5_4-2016q3/bin/../lib/gcc/arm-none-eabi/5.4.1/../../../../arm-none-eabi/lib/armv6-m/libc_nano.a(lib_a-fwalk.o)
 .debug_frame   0x00002530       0x54 /home/yuan/gcc-arm-none-eabi-5_4-2016q3/bin/../lib/gcc/arm-none-eabi/5.4.1/../../../../arm-none-eabi/lib/armv6-m/libc_nano.a(lib_a-makebuf.o)
 .debug_frame   0x00002584       0x2c /home/yuan/gcc-arm-none-eabi-5_4-2016q3/bin/../lib/gcc/arm-none-eabi/5.4.1/../../../../arm-none-eabi/lib/armv6-m/libc_nano.a(lib_a-nano-freer.o)
 .debug_frame   0x000025b0       0x2c /home/yuan/gcc-arm-none-eabi-5_4-2016q3/bin/../lib/gcc/arm-none-eabi/5.4.1/../../../../arm-none-eabi/lib/armv6-m/libc_nano.a(lib_a-nano-mallocr.o)
 .debug_frame   0x000025dc       0x9c /home/yuan/gcc-arm-none-eabi-5_4-2016q3/bin/../lib/gcc/arm-none-eabi/5.4.1/../../../../arm-none-eabi/lib/armv6-m/libc_nano.a(lib_a-nano-vfprintf.o)
 .debug_frame   0x00002678       0x54 /home/yuan/gcc-arm-none-eabi-5_4-2016q3/bin/../lib/gcc/arm-none-eabi/5.4.1/../../../../arm-none-eabi/lib/armv6-m/libc_nano.a(lib_a-nano-vfprintf_i.o)
 .debug_frame   0x000026cc       0x44 /home/yuan/gcc-arm-none-eabi-5_4-2016q3/bin/../lib/gcc/arm-none-eabi/5.4.1/../../../../arm-none-eabi/lib/armv6-m/libc_nano.a(lib_a-putc.o)
 .debug_frame   0x00002710       0x2c /home/yuan/gcc-arm-none-eabi-5_4-2016q3/bin/../lib/gcc/arm-none-eabi/5.4.1/../../../../arm-none-eabi/lib/armv6-m/libc_nano.a(lib_a-sbrkr.o)
 .debug_frame   0x0000273c       0x90 /home/yuan/gcc-arm-none-eabi-5_4-2016q3/bin/../lib/gcc/arm-none-eabi/5.4.1/../../../../arm-none-eabi/lib/armv6-m/libc_nano.a(lib_a-stdio.o)
 .debug_frame   0x000027cc       0x2c /home/yuan/gcc-arm-none-eabi-5_4-2016q3/bin/../lib/gcc/arm-none-eabi/5.4.1/../../../../arm-none-eabi/lib/armv6-m/libc_nano.a(lib_a-writer.o)
 .debug_frame   0x000027f8       0x2c /home/yuan/gcc-arm-none-eabi-5_4-2016q3/bin/../lib/gcc/arm-none-eabi/5.4.1/../../../../arm-none-eabi/lib/armv6-m/libc_nano.a(lib_a-closer.o)
 .debug_frame   0x00002824       0x2c /home/yuan/gcc-arm-none-eabi-5_4-2016q3/bin/../lib/gcc/arm-none-eabi/5.4.1/../../../../arm-none-eabi/lib/armv6-m/libc_nano.a(lib_a-fstatr.o)
 .debug_frame   0x00002850       0x2c /home/yuan/gcc-arm-none-eabi-5_4-2016q3/bin/../lib/gcc/arm-none-eabi/5.4.1/../../../../arm-none-eabi/lib/armv6-m/libc_nano.a(lib_a-isattyr.o)
 .debug_frame   0x0000287c       0x2c /home/yuan/gcc-arm-none-eabi-5_4-2016q3/bin/../lib/gcc/arm-none-eabi/5.4.1/../../../../arm-none-eabi/lib/armv6-m/libc_nano.a(lib_a-lseekr.o)
 .debug_frame   0x000028a8       0x20 /home/yuan/gcc-arm-none-eabi-5_4-2016q3/bin/../lib/gcc/arm-none-eabi/5.4.1/../../../../arm-none-eabi/lib/armv6-m/libc_nano.a(lib_a-memchr-stub.o)
 .debug_frame   0x000028c8       0x30 /home/yuan/gcc-arm-none-eabi-5_4-2016q3/bin/../lib/gcc/arm-none-eabi/5.4.1/../../../../arm-none-eabi/lib/armv6-m/libc_nano.a(lib_a-mlock.o)
 .debug_frame   0x000028f8       0x2c /home/yuan/gcc-arm-none-eabi-5_4-2016q3/bin/../lib/gcc/arm-none-eabi/5.4.1/../../../../arm-none-eabi/lib/armv6-m/libc_nano.a(lib_a-readr.o)
 .debug_frame   0x00002924       0x48 /home/yuan/gcc-arm-none-eabi-5_4-2016q3/bin/../lib/gcc/arm-none-eabi/5.4.1/../../../../arm-none-eabi/lib/armv6-m/libc_nano.a(lib_a-reent.o)
 .debug_frame   0x0000296c       0x20 /home/yuan/gcc-arm-none-eabi-5_4-2016q3/bin/../lib/gcc/arm-none-eabi/5.4.1/../../../../arm-none-eabi/lib/armv6-m/libnosys.a(close.o)
 .debug_frame   0x0000298c       0x20 /home/yuan/gcc-arm-none-eabi-5_4-2016q3/bin/../lib/gcc/arm-none-eabi/5.4.1/../../../../arm-none-eabi/lib/armv6-m/libnosys.a(fstat.o)
 .debug_frame   0x000029ac       0x20 /home/yuan/gcc-arm-none-eabi-5_4-2016q3/bin/../lib/gcc/arm-none-eabi/5.4.1/../../../../arm-none-eabi/lib/armv6-m/libnosys.a(isatty.o)
 .debug_frame   0x000029cc       0x20 /home/yuan/gcc-arm-none-eabi-5_4-2016q3/bin/../lib/gcc/arm-none-eabi/5.4.1/../../../../arm-none-eabi/lib/armv6-m/libnosys.a(lseek.o)
 .debug_frame   0x000029ec       0x20 /home/yuan/gcc-arm-none-eabi-5_4-2016q3/bin/../lib/gcc/arm-none-eabi/5.4.1/../../../../arm-none-eabi/lib/armv6-m/libnosys.a(read.o)
 .debug_frame   0x00002a0c       0x20 /home/yuan/gcc-arm-none-eabi-5_4-2016q3/bin/../lib/gcc/arm-none-eabi/5.4.1/../../../../arm-none-eabi/lib/armv6-m/libnosys.a(sbrk.o)
 .debug_frame   0x00002a2c       0x20 /home/yuan/gcc-arm-none-eabi-5_4-2016q3/bin/../lib/gcc/arm-none-eabi/5.4.1/armv6-m/libgcc.a(_udivsi3.o)
 .debug_frame   0x00002a4c       0x20 /home/yuan/gcc-arm-none-eabi-5_4-2016q3/bin/../lib/gcc/arm-none-eabi/5.4.1/armv6-m/libgcc.a(_divsi3.o)

.stab           0x00000000       0x84
 .stab          0x00000000       0x24 /home/yuan/gcc-arm-none-eabi-5_4-2016q3/bin/../lib/gcc/arm-none-eabi/5.4.1/../../../../arm-none-eabi/lib/armv6-m/libnosys.a(close.o)
 .stab          0x00000024       0x18 /home/yuan/gcc-arm-none-eabi-5_4-2016q3/bin/../lib/gcc/arm-none-eabi/5.4.1/../../../../arm-none-eabi/lib/armv6-m/libnosys.a(fstat.o)
                                 0x24 (size before relaxing)
 .stab          0x0000003c       0x18 /home/yuan/gcc-arm-none-eabi-5_4-2016q3/bin/../lib/gcc/arm-none-eabi/5.4.1/../../../../arm-none-eabi/lib/armv6-m/libnosys.a(isatty.o)
                                 0x24 (size before relaxing)
 .stab          0x00000054       0x18 /home/yuan/gcc-arm-none-eabi-5_4-2016q3/bin/../lib/gcc/arm-none-eabi/5.4.1/../../../../arm-none-eabi/lib/armv6-m/libnosys.a(lseek.o)
                                 0x24 (size before relaxing)
 .stab          0x0000006c       0x18 /home/yuan/gcc-arm-none-eabi-5_4-2016q3/bin/../lib/gcc/arm-none-eabi/5.4.1/../../../../arm-none-eabi/lib/armv6-m/libnosys.a(read.o)
                                 0x24 (size before relaxing)

.stabstr        0x00000000      0x117
 .stabstr       0x00000000      0x117 /home/yuan/gcc-arm-none-eabi-5_4-2016q3/bin/../lib/gcc/arm-none-eabi/5.4.1/../../../../arm-none-eabi/lib/armv6-m/libnosys.a(close.o)

Cross Reference Table

Symbol                                            File
ADC1_IRQHandler                                   Build/startup_stm32g070xx.o
AHBPrescTable                                     Build/system_stm32g0xx.o
                                                  Build/stm32g0xx_hal_rcc.o
APBPrescTable                                     Build/system_stm32g0xx.o
                                                  Build/stm32g0xx_hal_rcc.o
BOARD_Init                                        Build/board.o
                                                  Build/main.o
BOARD_Loop                                        Build/board.o
                                                  Build/main.o
DMA1_Ch4_7_DMAMUX1_OVR_IRQHandler                 Build/startup_stm32g070xx.o
DMA1_Channel1_IRQHandler                          Build/startup_stm32g070xx.o
DMA1_Channel2_3_IRQHandler                        Build/startup_stm32g070xx.o
Default_Handler                                   Build/startup_stm32g070xx.o
EXTI0_1_IRQHandler                                Build/startup_stm32g070xx.o
EXTI2_3_IRQHandler                                Build/startup_stm32g070xx.o
EXTI4_15_IRQHandler                               Build/startup_stm32g070xx.o
Error_Handler                                     Build/main.o
                                                  Build/stm32g0xx_hal_msp.o
FLASH_FlushCaches                                 Build/stm32g0xx_hal_flash_ex.o
FLASH_IRQHandler                                  Build/startup_stm32g070xx.o
FLASH_Init                                        Build/board.o
FLASH_PageErase                                   Build/stm32g0xx_hal_flash_ex.o
                                                  Build/stm32g0xx_hal_flash.o
FLASH_WaitForLastOperation                        Build/stm32g0xx_hal_flash.o
                                                  Build/stm32g0xx_hal_flash_ex.o
Font_11x18                                        Build/ssd1306_fonts.o
                                                  Build/board.o
HAL_DBGMCU_DisableDBGStandbyMode                  Build/stm32g0xx_hal.o
HAL_DBGMCU_DisableDBGStopMode                     Build/stm32g0xx_hal.o
HAL_DBGMCU_EnableDBGStandbyMode                   Build/stm32g0xx_hal.o
HAL_DBGMCU_EnableDBGStopMode                      Build/stm32g0xx_hal.o
HAL_DMAEx_ConfigMuxRequestGenerator               Build/stm32g0xx_hal_dma_ex.o
HAL_DMAEx_ConfigMuxSync                           Build/stm32g0xx_hal_dma_ex.o
HAL_DMAEx_DisableMuxRequestGenerator              Build/stm32g0xx_hal_dma_ex.o
HAL_DMAEx_EnableMuxRequestGenerator               Build/stm32g0xx_hal_dma_ex.o
HAL_DMAEx_MUX_IRQHandler                          Build/stm32g0xx_hal_dma_ex.o
HAL_DMA_Abort                                     Build/stm32g0xx_hal_dma.o
                                                  Build/stm32g0xx_hal_uart.o
HAL_DMA_Abort_IT                                  Build/stm32g0xx_hal_dma.o
                                                  Build/stm32g0xx_hal_uart.o
                                                  Build/stm32g0xx_hal_i2c.o
HAL_DMA_DeInit                                    Build/stm32g0xx_hal_dma.o
HAL_DMA_GetError                                  Build/stm32g0xx_hal_dma.o
                                                  Build/stm32g0xx_hal_uart.o
HAL_DMA_GetState                                  Build/stm32g0xx_hal_dma.o
                                                  Build/stm32g0xx_hal_i2c.o
HAL_DMA_IRQHandler                                Build/stm32g0xx_hal_dma.o
HAL_DMA_Init                                      Build/stm32g0xx_hal_dma.o
HAL_DMA_PollForTransfer                           Build/stm32g0xx_hal_dma.o
HAL_DMA_RegisterCallback                          Build/stm32g0xx_hal_dma.o
HAL_DMA_Start                                     Build/stm32g0xx_hal_dma.o
HAL_DMA_Start_IT                                  Build/stm32g0xx_hal_dma.o
                                                  Build/stm32g0xx_hal_uart.o
                                                  Build/stm32g0xx_hal_i2c.o
HAL_DMA_UnRegisterCallback                        Build/stm32g0xx_hal_dma.o
HAL_DeInit                                        Build/stm32g0xx_hal.o
HAL_Delay                                         Build/stm32g0xx_hal.o
                                                  Build/board.o
                                                  Build/main.o
                                                  Build/ssd1306.o
HAL_EXTI_ClearConfigLine                          Build/stm32g0xx_hal_exti.o
HAL_EXTI_ClearPending                             Build/stm32g0xx_hal_exti.o
HAL_EXTI_GenerateSWI                              Build/stm32g0xx_hal_exti.o
HAL_EXTI_GetConfigLine                            Build/stm32g0xx_hal_exti.o
HAL_EXTI_GetHandle                                Build/stm32g0xx_hal_exti.o
HAL_EXTI_GetPending                               Build/stm32g0xx_hal_exti.o
HAL_EXTI_IRQHandler                               Build/stm32g0xx_hal_exti.o
HAL_EXTI_RegisterCallback                         Build/stm32g0xx_hal_exti.o
HAL_EXTI_SetConfigLine                            Build/stm32g0xx_hal_exti.o
HAL_FLASHEx_Erase                                 Build/stm32g0xx_hal_flash_ex.o
HAL_FLASHEx_Erase_IT                              Build/stm32g0xx_hal_flash_ex.o
HAL_FLASHEx_FlashEmptyCheck                       Build/stm32g0xx_hal_flash_ex.o
HAL_FLASHEx_ForceFlashEmpty                       Build/stm32g0xx_hal_flash_ex.o
HAL_FLASHEx_OBGetConfig                           Build/stm32g0xx_hal_flash_ex.o
HAL_FLASHEx_OBProgram                             Build/stm32g0xx_hal_flash_ex.o
                                                  Build/board.o
HAL_FLASH_EndOfOperationCallback                  Build/stm32g0xx_hal_flash.o
HAL_FLASH_GetError                                Build/stm32g0xx_hal_flash.o
HAL_FLASH_IRQHandler                              Build/stm32g0xx_hal_flash.o
HAL_FLASH_Lock                                    Build/stm32g0xx_hal_flash.o
HAL_FLASH_OB_Launch                               Build/stm32g0xx_hal_flash.o
                                                  Build/board.o
HAL_FLASH_OB_Lock                                 Build/stm32g0xx_hal_flash.o
HAL_FLASH_OB_Unlock                               Build/stm32g0xx_hal_flash.o
                                                  Build/board.o
HAL_FLASH_OperationErrorCallback                  Build/stm32g0xx_hal_flash.o
HAL_FLASH_Program                                 Build/stm32g0xx_hal_flash.o
HAL_FLASH_Program_IT                              Build/stm32g0xx_hal_flash.o
HAL_FLASH_Unlock                                  Build/stm32g0xx_hal_flash.o
                                                  Build/board.o
HAL_GPIO_DeInit                                   Build/stm32g0xx_hal_gpio.o
                                                  Build/stm32g0xx_hal_msp.o
HAL_GPIO_EXTI_Falling_Callback                    Build/stm32g0xx_hal_gpio.o
HAL_GPIO_EXTI_IRQHandler                          Build/stm32g0xx_hal_gpio.o
HAL_GPIO_EXTI_Rising_Callback                     Build/stm32g0xx_hal_gpio.o
HAL_GPIO_Init                                     Build/stm32g0xx_hal_gpio.o
                                                  Build/stm32g0xx_hal_rcc_ex.o
                                                  Build/stm32g0xx_hal_rcc.o
                                                  Build/stm32g0xx_hal_msp.o
                                                  Build/main.o
HAL_GPIO_LockPin                                  Build/stm32g0xx_hal_gpio.o
HAL_GPIO_ReadPin                                  Build/stm32g0xx_hal_gpio.o
HAL_GPIO_TogglePin                                Build/stm32g0xx_hal_gpio.o
                                                  Build/board.o
                                                  Build/main.o
HAL_GPIO_WritePin                                 Build/stm32g0xx_hal_gpio.o
                                                  Build/main.o
HAL_GetDEVID                                      Build/stm32g0xx_hal.o
HAL_GetHalVersion                                 Build/stm32g0xx_hal.o
HAL_GetREVID                                      Build/stm32g0xx_hal.o
HAL_GetTick                                       Build/stm32g0xx_hal.o
                                                  Build/stm32g0xx_hal_uart_ex.o
                                                  Build/stm32g0xx_hal_uart.o
                                                  Build/stm32g0xx_hal_dma.o
                                                  Build/stm32g0xx_hal_flash.o
                                                  Build/stm32g0xx_hal_rcc_ex.o
                                                  Build/stm32g0xx_hal_rcc.o
                                                  Build/stm32g0xx_hal_i2c.o
                                                  Build/board.o
                                                  Build/main.o
HAL_GetTickFreq                                   Build/stm32g0xx_hal.o
HAL_GetTickPrio                                   Build/stm32g0xx_hal.o
HAL_GetUIDw0                                      Build/stm32g0xx_hal.o
HAL_GetUIDw1                                      Build/stm32g0xx_hal.o
HAL_GetUIDw2                                      Build/stm32g0xx_hal.o
HAL_HalfDuplex_EnableReceiver                     Build/stm32g0xx_hal_uart.o
HAL_HalfDuplex_EnableTransmitter                  Build/stm32g0xx_hal_uart.o
HAL_HalfDuplex_Init                               Build/stm32g0xx_hal_uart.o
HAL_I2CEx_ConfigAnalogFilter                      Build/stm32g0xx_hal_i2c_ex.o
                                                  Build/main.o
HAL_I2CEx_ConfigDigitalFilter                     Build/stm32g0xx_hal_i2c_ex.o
                                                  Build/main.o
HAL_I2CEx_DisableFastModePlus                     Build/stm32g0xx_hal_i2c_ex.o
HAL_I2CEx_DisableWakeUp                           Build/stm32g0xx_hal_i2c_ex.o
HAL_I2CEx_EnableFastModePlus                      Build/stm32g0xx_hal_i2c_ex.o
HAL_I2CEx_EnableWakeUp                            Build/stm32g0xx_hal_i2c_ex.o
HAL_I2C_AbortCpltCallback                         Build/stm32g0xx_hal_i2c.o
HAL_I2C_AddrCallback                              Build/stm32g0xx_hal_i2c.o
HAL_I2C_DeInit                                    Build/stm32g0xx_hal_i2c.o
HAL_I2C_DisableListen_IT                          Build/stm32g0xx_hal_i2c.o
HAL_I2C_ER_IRQHandler                             Build/stm32g0xx_hal_i2c.o
HAL_I2C_EV_IRQHandler                             Build/stm32g0xx_hal_i2c.o
HAL_I2C_EnableListen_IT                           Build/stm32g0xx_hal_i2c.o
HAL_I2C_ErrorCallback                             Build/stm32g0xx_hal_i2c.o
HAL_I2C_GetError                                  Build/stm32g0xx_hal_i2c.o
HAL_I2C_GetMode                                   Build/stm32g0xx_hal_i2c.o
HAL_I2C_GetState                                  Build/stm32g0xx_hal_i2c.o
HAL_I2C_Init                                      Build/stm32g0xx_hal_i2c.o
                                                  Build/main.o
HAL_I2C_IsDeviceReady                             Build/stm32g0xx_hal_i2c.o
                                                  Build/board.o
                                                  Build/ssd1306.o
HAL_I2C_ListenCpltCallback                        Build/stm32g0xx_hal_i2c.o
HAL_I2C_MasterRxCpltCallback                      Build/stm32g0xx_hal_i2c.o
HAL_I2C_MasterTxCpltCallback                      Build/stm32g0xx_hal_i2c.o
HAL_I2C_Master_Abort_IT                           Build/stm32g0xx_hal_i2c.o
HAL_I2C_Master_Receive                            Build/stm32g0xx_hal_i2c.o
HAL_I2C_Master_Receive_DMA                        Build/stm32g0xx_hal_i2c.o
HAL_I2C_Master_Receive_IT                         Build/stm32g0xx_hal_i2c.o
HAL_I2C_Master_Seq_Receive_DMA                    Build/stm32g0xx_hal_i2c.o
HAL_I2C_Master_Seq_Receive_IT                     Build/stm32g0xx_hal_i2c.o
HAL_I2C_Master_Seq_Transmit_DMA                   Build/stm32g0xx_hal_i2c.o
HAL_I2C_Master_Seq_Transmit_IT                    Build/stm32g0xx_hal_i2c.o
HAL_I2C_Master_Transmit                           Build/stm32g0xx_hal_i2c.o
HAL_I2C_Master_Transmit_DMA                       Build/stm32g0xx_hal_i2c.o
HAL_I2C_Master_Transmit_IT                        Build/stm32g0xx_hal_i2c.o
HAL_I2C_MemRxCpltCallback                         Build/stm32g0xx_hal_i2c.o
HAL_I2C_MemTxCpltCallback                         Build/stm32g0xx_hal_i2c.o
HAL_I2C_Mem_Read                                  Build/stm32g0xx_hal_i2c.o
HAL_I2C_Mem_Read_DMA                              Build/stm32g0xx_hal_i2c.o
HAL_I2C_Mem_Read_IT                               Build/stm32g0xx_hal_i2c.o
HAL_I2C_Mem_Write                                 Build/stm32g0xx_hal_i2c.o
                                                  Build/ssd1306.o
HAL_I2C_Mem_Write_DMA                             Build/stm32g0xx_hal_i2c.o
HAL_I2C_Mem_Write_IT                              Build/stm32g0xx_hal_i2c.o
HAL_I2C_MspDeInit                                 Build/stm32g0xx_hal_msp.o
HAL_I2C_MspInit                                   Build/stm32g0xx_hal_msp.o
HAL_I2C_SlaveRxCpltCallback                       Build/stm32g0xx_hal_i2c.o
HAL_I2C_SlaveTxCpltCallback                       Build/stm32g0xx_hal_i2c.o
HAL_I2C_Slave_Receive                             Build/stm32g0xx_hal_i2c.o
HAL_I2C_Slave_Receive_DMA                         Build/stm32g0xx_hal_i2c.o
HAL_I2C_Slave_Receive_IT                          Build/stm32g0xx_hal_i2c.o
HAL_I2C_Slave_Seq_Receive_DMA                     Build/stm32g0xx_hal_i2c.o
HAL_I2C_Slave_Seq_Receive_IT                      Build/stm32g0xx_hal_i2c.o
HAL_I2C_Slave_Seq_Transmit_DMA                    Build/stm32g0xx_hal_i2c.o
HAL_I2C_Slave_Seq_Transmit_IT                     Build/stm32g0xx_hal_i2c.o
HAL_I2C_Slave_Transmit                            Build/stm32g0xx_hal_i2c.o
HAL_I2C_Slave_Transmit_DMA                        Build/stm32g0xx_hal_i2c.o
HAL_I2C_Slave_Transmit_IT                         Build/stm32g0xx_hal_i2c.o
HAL_IncTick                                       Build/stm32g0xx_hal.o
                                                  Build/stm32g0xx_it.o
HAL_Init                                          Build/stm32g0xx_hal.o
                                                  Build/main.o
HAL_InitTick                                      Build/stm32g0xx_hal.o
                                                  Build/stm32g0xx_hal_rcc.o
HAL_LIN_Init                                      Build/stm32g0xx_hal_uart.o
HAL_LIN_SendBreak                                 Build/stm32g0xx_hal_uart.o
HAL_MPU_ConfigRegion                              Build/stm32g0xx_hal_cortex.o
HAL_MPU_Disable                                   Build/stm32g0xx_hal_cortex.o
HAL_MPU_Enable                                    Build/stm32g0xx_hal_cortex.o
HAL_MspDeInit                                     Build/stm32g0xx_hal.o
HAL_MspInit                                       Build/stm32g0xx_hal_msp.o
HAL_MultiProcessorEx_AddressLength_Set            Build/stm32g0xx_hal_uart_ex.o
HAL_MultiProcessor_DisableMuteMode                Build/stm32g0xx_hal_uart.o
HAL_MultiProcessor_EnableMuteMode                 Build/stm32g0xx_hal_uart.o
HAL_MultiProcessor_EnterMuteMode                  Build/stm32g0xx_hal_uart.o
HAL_MultiProcessor_Init                           Build/stm32g0xx_hal_uart.o
HAL_NVIC_ClearPendingIRQ                          Build/stm32g0xx_hal_cortex.o
HAL_NVIC_DisableIRQ                               Build/stm32g0xx_hal_cortex.o
HAL_NVIC_EnableIRQ                                Build/stm32g0xx_hal_cortex.o
HAL_NVIC_GetPendingIRQ                            Build/stm32g0xx_hal_cortex.o
HAL_NVIC_GetPriority                              Build/stm32g0xx_hal_cortex.o
HAL_NVIC_SetPendingIRQ                            Build/stm32g0xx_hal_cortex.o
HAL_NVIC_SetPriority                              Build/stm32g0xx_hal_cortex.o
                                                  Build/stm32g0xx_hal.o
HAL_NVIC_SystemReset                              Build/stm32g0xx_hal_cortex.o
                                                  Build/main.o
HAL_PWREx_ControlVoltageScaling                   Build/stm32g0xx_hal_pwr_ex.o
                                                  Build/main.o
HAL_PWREx_DisableBatteryCharging                  Build/stm32g0xx_hal_pwr_ex.o
HAL_PWREx_DisableFlashPowerDown                   Build/stm32g0xx_hal_pwr_ex.o
HAL_PWREx_DisableGPIOPullDown                     Build/stm32g0xx_hal_pwr_ex.o
HAL_PWREx_DisableGPIOPullUp                       Build/stm32g0xx_hal_pwr_ex.o
HAL_PWREx_DisableInternalWakeUpLine               Build/stm32g0xx_hal_pwr_ex.o
HAL_PWREx_DisableLowPowerRunMode                  Build/stm32g0xx_hal_pwr_ex.o
                                                  Build/stm32g0xx_hal_pwr.o
HAL_PWREx_DisablePullUpPullDownConfig             Build/stm32g0xx_hal_pwr_ex.o
HAL_PWREx_EnableBatteryCharging                   Build/stm32g0xx_hal_pwr_ex.o
HAL_PWREx_EnableFlashPowerDown                    Build/stm32g0xx_hal_pwr_ex.o
HAL_PWREx_EnableGPIOPullDown                      Build/stm32g0xx_hal_pwr_ex.o
HAL_PWREx_EnableGPIOPullUp                        Build/stm32g0xx_hal_pwr_ex.o
HAL_PWREx_EnableInternalWakeUpLine                Build/stm32g0xx_hal_pwr_ex.o
HAL_PWREx_EnableLowPowerRunMode                   Build/stm32g0xx_hal_pwr_ex.o
                                                  Build/stm32g0xx_hal_pwr.o
HAL_PWREx_EnablePullUpPullDownConfig              Build/stm32g0xx_hal_pwr_ex.o
HAL_PWREx_GetVoltageRange                         Build/stm32g0xx_hal_pwr_ex.o
HAL_PWR_DeInit                                    Build/stm32g0xx_hal_pwr.o
HAL_PWR_DisableBkUpAccess                         Build/stm32g0xx_hal_pwr.o
                                                  Build/stm32g0xx_hal_rcc_ex.o
HAL_PWR_DisableSEVOnPend                          Build/stm32g0xx_hal_pwr.o
HAL_PWR_DisableSleepOnExit                        Build/stm32g0xx_hal_pwr.o
HAL_PWR_DisableWakeUpPin                          Build/stm32g0xx_hal_pwr.o
HAL_PWR_EnableBkUpAccess                          Build/stm32g0xx_hal_pwr.o
                                                  Build/stm32g0xx_hal_rcc_ex.o
HAL_PWR_EnableSEVOnPend                           Build/stm32g0xx_hal_pwr.o
HAL_PWR_EnableSleepOnExit                         Build/stm32g0xx_hal_pwr.o
HAL_PWR_EnableWakeUpPin                           Build/stm32g0xx_hal_pwr.o
HAL_PWR_EnterSLEEPMode                            Build/stm32g0xx_hal_pwr.o
HAL_PWR_EnterSTANDBYMode                          Build/stm32g0xx_hal_pwr.o
HAL_PWR_EnterSTOPMode                             Build/stm32g0xx_hal_pwr.o
HAL_RCCEx_DisableLSCO                             Build/stm32g0xx_hal_rcc_ex.o
HAL_RCCEx_EnableLSCO                              Build/stm32g0xx_hal_rcc_ex.o
HAL_RCCEx_GetPeriphCLKConfig                      Build/stm32g0xx_hal_rcc_ex.o
HAL_RCCEx_GetPeriphCLKFreq                        Build/stm32g0xx_hal_rcc_ex.o
HAL_RCCEx_PeriphCLKConfig                         Build/stm32g0xx_hal_rcc_ex.o
                                                  Build/stm32g0xx_hal_msp.o
HAL_RCC_CSSCallback                               Build/stm32g0xx_hal_rcc.o
HAL_RCC_ClockConfig                               Build/stm32g0xx_hal_rcc.o
                                                  Build/main.o
HAL_RCC_DeInit                                    Build/stm32g0xx_hal_rcc.o
HAL_RCC_DisableLSECSS                             Build/stm32g0xx_hal_rcc.o
HAL_RCC_EnableCSS                                 Build/stm32g0xx_hal_rcc.o
HAL_RCC_EnableLSECSS                              Build/stm32g0xx_hal_rcc.o
HAL_RCC_GetClockConfig                            Build/stm32g0xx_hal_rcc.o
HAL_RCC_GetHCLKFreq                               Build/stm32g0xx_hal_rcc.o
HAL_RCC_GetOscConfig                              Build/stm32g0xx_hal_rcc.o
HAL_RCC_GetPCLK1Freq                              Build/stm32g0xx_hal_rcc.o
                                                  Build/stm32g0xx_hal_uart.o
                                                  Build/stm32g0xx_hal_rcc_ex.o
HAL_RCC_GetResetSource                            Build/stm32g0xx_hal_rcc.o
HAL_RCC_GetSysClockFreq                           Build/stm32g0xx_hal_rcc.o
                                                  Build/stm32g0xx_hal_uart.o
                                                  Build/stm32g0xx_hal_rcc_ex.o
HAL_RCC_LSECSSCallback                            Build/stm32g0xx_hal_rcc.o
HAL_RCC_MCOConfig                                 Build/stm32g0xx_hal_rcc.o
HAL_RCC_NMI_IRQHandler                            Build/stm32g0xx_hal_rcc.o
HAL_RCC_OscConfig                                 Build/stm32g0xx_hal_rcc.o
                                                  Build/main.o
HAL_RS485Ex_Init                                  Build/stm32g0xx_hal_uart_ex.o
HAL_ResumeTick                                    Build/stm32g0xx_hal.o
HAL_SYSCFG_DisableIOAnalogSwitchBooster           Build/stm32g0xx_hal.o
HAL_SYSCFG_DisableRemap                           Build/stm32g0xx_hal.o
HAL_SYSCFG_EnableIOAnalogSwitchBooster            Build/stm32g0xx_hal.o
HAL_SYSCFG_EnableRemap                            Build/stm32g0xx_hal.o
HAL_SYSCFG_StrobeDBattpinsConfig                  Build/stm32g0xx_hal.o
                                                  Build/stm32g0xx_hal_msp.o
HAL_SYSTICK_CLKSourceConfig                       Build/stm32g0xx_hal_cortex.o
HAL_SYSTICK_Callback                              Build/stm32g0xx_hal_cortex.o
HAL_SYSTICK_Config                                Build/stm32g0xx_hal_cortex.o
                                                  Build/stm32g0xx_hal.o
HAL_SYSTICK_IRQHandler                            Build/stm32g0xx_hal_cortex.o
HAL_SetTickFreq                                   Build/stm32g0xx_hal.o
HAL_SuspendTick                                   Build/stm32g0xx_hal.o
HAL_UARTEx_DisableFifoMode                        Build/stm32g0xx_hal_uart_ex.o
                                                  Build/main.o
HAL_UARTEx_DisableStopMode                        Build/stm32g0xx_hal_uart_ex.o
HAL_UARTEx_EnableFifoMode                         Build/stm32g0xx_hal_uart_ex.o
HAL_UARTEx_EnableStopMode                         Build/stm32g0xx_hal_uart_ex.o
HAL_UARTEx_GetRxEventType                         Build/stm32g0xx_hal_uart_ex.o
HAL_UARTEx_ReceiveToIdle                          Build/stm32g0xx_hal_uart_ex.o
HAL_UARTEx_ReceiveToIdle_DMA                      Build/stm32g0xx_hal_uart_ex.o
HAL_UARTEx_ReceiveToIdle_IT                       Build/stm32g0xx_hal_uart_ex.o
HAL_UARTEx_RxEventCallback                        Build/stm32g0xx_hal_uart.o
HAL_UARTEx_RxFifoFullCallback                     Build/stm32g0xx_hal_uart_ex.o
                                                  Build/stm32g0xx_hal_uart.o
HAL_UARTEx_SetRxFifoThreshold                     Build/stm32g0xx_hal_uart_ex.o
                                                  Build/main.o
HAL_UARTEx_SetTxFifoThreshold                     Build/stm32g0xx_hal_uart_ex.o
                                                  Build/main.o
HAL_UARTEx_StopModeWakeUpSourceConfig             Build/stm32g0xx_hal_uart_ex.o
HAL_UARTEx_TxFifoEmptyCallback                    Build/stm32g0xx_hal_uart_ex.o
                                                  Build/stm32g0xx_hal_uart.o
HAL_UARTEx_WakeupCallback                         Build/stm32g0xx_hal_uart_ex.o
                                                  Build/stm32g0xx_hal_uart.o
HAL_UART_Abort                                    Build/stm32g0xx_hal_uart.o
HAL_UART_AbortCpltCallback                        Build/stm32g0xx_hal_uart.o
HAL_UART_AbortReceive                             Build/stm32g0xx_hal_uart.o
HAL_UART_AbortReceiveCpltCallback                 Build/stm32g0xx_hal_uart.o
HAL_UART_AbortReceive_IT                          Build/stm32g0xx_hal_uart.o
HAL_UART_AbortTransmit                            Build/stm32g0xx_hal_uart.o
HAL_UART_AbortTransmitCpltCallback                Build/stm32g0xx_hal_uart.o
HAL_UART_AbortTransmit_IT                         Build/stm32g0xx_hal_uart.o
HAL_UART_Abort_IT                                 Build/stm32g0xx_hal_uart.o
HAL_UART_DMAPause                                 Build/stm32g0xx_hal_uart.o
HAL_UART_DMAResume                                Build/stm32g0xx_hal_uart.o
HAL_UART_DMAStop                                  Build/stm32g0xx_hal_uart.o
HAL_UART_DeInit                                   Build/stm32g0xx_hal_uart.o
HAL_UART_DisableReceiverTimeout                   Build/stm32g0xx_hal_uart.o
HAL_UART_EnableReceiverTimeout                    Build/stm32g0xx_hal_uart.o
HAL_UART_ErrorCallback                            Build/stm32g0xx_hal_uart.o
HAL_UART_GetError                                 Build/stm32g0xx_hal_uart.o
HAL_UART_GetState                                 Build/stm32g0xx_hal_uart.o
HAL_UART_IRQHandler                               Build/stm32g0xx_hal_uart.o
HAL_UART_Init                                     Build/stm32g0xx_hal_uart.o
                                                  Build/main.o
HAL_UART_MspDeInit                                Build/stm32g0xx_hal_msp.o
HAL_UART_MspInit                                  Build/stm32g0xx_hal_msp.o
                                                  Build/stm32g0xx_hal_uart_ex.o
HAL_UART_Receive                                  Build/stm32g0xx_hal_uart.o
HAL_UART_Receive_DMA                              Build/stm32g0xx_hal_uart.o
HAL_UART_Receive_IT                               Build/stm32g0xx_hal_uart.o
HAL_UART_ReceiverTimeout_Config                   Build/stm32g0xx_hal_uart.o
HAL_UART_RxCpltCallback                           Build/stm32g0xx_hal_uart.o
HAL_UART_RxHalfCpltCallback                       Build/stm32g0xx_hal_uart.o
HAL_UART_Transmit                                 Build/stm32g0xx_hal_uart.o
                                                  Build/board.o
HAL_UART_Transmit_DMA                             Build/stm32g0xx_hal_uart.o
HAL_UART_Transmit_IT                              Build/stm32g0xx_hal_uart.o
HAL_UART_TxCpltCallback                           Build/stm32g0xx_hal_uart.o
HAL_UART_TxHalfCpltCallback                       Build/stm32g0xx_hal_uart.o
HardFault_Handler                                 Build/stm32g0xx_it.o
I2C1_IRQHandler                                   Build/startup_stm32g070xx.o
I2C2_IRQHandler                                   Build/startup_stm32g070xx.o
NMI_Handler                                       Build/stm32g0xx_it.o
PendSV_Handler                                    Build/stm32g0xx_it.o
RCC_IRQHandler                                    Build/startup_stm32g070xx.o
RTC_TAMP_IRQHandler                               Build/startup_stm32g070xx.o
Reset_Handler                                     Build/startup_stm32g070xx.o
SPI1_IRQHandler                                   Build/startup_stm32g070xx.o
SPI2_IRQHandler                                   Build/startup_stm32g070xx.o
SVC_Handler                                       Build/stm32g0xx_it.o
SysTick_Handler                                   Build/stm32g0xx_it.o
SystemClock_Config                                Build/main.o
SystemCoreClock                                   Build/system_stm32g0xx.o
                                                  Build/stm32g0xx_hal.o
                                                  Build/stm32g0xx_hal_pwr_ex.o
                                                  Build/stm32g0xx_hal_rcc.o
SystemCoreClockUpdate                             Build/system_stm32g0xx.o
SystemInit                                        Build/system_stm32g0xx.o
                                                  Build/startup_stm32g070xx.o
TIM14_IRQHandler                                  Build/startup_stm32g070xx.o
TIM15_IRQHandler                                  Build/startup_stm32g070xx.o
TIM16_IRQHandler                                  Build/startup_stm32g070xx.o
TIM17_IRQHandler                                  Build/startup_stm32g070xx.o
TIM1_BRK_UP_TRG_COM_IRQHandler                    Build/startup_stm32g070xx.o
TIM1_CC_IRQHandler                                Build/startup_stm32g070xx.o
TIM3_IRQHandler                                   Build/startup_stm32g070xx.o
TIM6_IRQHandler                                   Build/startup_stm32g070xx.o
TIM7_IRQHandler                                   Build/startup_stm32g070xx.o
UARTPrescTable                                    Build/stm32g0xx_hal_uart.o
UART_AdvFeatureConfig                             Build/stm32g0xx_hal_uart.o
                                                  Build/stm32g0xx_hal_uart_ex.o
UART_CheckIdleState                               Build/stm32g0xx_hal_uart.o
                                                  Build/stm32g0xx_hal_uart_ex.o
UART_SetConfig                                    Build/stm32g0xx_hal_uart.o
                                                  Build/stm32g0xx_hal_uart_ex.o
UART_Start_Receive_DMA                            Build/stm32g0xx_hal_uart.o
                                                  Build/stm32g0xx_hal_uart_ex.o
UART_Start_Receive_IT                             Build/stm32g0xx_hal_uart.o
                                                  Build/stm32g0xx_hal_uart_ex.o
UART_WaitOnFlagUntilTimeout                       Build/stm32g0xx_hal_uart.o
                                                  Build/stm32g0xx_hal_uart_ex.o