Archive member included to satisfy reference by file (symbol)

/home/yuan/gcc-arm-none-eabi-5_4-2016q3/bin/../lib/gcc/arm-none-eabi/5.4.1/../../../../arm-none-eabi/lib/armv6-m/libc_nano.a(lib_a-exit.o)
                              /home/yuan/gcc-arm-none-eabi-5_4-2016q3/bin/../lib/gcc/arm-none-eabi/5.4.1/../../../../arm-none-eabi/lib/armv6-m/crt0.o (exit)
/home/yuan/gcc-arm-none-eabi-5_4-2016q3/bin/../lib/gcc/arm-none-eabi/5.4.1/../../../../arm-none-eabi/lib/armv6-m/libc_nano.a(lib_a-impure.o)
                              /home/yuan/gcc-arm-none-eabi-5_4-2016q3/bin/../lib/gcc/arm-none-eabi/5.4.1/../../../../arm-none-eabi/lib/armv6-m/libc_nano.a(lib_a-exit.o) (_global_impure_ptr)
/home/yuan/gcc-arm-none-eabi-5_4-2016q3/bin/../lib/gcc/arm-none-eabi/5.4.1/../../../../arm-none-eabi/lib/armv6-m/libc_nano.a(lib_a-init.o)
                              /home/yuan/gcc-arm-none-eabi-5_4-2016q3/bin/../lib/gcc/arm-none-eabi/5.4.1/../../../../arm-none-eabi/lib/armv6-m/crt0.o (__libc_init_array)
/home/yuan/gcc-arm-none-eabi-5_4-2016q3/bin/../lib/gcc/arm-none-eabi/5.4.1/../../../../arm-none-eabi/lib/armv6-m/libc_nano.a(lib_a-memset.o)
                              /home/yuan/gcc-arm-none-eabi-5_4-2016q3/bin/../lib/gcc/arm-none-eabi/5.4.1/../../../../arm-none-eabi/lib/armv6-m/crt0.o (memset)
/home/yuan/gcc-arm-none-eabi-5_4-2016q3/bin/../lib/gcc/arm-none-eabi/5.4.1/../../../../arm-none-eabi/lib/armv6-m/libc_nano.a(lib_a-printf.o)
                              Build/board.o (printf)
/home/yuan/gcc-arm-none-eabi-5_4-2016q3/bin/../lib/gcc/arm-none-eabi/5.4.1/../../../../arm-none-eabi/lib/armv6-m/libc_nano.a(lib_a-puts.o)
                              Build/main.o (puts)
/home/yuan/gcc-arm-none-eabi-5_4-2016q3/bin/../lib/gcc/arm-none-eabi/5.4.1/../../../../arm-none-eabi/lib/armv6-m/libc_nano.a(lib_a-wbuf.o)
                              /home/yuan/gcc-arm-none-eabi-5_4-2016q3/bin/../lib/gcc/arm-none-eabi/5.4.1/../../../../arm-none-eabi/lib/armv6-m/libc_nano.a(lib_a-puts.o) (__swbuf_r)
/home/yuan/gcc-arm-none-eabi-5_4-2016q3/bin/../lib/gcc/arm-none-eabi/5.4.1/../../../../arm-none-eabi/lib/armv6-m/libc_nano.a(lib_a-wsetup.o)
                              /home/yuan/gcc-arm-none-eabi-5_4-2016q3/bin/../lib/gcc/arm-none-eabi/5.4.1/../../../../arm-none-eabi/lib/armv6-m/libc_nano.a(lib_a-puts.o) (__swsetup_r)
/home/yuan/gcc-arm-none-eabi-5_4-2016q3/bin/../lib/gcc/arm-none-eabi/5.4.1/../../../../arm-none-eabi/lib/armv6-m/libc_nano.a(lib_a-fflush.o)
                              /home/yuan/gcc-arm-none-eabi-5_4-2016q3/bin/../lib/gcc/arm-none-eabi/5.4.1/../../../../arm-none-eabi/lib/armv6-m/libc_nano.a(lib_a-wbuf.o) (_fflush_r)
/home/yuan/gcc-arm-none-eabi-5_4-2016q3/bin/../lib/gcc/arm-none-eabi/5.4.1/../../../../arm-none-eabi/lib/armv6-m/libc_nano.a(lib_a-findfp.o)
                              /home/yuan/gcc-arm-none-eabi-5_4-2016q3/bin/../lib/gcc/arm-none-eabi/5.4.1/../../../../arm-none-eabi/lib/armv6-m/libc_nano.a(lib_a-printf.o) (__sinit)
/home/yuan/gcc-arm-none-eabi-5_4-2016q3/bin/../lib/gcc/arm-none-eabi/5.4.1/../../../../arm-none-eabi/lib/armv6-m/libc_nano.a(lib_a-fwalk.o)
                              /home/yuan/gcc-arm-none-eabi-5_4-2016q3/bin/../lib/gcc/arm-none-eabi/5.4.1/../../../../arm-none-eabi/lib/armv6-m/libc_nano.a(lib_a-findfp.o) (_fwalk)
/home/yuan/gcc-arm-none-eabi-5_4-2016q3/bin/../lib/gcc/arm-none-eabi/5.4.1/../../../../arm-none-eabi/lib/armv6-m/libc_nano.a(lib_a-makebuf.o)
                              /home/yuan/gcc-arm-none-eabi-5_4-2016q3/bin/../lib/gcc/arm-none-eabi/5.4.1/../../../../arm-none-eabi/lib/armv6-m/libc_nano.a(lib_a-wsetup.o) (__smakebuf_r)
/home/yuan/gcc-arm-none-eabi-5_4-2016q3/bin/../lib/gcc/arm-none-eabi/5.4.1/../../../../arm-none-eabi/lib/armv6-m/libc_nano.a(lib_a-nano-freer.o)
                              /home/yuan/gcc-arm-none-eabi-5_4-2016q3/bin/../lib/gcc/arm-none-eabi/5.4.1/../../../../arm-none-eabi/lib/armv6-m/libc_nano.a(lib_a-wsetup.o) (_free_r)
/home/yuan/gcc-arm-none-eabi-5_4-2016q3/bin/../lib/gcc/arm-none-eabi/5.4.1/../../../../arm-none-eabi/lib/armv6-m/libc_nano.a(lib_a-nano-mallocr.o)
                              /home/yuan/gcc-arm-none-eabi-5_4-2016q3/bin/../lib/gcc/arm-none-eabi/5.4.1/../../../../arm-none-eabi/lib/armv6-m/libc_nano.a(lib_a-findfp.o) (_malloc_r)
/home/yuan/gcc-arm-none-eabi-5_4-2016q3/bin/../lib/gcc/arm-none-eabi/5.4.1/../../../../arm-none-eabi/lib/armv6-m/libc_nano.a(lib_a-nano-vfprintf.o)
                              /home/yuan/gcc-arm-none-eabi-5_4-2016q3/bin/../lib/gcc/arm-none-eabi/5.4.1/../../../../arm-none-eabi/lib/armv6-m/libc_nano.a(lib_a-printf.o) (_vfprintf_r)
/home/yuan/gcc-arm-none-eabi-5_4-2016q3/bin/../lib/gcc/arm-none-eabi/5.4.1/../../../../arm-none-eabi/lib/armv6-m/libc_nano.a(lib_a-nano-vfprintf_i.o)
                              /home/yuan/gcc-arm-none-eabi-5_4-2016q3/bin/../lib/gcc/arm-none-eabi/5.4.1/../../../../arm-none-eabi/lib/armv6-m/libc_nano.a(lib_a-nano-vfprintf.o) (_printf_i)
[...]
Memory Configuration

Name             Origin             Length             Attributes
RAM              0x20000000         0x00009000         xrw
FLASH            0x08000000         0x00020000         xr
*default*        0x00000000         0xffffffff

Linker script and memory map

LOAD /home/yuan/gcc-arm-none-eabi-5_4-2016q3/bin/../lib/gcc/arm-none-eabi/5.4.1/armv6-m/crti.o
LOAD /home/yuan/gcc-arm-none-eabi-5_4-2016q3/bin/../lib/gcc/arm-none-eabi/5.4.1/armv6-m/crtbegin.o
LOAD /home/yuan/gcc-arm-none-eabi-5_4-2016q3/bin/../lib/gcc/arm-none-eabi/5.4.1/../../../../arm-none-eabi/lib/armv6-m/crt0.o
LOAD Build/main.o
LOAD Build/board.o
LOAD Build/stm32g0xx_it.o
LOAD Build/stm32g0xx_hal_msp.o
LOAD Build/stm32g0xx_hal_i2c.o
LOAD Build/stm32g0xx_hal_i2c_ex.o
LOAD Build/stm32g0xx_hal_rcc.o
LOAD Build/stm32g0xx_hal_rcc_ex.o
LOAD Build/stm32g0xx_ll_rcc.o
LOAD Build/stm32g0xx_hal_flash.o
LOAD Build/stm32g0xx_hal_flash_ex.o
LOAD Build/stm32g0xx_hal_gpio.o
LOAD Build/stm32g0xx_hal_dma.o
LOAD Build/stm32g0xx_hal_dma_ex.o
LOAD Build/stm32g0xx_ll_dma.o
LOAD Build/stm32g0xx_hal_pwr.o
LOAD Build/stm32g0xx_hal_pwr_ex.o
LOAD Build/stm32g0xx_hal_cortex.o
LOAD Build/stm32g0xx_hal.o
LOAD Build/stm32g0xx_hal_exti.o
LOAD Build/stm32g0xx_hal_tim.o
LOAD Build/stm32g0xx_hal_tim_ex.o
LOAD Build/stm32g0xx_hal_uart.o
LOAD Build/stm32g0xx_hal_uart_ex.o
LOAD Build/system_stm32g0xx.o
LOAD Build/startup_stm32g070xx.o
LOAD /home/yuan/gcc-arm-none-eabi-5_4-2016q3/bin/../lib/gcc/arm-none-eabi/5.4.1/../../../../arm-none-eabi/lib/armv6-m/libc_nano.a
LOAD /home/yuan/gcc-arm-none-eabi-5_4-2016q3/bin/../lib/gcc/arm-none-eabi/5.4.1/../../../../arm-none-eabi/lib/armv6-m/libm.a
LOAD /home/yuan/gcc-arm-none-eabi-5_4-2016q3/bin/../lib/gcc/arm-none-eabi/5.4.1/../../../../arm-none-eabi/lib/armv6-m/libnosys.a
START GROUP
LOAD /home/yuan/gcc-arm-none-eabi-5_4-2016q3/bin/../lib/gcc/arm-none-eabi/5.4.1/armv6-m/libgcc.a
LOAD /home/yuan/gcc-arm-none-eabi-5_4-2016q3/bin/../lib/gcc/arm-none-eabi/5.4.1/../../../../arm-none-eabi/lib/armv6-m/libc_nano.a
END GROUP
START GROUP
LOAD /home/yuan/gcc-arm-none-eabi-5_4-2016q3/bin/../lib/gcc/arm-none-eabi/5.4.1/armv6-m/libgcc.a
LOAD /home/yuan/gcc-arm-none-eabi-5_4-2016q3/bin/../lib/gcc/arm-none-eabi/5.4.1/../../../../arm-none-eabi/lib/armv6-m/libc_nano.a
END GROUP
LOAD /home/yuan/gcc-arm-none-eabi-5_4-2016q3/bin/../lib/gcc/arm-none-eabi/5.4.1/armv6-m/crtend.o
LOAD /home/yuan/gcc-arm-none-eabi-5_4-2016q3/bin/../lib/gcc/arm-none-eabi/5.4.1/armv6-m/crtn.o
                0x20009000                _estack = (ORIGIN (RAM) + LENGTH (RAM))
                0x00000200                _Min_Heap_Size = 0x200
                0x00000400                _Min_Stack_Size = 0x400

.isr_vector     0x08000000       0xb8
                0x08000000                . = ALIGN (0x4)
 *(.isr_vector)
 .isr_vector    0x08000000       0xb8 Build/startup_stm32g070xx.o
                0x08000000                g_pfnVectors
                0x080000b8                . = ALIGN (0x4)

.text           0x080000b8     0x2c08
                0x080000b8                . = ALIGN (0x4)
 *(.text)
 .text          0x080000b8       0x60 /home/yuan/gcc-arm-none-eabi-5_4-2016q3/bin/../lib/gcc/arm-none-eabi/5.4.1/armv6-m/crtbegin.o
 .text          0x08000118      0x114 /home/yuan/gcc-arm-none-eabi-5_4-2016q3/bin/../lib/gcc/arm-none-eabi/5.4.1/armv6-m/libgcc.a(_udivsi3.o)
                0x08000118                __udivsi3
                0x08000118                __aeabi_uidiv
                0x08000224                __aeabi_uidivmod
 .text          0x0800022c      0x1d4 /home/yuan/gcc-arm-none-eabi-5_4-2016q3/bin/../lib/gcc/arm-none-eabi/5.4.1/armv6-m/libgcc.a(_divsi3.o)
                0x0800022c                __aeabi_idiv
                0x0800022c                __divsi3
                0x080003f8                __aeabi_idivmod
 .text          0x08000400        0x4 /home/yuan/gcc-arm-none-eabi-5_4-2016q3/bin/../lib/gcc/arm-none-eabi/5.4.1/armv6-m/libgcc.a(_dvmd_tls.o)
                0x08000400                __aeabi_ldiv0
                0x08000400                __aeabi_idiv0
 *(.text*)
 .text.MX_GPIO_Init
                0x08000404       0x9c Build/main.o
 .text.Error_Handler
                0x080004a0        0x4 Build/main.o
                0x080004a0                Error_Handler
 .text.MX_I2C1_Init
                0x080004a4       0x58 Build/main.o
 .text.MX_USART1_UART_Init
                0x080004fc       0x68 Build/main.o
 .text.SystemClock_Config
                0x08000564       0x78 Build/main.o
                0x08000564                SystemClock_Config
 .text.main     0x080005dc       0x2c Build/main.o
                0x080005dc                main
 .text._write   0x08000608       0x18 Build/board.o
                0x08000608                _write
 .text.BOARD_Init
                0x08000620       0x38 Build/board.o
                0x08000620                BOARD_Init
 .text.BOARD_Loop
                0x08000658       0x64 Build/board.o
                0x08000658                BOARD_Loop
 .text.NMI_Handler
                0x080006bc        0x4 Build/stm32g0xx_it.o
                0x080006bc                NMI_Handler
 .text.HardFault_Handler
                0x080006c0        0x4 Build/stm32g0xx_it.o
                0x080006c0                HardFault_Handler
 .text.SVC_Handler
                0x080006c4        0x4 Build/stm32g0xx_it.o
                0x080006c4                SVC_Handler
 .text.PendSV_Handler
                0x080006c8        0x4 Build/stm32g0xx_it.o
                0x080006c8                PendSV_Handler
 .text.SysTick_Handler
                0x080006cc        0x8 Build/stm32g0xx_it.o
                0x080006cc                SysTick_Handler
 .text.HAL_MspInit
                0x080006d4       0x38 Build/stm32g0xx_hal_msp.o
                0x080006d4                HAL_MspInit
 .text.HAL_I2C_MspInit
                0x0800070c       0x84 Build/stm32g0xx_hal_msp.o
                0x0800070c                HAL_I2C_MspInit
 .text.HAL_UART_MspInit
                0x08000790       0x80 Build/stm32g0xx_hal_msp.o
                0x08000790                HAL_UART_MspInit
 .text.HAL_I2C_Init
                0x08000810       0xc8 Build/stm32g0xx_hal_i2c.o
                0x08000810                HAL_I2C_Init
 .text.HAL_I2CEx_ConfigAnalogFilter
                0x080008d8       0x58 Build/stm32g0xx_hal_i2c_ex.o
                0x080008d8                HAL_I2CEx_ConfigAnalogFilter
 .text.HAL_I2CEx_ConfigDigitalFilter
                0x08000930       0x54 Build/stm32g0xx_hal_i2c_ex.o
                0x08000930                HAL_I2CEx_ConfigDigitalFilter
 .text.HAL_RCC_OscConfig
                0x08000984      0x4dc Build/stm32g0xx_hal_rcc.o
                0x08000984                HAL_RCC_OscConfig
 .text.HAL_RCC_GetSysClockFreq
                0x08000e60       0xb8 Build/stm32g0xx_hal_rcc.o
                0x08000e60                HAL_RCC_GetSysClockFreq
 .text.HAL_RCC_ClockConfig
                0x08000f18      0x19c Build/stm32g0xx_hal_rcc.o
                0x08000f18                HAL_RCC_ClockConfig
 .text.HAL_RCC_GetHCLKFreq
                0x080010b4        0xc Build/stm32g0xx_hal_rcc.o
                0x080010b4                HAL_RCC_GetHCLKFreq
 .text.HAL_RCC_GetPCLK1Freq
                0x080010c0       0x28 Build/stm32g0xx_hal_rcc.o
                0x080010c0                HAL_RCC_GetPCLK1Freq
 .text.HAL_RCCEx_PeriphCLKConfig
                0x080010e8      0x18c Build/stm32g0xx_hal_rcc_ex.o
                0x080010e8                HAL_RCCEx_PeriphCLKConfig
 .text.HAL_GPIO_Init
                0x08001274      0x16c Build/stm32g0xx_hal_gpio.o
                0x08001274                HAL_GPIO_Init
 .text.HAL_GPIO_ReadPin
                0x080013e0       0x10 Build/stm32g0xx_hal_gpio.o
                0x080013e0                HAL_GPIO_ReadPin
 .text.HAL_GPIO_WritePin
                0x080013f0        0xc Build/stm32g0xx_hal_gpio.o
                0x080013f0                HAL_GPIO_WritePin
 .text.HAL_GPIO_TogglePin
                0x080013fc       0x10 Build/stm32g0xx_hal_gpio.o
                0x080013fc                HAL_GPIO_TogglePin
 .text.HAL_PWREx_ControlVoltageScaling
                0x0800140c       0x54 Build/stm32g0xx_hal_pwr_ex.o
                0x0800140c                HAL_PWREx_ControlVoltageScaling
 .text.HAL_NVIC_SetPriority
                0x08001460       0x64 Build/stm32g0xx_hal_cortex.o
                0x08001460                HAL_NVIC_SetPriority
 .text.HAL_SYSTICK_Config
                0x080014c4       0x38 Build/stm32g0xx_hal_cortex.o
                0x080014c4                HAL_SYSTICK_Config
 .text.HAL_InitTick
                0x080014fc       0x54 Build/stm32g0xx_hal.o
                0x080014fc                HAL_InitTick
 .text.HAL_Init
                0x08001550       0x28 Build/stm32g0xx_hal.o
                0x08001550                HAL_Init
 .text.HAL_IncTick
                0x08001578       0x18 Build/stm32g0xx_hal.o
                0x08001578                HAL_IncTick
 .text.HAL_GetTick
                0x08001590        0xc Build/stm32g0xx_hal.o
                0x08001590                HAL_GetTick
 .text.HAL_SYSCFG_StrobeDBattpinsConfig
                0x0800159c       0x18 Build/stm32g0xx_hal.o
                0x0800159c                HAL_SYSCFG_StrobeDBattpinsConfig
 .text.UART_SetConfig
                0x080015b4      0x1fc Build/stm32g0xx_hal_uart.o
                0x080015b4                UART_SetConfig
 .text.UART_AdvFeatureConfig
                0x080017b0       0xe0 Build/stm32g0xx_hal_uart.o
                0x080017b0                UART_AdvFeatureConfig
 .text.UART_WaitOnFlagUntilTimeout
                0x08001890       0xe0 Build/stm32g0xx_hal_uart.o
                0x08001890                UART_WaitOnFlagUntilTimeout
 .text.HAL_UART_Transmit
                0x08001970       0xdc Build/stm32g0xx_hal_uart.o
                0x08001970                HAL_UART_Transmit
 .text.UART_CheckIdleState
                0x08001a4c       0x74 Build/stm32g0xx_hal_uart.o
                0x08001a4c                UART_CheckIdleState
 .text.HAL_UART_Init
                0x08001ac0       0x6c Build/stm32g0xx_hal_uart.o
                0x08001ac0                HAL_UART_Init
 .text.UARTEx_SetNbDataToProcess
                0x08001b2c       0x50 Build/stm32g0xx_hal_uart_ex.o
 .text.HAL_UARTEx_DisableFifoMode
                0x08001b7c       0x40 Build/stm32g0xx_hal_uart_ex.o
                0x08001b7c                HAL_UARTEx_DisableFifoMode
 .text.HAL_UARTEx_SetTxFifoThreshold
                0x08001bbc       0x48 Build/stm32g0xx_hal_uart_ex.o
                0x08001bbc                HAL_UARTEx_SetTxFifoThreshold
 .text.HAL_UARTEx_SetRxFifoThreshold
                0x08001c04       0x4c Build/stm32g0xx_hal_uart_ex.o
                0x08001c04                HAL_UARTEx_SetRxFifoThreshold
 .text.SystemInit
                0x08001c50        0x4 Build/system_stm32g0xx.o
                0x08001c50                SystemInit
 .text.Reset_Handler
                0x08001c54       0x50 Build/startup_stm32g070xx.o
                0x08001c54                Reset_Handler
 .text.Default_Handler
                0x08001ca4        0x2 Build/startup_stm32g070xx.o
                0x08001ca4                TIM1_CC_IRQHandler
                0x08001ca4                TIM6_IRQHandler
                0x08001ca4                I2C1_IRQHandler
                0x08001ca4                RTC_TAMP_IRQHandler
                0x08001ca4                SPI1_IRQHandler
                0x08001ca4                USART3_4_IRQHandler
                0x08001ca4                EXTI2_3_IRQHandler
                0x08001ca4                ADC1_IRQHandler
                0x08001ca4                I2C2_IRQHandler
                0x08001ca4                TIM17_IRQHandler
                0x08001ca4                TIM16_IRQHandler
                0x08001ca4                TIM3_IRQHandler
                0x08001ca4                EXTI4_15_IRQHandler
                0x08001ca4                RCC_IRQHandler
                0x08001ca4                DMA1_Channel1_IRQHandler
                0x08001ca4                Default_Handler
                0x08001ca4                TIM14_IRQHandler
                0x08001ca4                TIM7_IRQHandler
                0x08001ca4                TIM15_IRQHandler
                0x08001ca4                EXTI0_1_IRQHandler
                0x08001ca4                SPI2_IRQHandler
                0x08001ca4                WWDG_IRQHandler
                0x08001ca4                DMA1_Ch4_7_DMAMUX1_OVR_IRQHandler
                0x08001ca4                DMA1_Channel2_3_IRQHandler
                0x08001ca4                USART2_IRQHandler
                0x08001ca4                FLASH_IRQHandler
                0x08001ca4                USART1_IRQHandler
                0x08001ca4                TIM1_BRK_UP_TRG_COM_IRQHandler
 *fill*         0x08001ca6        0x2 
 .text.__libc_init_array
                0x08001ca8       0x4c /home/yuan/gcc-arm-none-eabi-5_4-2016q3/bin/../lib/gcc/arm-none-eabi/5.4.1/../../../../arm-none-eabi/lib/armv6-m/libc_nano.a(lib_a-init.o)
                0x08001ca8                __libc_init_array
 .text.memset   0x08001cf4       0x10 /home/yuan/gcc-arm-none-eabi-5_4-2016q3/bin/../lib/gcc/arm-none-eabi/5.4.1/../../../../arm-none-eabi/lib/armv6-m/libc_nano.a(lib_a-memset.o)
                0x08001cf4                memset
 .text.printf   0x08001d04       0x34 /home/yuan/gcc-arm-none-eabi-5_4-2016q3/bin/../lib/gcc/arm-none-eabi/5.4.1/../../../../arm-none-eabi/lib/armv6-m/libc_nano.a(lib_a-printf.o)
                0x08001d04                printf
                0x08001d04                iprintf
 .text._puts_r  0x08001d38       0xc4 /home/yuan/gcc-arm-none-eabi-5_4-2016q3/bin/../lib/gcc/arm-none-eabi/5.4.1/../../../../arm-none-eabi/lib/armv6-m/libc_nano.a(lib_a-puts.o)
                0x08001d38                _puts_r
 .text.puts     0x08001dfc       0x14 /home/yuan/gcc-arm-none-eabi-5_4-2016q3/bin/../lib/gcc/arm-none-eabi/5.4.1/../../../../arm-none-eabi/lib/armv6-m/libc_nano.a(lib_a-puts.o)
                0x08001dfc                puts
 .text.__swbuf_r
                0x08001e10       0xac /home/yuan/gcc-arm-none-eabi-5_4-2016q3/bin/../lib/gcc/arm-none-eabi/5.4.1/../../../../arm-none-eabi/lib/armv6-m/libc_nano.a(lib_a-wbuf.o)
                0x08001e10                __swbuf_r
 .text.__swsetup_r
                0x08001ebc       0xec /home/yuan/gcc-arm-none-eabi-5_4-2016q3/bin/../lib/gcc/arm-none-eabi/5.4.1/../../../../arm-none-eabi/lib/armv6-m/libc_nano.a(lib_a-wsetup.o)
                0x08001ebc                __swsetup_r
 .text.__sflush_r
                0x08001fa8      0x10c /home/yuan/gcc-arm-none-eabi-5_4-2016q3/bin/../lib/gcc/arm-none-eabi/5.4.1/../../../../arm-none-eabi/lib/armv6-m/libc_nano.a(lib_a-fflush.o)
                0x08001fa8                __sflush_r
 .text._fflush_r
                0x080020b4       0x58 /home/yuan/gcc-arm-none-eabi-5_4-2016q3/bin/../lib/gcc/arm-none-eabi/5.4.1/../../../../arm-none-eabi/lib/armv6-m/libc_nano.a(lib_a-fflush.o)
                0x080020b4                _fflush_r
 .text._cleanup_r
                0x0800210c       0x10 /home/yuan/gcc-arm-none-eabi-5_4-2016q3/bin/../lib/gcc/arm-none-eabi/5.4.1/../../../../arm-none-eabi/lib/armv6-m/libc_nano.a(lib_a-findfp.o)
                0x0800210c                _cleanup_r
 .text.std.isra.0
                0x0800211c       0x48 /home/yuan/gcc-arm-none-eabi-5_4-2016q3/bin/../lib/gcc/arm-none-eabi/5.4.1/../../../../arm-none-eabi/lib/armv6-m/libc_nano.a(lib_a-findfp.o)
 .text.__sfmoreglue
                0x08002164       0x2c /home/yuan/gcc-arm-none-eabi-5_4-2016q3/bin/../lib/gcc/arm-none-eabi/5.4.1/../../../../arm-none-eabi/lib/armv6-m/libc_nano.a(lib_a-findfp.o)
                0x08002164                __sfmoreglue
 .text.__sinit  0x08002190       0x68 /home/yuan/gcc-arm-none-eabi-5_4-2016q3/bin/../lib/gcc/arm-none-eabi/5.4.1/../../../../arm-none-eabi/lib/armv6-m/libc_nano.a(lib_a-findfp.o)
                0x08002190                __sinit
 .text.__sfp    0x080021f8       0x7c /home/yuan/gcc-arm-none-eabi-5_4-2016q3/bin/../lib/gcc/arm-none-eabi/5.4.1/../../../../arm-none-eabi/lib/armv6-m/libc_nano.a(lib_a-findfp.o)
                0x080021f8                __sfp
 .text._fwalk_reent
                0x08002274       0x42 /home/yuan/gcc-arm-none-eabi-5_4-2016q3/bin/../lib/gcc/arm-none-eabi/5.4.1/../../../../arm-none-eabi/lib/armv6-m/libc_nano.a(lib_a-fwalk.o)
                0x08002274                _fwalk_reent
 *fill*         0x080022b6        0x2 
 .text.__swhatbuf_r
                0x080022b8       0x4c /home/yuan/gcc-arm-none-eabi-5_4-2016q3/bin/../lib/gcc/arm-none-eabi/5.4.1/../../../../arm-none-eabi/lib/armv6-m/libc_nano.a(lib_a-makebuf.o)
                0x080022b8                __swhatbuf_r
 .text.__smakebuf_r
                0x08002304       0x7c /home/yuan/gcc-arm-none-eabi-5_4-2016q3/bin/../lib/gcc/arm-none-eabi/5.4.1/../../../../arm-none-eabi/lib/armv6-m/libc_nano.a(lib_a-makebuf.o)
                0x08002304                __smakebuf_r
 .text._free_r  0x08002380       0x98 /home/yuan/gcc-arm-none-eabi-5_4-2016q3/bin/../lib/gcc/arm-none-eabi/5.4.1/../../../../arm-none-eabi/lib/armv6-m/libc_nano.a(lib_a-nano-freer.o)
                0x08002380                _free_r
 .text._malloc_r
                0x08002418       0xc0 /home/yuan/gcc-arm-none-eabi-5_4-2016q3/bin/../lib/gcc/arm-none-eabi/5.4.1/../../../../arm-none-eabi/lib/armv6-m/libc_nano.a(lib_a-nano-mallocr.o)
                0x08002418                _malloc_r
 .text.__sfputc_r
                0x080024d8       0x2a /home/yuan/gcc-arm-none-eabi-5_4-2016q3/bin/../lib/gcc/arm-none-eabi/5.4.1/../../../../arm-none-eabi/lib/armv6-m/libc_nano.a(lib_a-nano-vfprintf.o)
 .text.__sfputs_r
                0x08002502       0x24 /home/yuan/gcc-arm-none-eabi-5_4-2016q3/bin/../lib/gcc/arm-none-eabi/5.4.1/../../../../arm-none-eabi/lib/armv6-m/libc_nano.a(lib_a-nano-vfprintf.o)
                0x08002502                __sfputs_r
 *fill*         0x08002526        0x2 
 .text._vfprintf_r
                0x08002528      0x238 /home/yuan/gcc-arm-none-eabi-5_4-2016q3/bin/../lib/gcc/arm-none-eabi/5.4.1/../../../../arm-none-eabi/lib/armv6-m/libc_nano.a(lib_a-nano-vfprintf.o)
                0x08002528                _vfiprintf_r
                0x08002528                _vfprintf_r
 .text._printf_common
                0x08002760       0xdc /home/yuan/gcc-arm-none-eabi-5_4-2016q3/bin/../lib/gcc/arm-none-eabi/5.4.1/../../../../arm-none-eabi/lib/armv6-m/libc_nano.a(lib_a-nano-vfprintf_i.o)
                0x08002760                _printf_common
 .text._printf_i
                0x0800283c      0x244 /home/yuan/gcc-arm-none-eabi-5_4-2016q3/bin/../lib/gcc/arm-none-eabi/5.4.1/../../../../arm-none-eabi/lib/armv6-m/libc_nano.a(lib_a-nano-vfprintf_i.o)
                0x0800283c                _printf_i
 .text._sbrk_r  0x08002a80       0x24 /home/yuan/gcc-arm-none-eabi-5_4-2016q3/bin/../lib/gcc/arm-none-eabi/5.4.1/../../../../arm-none-eabi/lib/armv6-m/libc_nano.a(lib_a-sbrkr.o)
                0x08002a80                _sbrk_r
 .text.__sread  0x08002aa4       0x28 /home/yuan/gcc-arm-none-eabi-5_4-2016q3/bin/../lib/gcc/arm-none-eabi/5.4.1/../../../../arm-none-eabi/lib/armv6-m/libc_nano.a(lib_a-stdio.o)
                0x08002aa4                __sread
 .text.__swrite
                0x08002acc       0x38 /home/yuan/gcc-arm-none-eabi-5_4-2016q3/bin/../lib/gcc/arm-none-eabi/5.4.1/../../../../arm-none-eabi/lib/armv6-m/libc_nano.a(lib_a-stdio.o)
                0x08002acc                __swrite
 .text.__sseek  0x08002b04       0x2c /home/yuan/gcc-arm-none-eabi-5_4-2016q3/bin/../lib/gcc/arm-none-eabi/5.4.1/../../../../arm-none-eabi/lib/armv6-m/libc_nano.a(lib_a-stdio.o)
                0x08002b04                __sseek
 .text.__sclose
                0x08002b30        0xc /home/yuan/gcc-arm-none-eabi-5_4-2016q3/bin/../lib/gcc/arm-none-eabi/5.4.1/../../../../arm-none-eabi/lib/armv6-m/libc_nano.a(lib_a-stdio.o)
                0x08002b30                __sclose
 .text._write_r
                0x08002b3c       0x28 /home/yuan/gcc-arm-none-eabi-5_4-2016q3/bin/../lib/gcc/arm-none-eabi/5.4.1/../../../../arm-none-eabi/lib/armv6-m/libc_nano.a(lib_a-writer.o)
                0x08002b3c                _write_r
 .text._close_r
                0x08002b64       0x24 /home/yuan/gcc-arm-none-eabi-5_4-2016q3/bin/../lib/gcc/arm-none-eabi/5.4.1/../../../../arm-none-eabi/lib/armv6-m/libc_nano.a(lib_a-closer.o)
                0x08002b64                _close_r
 .text._fstat_r
                0x08002b88       0x24 /home/yuan/gcc-arm-none-eabi-5_4-2016q3/bin/../lib/gcc/arm-none-eabi/5.4.1/../../../../arm-none-eabi/lib/armv6-m/libc_nano.a(lib_a-fstatr.o)
                0x08002b88                _fstat_r
 .text._isatty_r
                0x08002bac       0x24 /home/yuan/gcc-arm-none-eabi-5_4-2016q3/bin/../lib/gcc/arm-none-eabi/5.4.1/../../../../arm-none-eabi/lib/armv6-m/libc_nano.a(lib_a-isattyr.o)
                0x08002bac                _isatty_r
 .text._lseek_r
                0x08002bd0       0x28 /home/yuan/gcc-arm-none-eabi-5_4-2016q3/bin/../lib/gcc/arm-none-eabi/5.4.1/../../../../arm-none-eabi/lib/armv6-m/libc_nano.a(lib_a-lseekr.o)
                0x08002bd0                _lseek_r
 .text.memchr   0x08002bf8       0x16 /home/yuan/gcc-arm-none-eabi-5_4-2016q3/bin/../lib/gcc/arm-none-eabi/5.4.1/../../../../arm-none-eabi/lib/armv6-m/libc_nano.a(lib_a-memchr-stub.o)
                0x08002bf8                memchr
 .text.__malloc_lock
                0x08002c0e        0x2 /home/yuan/gcc-arm-none-eabi-5_4-2016q3/bin/../lib/gcc/arm-none-eabi/5.4.1/../../../../arm-none-eabi/lib/armv6-m/libc_nano.a(lib_a-mlock.o)
                0x08002c0e                __malloc_lock
 .text.__malloc_unlock
                0x08002c10        0x2 /home/yuan/gcc-arm-none-eabi-5_4-2016q3/bin/../lib/gcc/arm-none-eabi/5.4.1/../../../../arm-none-eabi/lib/armv6-m/libc_nano.a(lib_a-mlock.o)
                0x08002c10                __malloc_unlock
 *fill*         0x08002c12        0x2 
 .text._read_r  0x08002c14       0x28 /home/yuan/gcc-arm-none-eabi-5_4-2016q3/bin/../lib/gcc/arm-none-eabi/5.4.1/../../../../arm-none-eabi/lib/armv6-m/libc_nano.a(lib_a-readr.o)
                0x08002c14                _read_r
 .text._close   0x08002c3c       0x10 /home/yuan/gcc-arm-none-eabi-5_4-2016q3/bin/../lib/gcc/arm-none-eabi/5.4.1/../../../../arm-none-eabi/lib/armv6-m/libnosys.a(close.o)
                0x08002c3c                _close
 .text._fstat   0x08002c4c       0x10 /home/yuan/gcc-arm-none-eabi-5_4-2016q3/bin/../lib/gcc/arm-none-eabi/5.4.1/../../../../arm-none-eabi/lib/armv6-m/libnosys.a(fstat.o)
                0x08002c4c                _fstat
 .text._isatty  0x08002c5c       0x10 /home/yuan/gcc-arm-none-eabi-5_4-2016q3/bin/../lib/gcc/arm-none-eabi/5.4.1/../../../../arm-none-eabi/lib/armv6-m/libnosys.a(isatty.o)
                0x08002c5c                _isatty
 .text._lseek   0x08002c6c       0x10 /home/yuan/gcc-arm-none-eabi-5_4-2016q3/bin/../lib/gcc/arm-none-eabi/5.4.1/../../../../arm-none-eabi/lib/armv6-m/libnosys.a(lseek.o)
                0x08002c6c                _lseek
 .text._read    0x08002c7c       0x10 /home/yuan/gcc-arm-none-eabi-5_4-2016q3/bin/../lib/gcc/arm-none-eabi/5.4.1/../../../../arm-none-eabi/lib/armv6-m/libnosys.a(read.o)
                0x08002c7c                _read
 .text._sbrk    0x08002c8c       0x1c /home/yuan/gcc-arm-none-eabi-5_4-2016q3/bin/../lib/gcc/arm-none-eabi/5.4.1/../../../../arm-none-eabi/lib/armv6-m/libnosys.a(sbrk.o)
                0x08002c8c                _sbrk
 *(.glue_7)
 .glue_7        0x08002ca8        0x0 linker stubs
 *(.glue_7t)
 .glue_7t       0x08002ca8        0x0 linker stubs
 *(.eh_frame)
 .eh_frame      0x08002ca8        0x0 /home/yuan/gcc-arm-none-eabi-5_4-2016q3/bin/../lib/gcc/arm-none-eabi/5.4.1/armv6-m/crtbegin.o
 *(.init)
 .init          0x08002ca8        0x4 /home/yuan/gcc-arm-none-eabi-5_4-2016q3/bin/../lib/gcc/arm-none-eabi/5.4.1/armv6-m/crti.o
                0x08002ca8                _init
 .init          0x08002cac        0x8 /home/yuan/gcc-arm-none-eabi-5_4-2016q3/bin/../lib/gcc/arm-none-eabi/5.4.1/armv6-m/crtn.o
 *(.fini)
 .fini          0x08002cb4        0x4 /home/yuan/gcc-arm-none-eabi-5_4-2016q3/bin/../lib/gcc/arm-none-eabi/5.4.1/armv6-m/crti.o
                0x08002cb4                _fini
 .fini          0x08002cb8        0x8 /home/yuan/gcc-arm-none-eabi-5_4-2016q3/bin/../lib/gcc/arm-none-eabi/5.4.1/armv6-m/crtn.o
                0x08002cc0                . = ALIGN (0x4)
                0x08002cc0                _etext = .

.vfp11_veneer   0x08002cc0        0x0
 .vfp11_veneer  0x08002cc0        0x0 linker stubs

.v4_bx          0x08002cc0        0x0
 .v4_bx         0x08002cc0        0x0 linker stubs

.iplt           0x08002cc0        0x0
 .iplt          0x08002cc0        0x0 /home/yuan/gcc-arm-none-eabi-5_4-2016q3/bin/../lib/gcc/arm-none-eabi/5.4.1/armv6-m/crtbegin.o

.rodata         0x08002cc0      0x178
                0x08002cc0                . = ALIGN (0x4)
 *(.rodata)
 *(.rodata*)
 .rodata.str1.4
                0x08002cc0        0xb Build/main.o
 *fill*         0x08002ccb        0x1 
 .rodata.str1.4
                0x08002ccc       0x4c Build/board.o
                                 0x4a (size before relaxing)
 .rodata.UARTPrescTable
                0x08002d18       0x18 Build/stm32g0xx_hal_uart.o
                0x08002d18                UARTPrescTable
 .rodata.numerator.6928
                0x08002d30        0x8 Build/stm32g0xx_hal_uart_ex.o
 .rodata.denominator.6929
                0x08002d38        0x8 Build/stm32g0xx_hal_uart_ex.o
 .rodata.AHBPrescTable
                0x08002d40       0x40 Build/system_stm32g0xx.o
                0x08002d40                AHBPrescTable
 .rodata.APBPrescTable
                0x08002d80       0x20 Build/system_stm32g0xx.o
                0x08002d80                APBPrescTable
 .rodata._global_impure_ptr
                0x08002da0        0x4 /home/yuan/gcc-arm-none-eabi-5_4-2016q3/bin/../lib/gcc/arm-none-eabi/5.4.1/../../../../arm-none-eabi/lib/armv6-m/libc_nano.a(lib_a-impure.o)
                0x08002da0                _global_impure_ptr
 .rodata.__sf_fake_stdin
                0x08002da4       0x20 /home/yuan/gcc-arm-none-eabi-5_4-2016q3/bin/../lib/gcc/arm-none-eabi/5.4.1/../../../../arm-none-eabi/lib/armv6-m/libc_nano.a(lib_a-findfp.o)
                0x08002da4                __sf_fake_stdin
 .rodata.__sf_fake_stdout
                0x08002dc4       0x20 /home/yuan/gcc-arm-none-eabi-5_4-2016q3/bin/../lib/gcc/arm-none-eabi/5.4.1/../../../../arm-none-eabi/lib/armv6-m/libc_nano.a(lib_a-findfp.o)
                0x08002dc4                __sf_fake_stdout
 .rodata.__sf_fake_stderr
                0x08002de4       0x20 /home/yuan/gcc-arm-none-eabi-5_4-2016q3/bin/../lib/gcc/arm-none-eabi/5.4.1/../../../../arm-none-eabi/lib/armv6-m/libc_nano.a(lib_a-findfp.o)
                0x08002de4                __sf_fake_stderr
 .rodata.str1.1
                0x08002e04       0x11 /home/yuan/gcc-arm-none-eabi-5_4-2016q3/bin/../lib/gcc/arm-none-eabi/5.4.1/../../../../arm-none-eabi/lib/armv6-m/libc_nano.a(lib_a-nano-vfprintf.o)
 .rodata.str1.1
                0x08002e15       0x22 /home/yuan/gcc-arm-none-eabi-5_4-2016q3/bin/../lib/gcc/arm-none-eabi/5.4.1/../../../../arm-none-eabi/lib/armv6-m/libc_nano.a(lib_a-nano-vfprintf_i.o)
                0x08002e38                . = ALIGN (0x4)
 *fill*         0x08002e37        0x1 

.rel.dyn        0x08002e38        0x0
 .rel.iplt      0x08002e38        0x0 /home/yuan/gcc-arm-none-eabi-5_4-2016q3/bin/../lib/gcc/arm-none-eabi/5.4.1/armv6-m/crtbegin.o

.ARM.extab
 *(.ARM.extab* .gnu.linkonce.armextab.*)

.ARM            0x08002e38        0x0
                0x08002e38                __exidx_start = .
 *(.ARM.exidx*)
                0x08002e38                __exidx_end = .

.preinit_array  0x08002e38        0x0
                0x08002e38                PROVIDE (__preinit_array_start, .)
 *(.preinit_array*)
                0x08002e38                PROVIDE (__preinit_array_end, .)

.init_array     0x08002e38        0x4
                0x08002e38                PROVIDE (__init_array_start, .)
 *(SORT(.init_array.*))
 *(.init_array*)
 .init_array    0x08002e38        0x4 /home/yuan/gcc-arm-none-eabi-5_4-2016q3/bin/../lib/gcc/arm-none-eabi/5.4.1/armv6-m/crtbegin.o
                0x08002e3c                PROVIDE (__init_array_end, .)

.fini_array     0x08002e3c        0x4
                [!provide]                PROVIDE (__fini_array_start, .)
 *(SORT(.fini_array.*))
 *(.fini_array*)
 .fini_array    0x08002e3c        0x4 /home/yuan/gcc-arm-none-eabi-5_4-2016q3/bin/../lib/gcc/arm-none-eabi/5.4.1/armv6-m/crtbegin.o
                [!provide]                PROVIDE (__fini_array_end, .)
                0x08002e40                _sidata = LOADADDR (.data)

.data           0x20000000       0x70 load address 0x08002e40
                0x20000000                . = ALIGN (0x4)
                0x20000000                _sdata = .
 *(.data)
 *(.data*)
 .data.uwTickPrio
                0x20000000        0x4 Build/stm32g0xx_hal.o
                0x20000000                uwTickPrio
 .data.uwTickFreq
                0x20000004        0x1 Build/stm32g0xx_hal.o
                0x20000004                uwTickFreq
 *fill*         0x20000005        0x3 
 .data.SystemCoreClock
                0x20000008        0x4 Build/system_stm32g0xx.o
                0x20000008                SystemCoreClock
 .data.impure_data
                0x2000000c       0x60 /home/yuan/gcc-arm-none-eabi-5_4-2016q3/bin/../lib/gcc/arm-none-eabi/5.4.1/../../../../arm-none-eabi/lib/armv6-m/libc_nano.a(lib_a-impure.o)
 .data._impure_ptr
                0x2000006c        0x4 /home/yuan/gcc-arm-none-eabi-5_4-2016q3/bin/../lib/gcc/arm-none-eabi/5.4.1/../../../../arm-none-eabi/lib/armv6-m/libc_nano.a(lib_a-impure.o)
                0x2000006c                _impure_ptr
                0x20000070                . = ALIGN (0x4)
                0x20000070                _edata = .

.jcr            0x20000070        0x0 load address 0x08002eb0
 .jcr           0x20000070        0x0 /home/yuan/gcc-arm-none-eabi-5_4-2016q3/bin/../lib/gcc/arm-none-eabi/5.4.1/armv6-m/crtbegin.o

.igot.plt       0x20000070        0x0 load address 0x08002eb0
 .igot.plt      0x20000070        0x0 /home/yuan/gcc-arm-none-eabi-5_4-2016q3/bin/../lib/gcc/arm-none-eabi/5.4.1/armv6-m/crtbegin.o
                0x20000070                . = ALIGN (0x4)

.bss            0x20000070      0x118 load address 0x08002eb0
                0x20000070                _sbss = .
                0x20000070                __bss_start__ = _sbss
 *(.bss)
 .bss           0x20000070       0x1c /home/yuan/gcc-arm-none-eabi-5_4-2016q3/bin/../lib/gcc/arm-none-eabi/5.4.1/armv6-m/crtbegin.o
 *(.bss*)
 .bss.__malloc_sbrk_start
                0x2000008c        0x4 /home/yuan/gcc-arm-none-eabi-5_4-2016q3/bin/../lib/gcc/arm-none-eabi/5.4.1/../../../../arm-none-eabi/lib/armv6-m/libc_nano.a(lib_a-nano-mallocr.o)
                0x2000008c                __malloc_sbrk_start
 .bss.__malloc_free_list
                0x20000090        0x4 /home/yuan/gcc-arm-none-eabi-5_4-2016q3/bin/../lib/gcc/arm-none-eabi/5.4.1/../../../../arm-none-eabi/lib/armv6-m/libc_nano.a(lib_a-nano-mallocr.o)
                0x20000090                __malloc_free_list
 .bss.heap_end.4167
                0x20000094        0x4 /home/yuan/gcc-arm-none-eabi-5_4-2016q3/bin/../lib/gcc/arm-none-eabi/5.4.1/../../../../arm-none-eabi/lib/armv6-m/libnosys.a(sbrk.o)
 *(COMMON)
 COMMON         0x20000098       0xe8 Build/main.o
                0x20000098                hi2c1
                0x200000ec                huart1
 COMMON         0x20000180        0x4 Build/stm32g0xx_hal.o
                0x20000180                uwTick
 COMMON         0x20000184        0x4 /home/yuan/gcc-arm-none-eabi-5_4-2016q3/bin/../lib/gcc/arm-none-eabi/5.4.1/../../../../arm-none-eabi/lib/armv6-m/libc_nano.a(lib_a-reent.o)
                0x20000184                errno
                0x20000188                . = ALIGN (0x4)
                0x20000188                _ebss = .
                0x20000188                __bss_end__ = _ebss

._user_heap_stack
                0x20000188      0x600 load address 0x08002eb0
                0x20000188                . = ALIGN (0x8)
                0x20000188                PROVIDE (end, .)
                [!provide]                PROVIDE (_end, .)
                0x20000388                . = (. + _Min_Heap_Size)
 *fill*         0x20000188      0x200 
                0x20000788                . = (. + _Min_Stack_Size)
 *fill*         0x20000388      0x400 
                0x20000788                . = ALIGN (0x8)

/DISCARD/
 libc.a(*)
 libm.a(*)
 libgcc.a(*)

.ARM.attributes
                0x00000000       0x28
 *(.ARM.attributes)
 .ARM.attributes
                0x00000000       0x1e /home/yuan/gcc-arm-none-eabi-5_4-2016q3/bin/../lib/gcc/arm-none-eabi/5.4.1/armv6-m/crti.o
 .ARM.attributes
                0x0000001e       0x2c /home/yuan/gcc-arm-none-eabi-5_4-2016q3/bin/../lib/gcc/arm-none-eabi/5.4.1/armv6-m/crtbegin.o
 .ARM.attributes
                0x0000004a       0x32 Build/main.o
 .ARM.attributes
                0x0000007c       0x32 Build/board.o
 .ARM.attributes
                0x000000ae       0x32 Build/stm32g0xx_it.o
 .ARM.attributes
                0x000000e0       0x32 Build/stm32g0xx_hal_msp.o
 .ARM.attributes
                0x00000112       0x32 Build/stm32g0xx_hal_i2c.o
 .ARM.attributes
                0x00000144       0x32 Build/stm32g0xx_hal_i2c_ex.o
 .ARM.attributes
                0x00000176       0x32 Build/stm32g0xx_hal_rcc.o
 .ARM.attributes
                0x000001a8       0x32 Build/stm32g0xx_hal_rcc_ex.o
 .ARM.attributes
                0x000001da       0x32 Build/stm32g0xx_hal_gpio.o
 .ARM.attributes
                0x0000020c       0x32 Build/stm32g0xx_hal_pwr_ex.o
 .ARM.attributes
                0x0000023e       0x32 Build/stm32g0xx_hal_cortex.o
 .ARM.attributes
                0x00000270       0x32 Build/stm32g0xx_hal.o
 .ARM.attributes
                0x000002a2       0x32 Build/stm32g0xx_hal_uart.o
 .ARM.attributes
                0x000002d4       0x32 Build/stm32g0xx_hal_uart_ex.o
 .ARM.attributes
                0x00000306       0x32 Build/system_stm32g0xx.o
 .ARM.attributes
                0x00000338       0x22 Build/startup_stm32g070xx.o
 .ARM.attributes
                0x0000035a       0x2c /home/yuan/gcc-arm-none-eabi-5_4-2016q3/bin/../lib/gcc/arm-none-eabi/5.4.1/../../../../arm-none-eabi/lib/armv6-m/libc_nano.a(lib_a-impure.o)
 .ARM.attributes
                0x00000386       0x2c /home/yuan/gcc-arm-none-eabi-5_4-2016q3/bin/../lib/gcc/arm-none-eabi/5.4.1/../../../../arm-none-eabi/lib/armv6-m/libc_nano.a(lib_a-init.o)
 .ARM.attributes
                0x000003b2       0x2c /home/yuan/gcc-arm-none-eabi-5_4-2016q3/bin/../lib/gcc/arm-none-eabi/5.4.1/../../../../arm-none-eabi/lib/armv6-m/libc_nano.a(lib_a-memset.o)
 .ARM.attributes
                0x000003de       0x2c /home/yuan/gcc-arm-none-eabi-5_4-2016q3/bin/../lib/gcc/arm-none-eabi/5.4.1/../../../../arm-none-eabi/lib/armv6-m/libc_nano.a(lib_a-printf.o)
 .ARM.attributes
                0x0000040a       0x2c /home/yuan/gcc-arm-none-eabi-5_4-2016q3/bin/../lib/gcc/arm-none-eabi/5.4.1/../../../../arm-none-eabi/lib/armv6-m/libc_nano.a(lib_a-puts.o)
 .ARM.attributes
                0x00000436       0x2c /home/yuan/gcc-arm-none-eabi-5_4-2016q3/bin/../lib/gcc/arm-none-eabi/5.4.1/../../../../arm-none-eabi/lib/armv6-m/libc_nano.a(lib_a-wbuf.o)
 .ARM.attributes
                0x00000462       0x2c /home/yuan/gcc-arm-none-eabi-5_4-2016q3/bin/../lib/gcc/arm-none-eabi/5.4.1/../../../../arm-none-eabi/lib/armv6-m/libc_nano.a(lib_a-wsetup.o)
 .ARM.attributes
                0x0000048e       0x2c /home/yuan/gcc-arm-none-eabi-5_4-2016q3/bin/../lib/gcc/arm-none-eabi/5.4.1/../../../../arm-none-eabi/lib/armv6-m/libc_nano.a(lib_a-fflush.o)
 .ARM.attributes
                0x000004ba       0x2c /home/yuan/gcc-arm-none-eabi-5_4-2016q3/bin/../lib/gcc/arm-none-eabi/5.4.1/../../../../arm-none-eabi/lib/armv6-m/libc_nano.a(lib_a-findfp.o)
 .ARM.attributes
                0x000004e6       0x2c /home/yuan/gcc-arm-none-eabi-5_4-2016q3/bin/../lib/gcc/arm-none-eabi/5.4.1/../../../../arm-none-eabi/lib/armv6-m/libc_nano.a(lib_a-fwalk.o)
 .ARM.attributes
                0x00000512       0x2c /home/yuan/gcc-arm-none-eabi-5_4-2016q3/bin/../lib/gcc/arm-none-eabi/5.4.1/../../../../arm-none-eabi/lib/armv6-m/libc_nano.a(lib_a-makebuf.o)
 .ARM.attributes
                0x0000053e       0x2c /home/yuan/gcc-arm-none-eabi-5_4-2016q3/bin/../lib/gcc/arm-none-eabi/5.4.1/../../../../arm-none-eabi/lib/armv6-m/libc_nano.a(lib_a-nano-freer.o)
 .ARM.attributes
                0x0000056a       0x2c /home/yuan/gcc-arm-none-eabi-5_4-2016q3/bin/../lib/gcc/arm-none-eabi/5.4.1/../../../../arm-none-eabi/lib/armv6-m/libc_nano.a(lib_a-nano-mallocr.o)
 .ARM.attributes
                0x00000596       0x2c /home/yuan/gcc-arm-none-eabi-5_4-2016q3/bin/../lib/gcc/arm-none-eabi/5.4.1/../../../../arm-none-eabi/lib/armv6-m/libc_nano.a(lib_a-nano-vfprintf.o)
 .ARM.attributes
                0x000005c2       0x2c /home/yuan/gcc-arm-none-eabi-5_4-2016q3/bin/../lib/gcc/arm-none-eabi/5.4.1/../../../../arm-none-eabi/lib/armv6-m/libc_nano.a(lib_a-nano-vfprintf_i.o)
 .ARM.attributes
                0x000005ee       0x2c /home/yuan/gcc-arm-none-eabi-5_4-2016q3/bin/../lib/gcc/arm-none-eabi/5.4.1/../../../../arm-none-eabi/lib/armv6-m/libc_nano.a(lib_a-sbrkr.o)
 .ARM.attributes
                0x0000061a       0x2c /home/yuan/gcc-arm-none-eabi-5_4-2016q3/bin/../lib/gcc/arm-none-eabi/5.4.1/../../../../arm-none-eabi/lib/armv6-m/libc_nano.a(lib_a-stdio.o)
 .ARM.attributes
                0x00000646       0x2c /home/yuan/gcc-arm-none-eabi-5_4-2016q3/bin/../lib/gcc/arm-none-eabi/5.4.1/../../../../arm-none-eabi/lib/armv6-m/libc_nano.a(lib_a-writer.o)
 .ARM.attributes
                0x00000672       0x2c /home/yuan/gcc-arm-none-eabi-5_4-2016q3/bin/../lib/gcc/arm-none-eabi/5.4.1/../../../../arm-none-eabi/lib/armv6-m/libc_nano.a(lib_a-closer.o)
 .ARM.attributes
                0x0000069e       0x2c /home/yuan/gcc-arm-none-eabi-5_4-2016q3/bin/../lib/gcc/arm-none-eabi/5.4.1/../../../../arm-none-eabi/lib/armv6-m/libc_nano.a(lib_a-fstatr.o)
 .ARM.attributes
                0x000006ca       0x2c /home/yuan/gcc-arm-none-eabi-5_4-2016q3/bin/../lib/gcc/arm-none-eabi/5.4.1/../../../../arm-none-eabi/lib/armv6-m/libc_nano.a(lib_a-isattyr.o)
 .ARM.attributes
                0x000006f6       0x2c /home/yuan/gcc-arm-none-eabi-5_4-2016q3/bin/../lib/gcc/arm-none-eabi/5.4.1/../../../../arm-none-eabi/lib/armv6-m/libc_nano.a(lib_a-lseekr.o)
 .ARM.attributes
                0x00000722       0x2c /home/yuan/gcc-arm-none-eabi-5_4-2016q3/bin/../lib/gcc/arm-none-eabi/5.4.1/../../../../arm-none-eabi/lib/armv6-m/libc_nano.a(lib_a-memchr-stub.o)
 .ARM.attributes
                0x0000074e       0x2c /home/yuan/gcc-arm-none-eabi-5_4-2016q3/bin/../lib/gcc/arm-none-eabi/5.4.1/../../../../arm-none-eabi/lib/armv6-m/libc_nano.a(lib_a-mlock.o)
 .ARM.attributes
                0x0000077a       0x2c /home/yuan/gcc-arm-none-eabi-5_4-2016q3/bin/../lib/gcc/arm-none-eabi/5.4.1/../../../../arm-none-eabi/lib/armv6-m/libc_nano.a(lib_a-readr.o)
 .ARM.attributes
                0x000007a6       0x2c /home/yuan/gcc-arm-none-eabi-5_4-2016q3/bin/../lib/gcc/arm-none-eabi/5.4.1/../../../../arm-none-eabi/lib/armv6-m/libc_nano.a(lib_a-reent.o)
 .ARM.attributes
                0x000007d2       0x2c /home/yuan/gcc-arm-none-eabi-5_4-2016q3/bin/../lib/gcc/arm-none-eabi/5.4.1/../../../../arm-none-eabi/lib/armv6-m/libnosys.a(close.o)
 .ARM.attributes
                0x000007fe       0x2c /home/yuan/gcc-arm-none-eabi-5_4-2016q3/bin/../lib/gcc/arm-none-eabi/5.4.1/../../../../arm-none-eabi/lib/armv6-m/libnosys.a(fstat.o)
 .ARM.attributes
                0x0000082a       0x2c /home/yuan/gcc-arm-none-eabi-5_4-2016q3/bin/../lib/gcc/arm-none-eabi/5.4.1/../../../../arm-none-eabi/lib/armv6-m/libnosys.a(isatty.o)
 .ARM.attributes
                0x00000856       0x2c /home/yuan/gcc-arm-none-eabi-5_4-2016q3/bin/../lib/gcc/arm-none-eabi/5.4.1/../../../../arm-none-eabi/lib/armv6-m/libnosys.a(lseek.o)
 .ARM.attributes
                0x00000882       0x2c /home/yuan/gcc-arm-none-eabi-5_4-2016q3/bin/../lib/gcc/arm-none-eabi/5.4.1/../../../../arm-none-eabi/lib/armv6-m/libnosys.a(read.o)
 .ARM.attributes
                0x000008ae       0x2c /home/yuan/gcc-arm-none-eabi-5_4-2016q3/bin/../lib/gcc/arm-none-eabi/5.4.1/../../../../arm-none-eabi/lib/armv6-m/libnosys.a(sbrk.o)
 .ARM.attributes
                0x000008da       0x1e /home/yuan/gcc-arm-none-eabi-5_4-2016q3/bin/../lib/gcc/arm-none-eabi/5.4.1/armv6-m/libgcc.a(_udivsi3.o)
 .ARM.attributes
                0x000008f8       0x1e /home/yuan/gcc-arm-none-eabi-5_4-2016q3/bin/../lib/gcc/arm-none-eabi/5.4.1/armv6-m/libgcc.a(_divsi3.o)
 .ARM.attributes
                0x00000916       0x1e /home/yuan/gcc-arm-none-eabi-5_4-2016q3/bin/../lib/gcc/arm-none-eabi/5.4.1/armv6-m/libgcc.a(_dvmd_tls.o)
 .ARM.attributes
                0x00000934       0x1e /home/yuan/gcc-arm-none-eabi-5_4-2016q3/bin/../lib/gcc/arm-none-eabi/5.4.1/armv6-m/crtn.o
OUTPUT(Build/G070CBT6_Demo.elf elf32-littlearm)

.debug_info     0x00000000    0x11fd3
 .debug_info    0x00000000     0x149c Build/main.o
 .debug_info    0x0000149c      0xb85 Build/board.o
 .debug_info    0x00002021      0x21c Build/stm32g0xx_it.o
 .debug_info    0x0000223d     0x120e Build/stm32g0xx_hal_msp.o
 .debug_info    0x0000344b     0x3f81 Build/stm32g0xx_hal_i2c.o
 .debug_info    0x000073cc      0xb93 Build/stm32g0xx_hal_i2c_ex.o
 .debug_info    0x00007f5f      0xdd6 Build/stm32g0xx_hal_rcc.o
 .debug_info    0x00008d35      0x989 Build/stm32g0xx_hal_rcc_ex.o
 .debug_info    0x000096be      0x6cb Build/stm32g0xx_hal_gpio.o
 .debug_info    0x00009d89      0x5e9 Build/stm32g0xx_hal_pwr_ex.o
 .debug_info    0x0000a372      0xaa1 Build/stm32g0xx_hal_cortex.o
 .debug_info    0x0000ae13      0xaa5 Build/stm32g0xx_hal.o
 .debug_info    0x0000b8b8     0x50ad Build/stm32g0xx_hal_uart.o
 .debug_info    0x00010965     0x1202 Build/stm32g0xx_hal_uart_ex.o
 .debug_info    0x00011b67      0x409 Build/system_stm32g0xx.o
 .debug_info    0x00011f70       0x63 Build/startup_stm32g070xx.o

.debug_abbrev   0x00000000     0x214b
 .debug_abbrev  0x00000000      0x282 Build/main.o
 .debug_abbrev  0x00000282      0x1e3 Build/board.o
 .debug_abbrev  0x00000465      0x110 Build/stm32g0xx_it.o
 .debug_abbrev  0x00000575      0x1d2 Build/stm32g0xx_hal_msp.o
 .debug_abbrev  0x00000747      0x2b6 Build/stm32g0xx_hal_i2c.o
 .debug_abbrev  0x000009fd      0x1d0 Build/stm32g0xx_hal_i2c_ex.o
 .debug_abbrev  0x00000bcd      0x2a0 Build/stm32g0xx_hal_rcc.o
 .debug_abbrev  0x00000e6d      0x232 Build/stm32g0xx_hal_rcc_ex.o
 .debug_abbrev  0x0000109f      0x22a Build/stm32g0xx_hal_gpio.o
 .debug_abbrev  0x000012c9      0x209 Build/stm32g0xx_hal_pwr_ex.o
 .debug_abbrev  0x000014d2      0x297 Build/stm32g0xx_hal_cortex.o
 .debug_abbrev  0x00001769      0x282 Build/stm32g0xx_hal.o
 .debug_abbrev  0x000019eb      0x30f Build/stm32g0xx_hal_uart.o
 .debug_abbrev  0x00001cfa      0x2ee Build/stm32g0xx_hal_uart_ex.o
 .debug_abbrev  0x00001fe8      0x151 Build/system_stm32g0xx.o
 .debug_abbrev  0x00002139       0x12 Build/startup_stm32g070xx.o

.debug_loc      0x00000000     0x9e91
 .debug_loc     0x00000000       0xb9 Build/main.o
 .debug_loc     0x000000b9       0xf4 Build/board.o
 .debug_loc     0x000001ad       0x20 Build/stm32g0xx_it.o
 .debug_loc     0x000001cd      0x160 Build/stm32g0xx_hal_msp.o
 .debug_loc     0x0000032d     0x48c8 Build/stm32g0xx_hal_i2c.o
 .debug_loc     0x00004bf5      0x305 Build/stm32g0xx_hal_i2c_ex.o
 .debug_loc     0x00004efa      0x668 Build/stm32g0xx_hal_rcc.o
 .debug_loc     0x00005562      0x6ec Build/stm32g0xx_hal_rcc_ex.o
 .debug_loc     0x00005c4e      0x320 Build/stm32g0xx_hal_gpio.o
 .debug_loc     0x00005f6e      0x2fe Build/stm32g0xx_hal_pwr_ex.o
 .debug_loc     0x0000626c      0x440 Build/stm32g0xx_hal_cortex.o
 .debug_loc     0x000066ac      0x251 Build/stm32g0xx_hal.o
 .debug_loc     0x000068fd     0x29d9 Build/stm32g0xx_hal_uart.o
 .debug_loc     0x000092d6      0xb1b Build/stm32g0xx_hal_uart_ex.o
 .debug_loc     0x00009df1       0xa0 Build/system_stm32g0xx.o

.debug_aranges  0x00000000      0xa78
 .debug_aranges
                0x00000000       0x48 Build/main.o
 .debug_aranges
                0x00000048       0x30 Build/board.o
 .debug_aranges
                0x00000078       0x40 Build/stm32g0xx_it.o
 .debug_aranges
                0x000000b8       0x40 Build/stm32g0xx_hal_msp.o
 .debug_aranges
                0x000000f8      0x2a0 Build/stm32g0xx_hal_i2c.o
 .debug_aranges
                0x00000398       0x48 Build/stm32g0xx_hal_i2c_ex.o
 .debug_aranges
                0x000003e0       0x98 Build/stm32g0xx_hal_rcc.o
 .debug_aranges
                0x00000478       0x40 Build/stm32g0xx_hal_rcc_ex.o
 .debug_aranges
                0x000004b8       0x60 Build/stm32g0xx_hal_gpio.o
 .debug_aranges
                0x00000518       0x98 Build/stm32g0xx_hal_pwr_ex.o
 .debug_aranges
                0x000005b0       0x90 Build/stm32g0xx_hal_cortex.o
 .debug_aranges
                0x00000640       0xf8 Build/stm32g0xx_hal.o
 .debug_aranges
                0x00000738      0x248 Build/stm32g0xx_hal_uart.o
 .debug_aranges
                0x00000980       0xa8 Build/stm32g0xx_hal_uart_ex.o
 .debug_aranges
                0x00000a28       0x28 Build/system_stm32g0xx.o
 .debug_aranges
                0x00000a50       0x28 Build/startup_stm32g070xx.o

.debug_ranges   0x00000000      0x9b0
 .debug_ranges  0x00000000       0x38 Build/main.o
 .debug_ranges  0x00000038       0x20 Build/board.o
 .debug_ranges  0x00000058       0x30 Build/stm32g0xx_it.o
 .debug_ranges  0x00000088       0x30 Build/stm32g0xx_hal_msp.o
 .debug_ranges  0x000000b8      0x290 Build/stm32g0xx_hal_i2c.o
 .debug_ranges  0x00000348       0x38 Build/stm32g0xx_hal_i2c_ex.o
 .debug_ranges  0x00000380       0xa0 Build/stm32g0xx_hal_rcc.o
 .debug_ranges  0x00000420       0x48 Build/stm32g0xx_hal_rcc_ex.o
 .debug_ranges  0x00000468       0x50 Build/stm32g0xx_hal_gpio.o
 .debug_ranges  0x000004b8       0x88 Build/stm32g0xx_hal_pwr_ex.o
 .debug_ranges  0x00000540       0x80 Build/stm32g0xx_hal_cortex.o
 .debug_ranges  0x000005c0       0xe8 Build/stm32g0xx_hal.o
 .debug_ranges  0x000006a8      0x238 Build/stm32g0xx_hal_uart.o
 .debug_ranges  0x000008e0       0x98 Build/stm32g0xx_hal_uart_ex.o
 .debug_ranges  0x00000978       0x18 Build/system_stm32g0xx.o
 .debug_ranges  0x00000990       0x20 Build/startup_stm32g070xx.o

.debug_line     0x00000000     0x5b1c
 .debug_line    0x00000000      0x345 Build/main.o
 .debug_line    0x00000345      0x265 Build/board.o
 .debug_line    0x000005aa      0x1a4 Build/stm32g0xx_it.o
 .debug_line    0x0000074e      0x2ac Build/stm32g0xx_hal_msp.o
 .debug_line    0x000009fa     0x16b9 Build/stm32g0xx_hal_i2c.o
 .debug_line    0x000020b3      0x323 Build/stm32g0xx_hal_i2c_ex.o
 .debug_line    0x000023d6      0x556 Build/stm32g0xx_hal_rcc.o
 .debug_line    0x0000292c      0x3e7 Build/stm32g0xx_hal_rcc_ex.o
 .debug_line    0x00002d13      0x30a Build/stm32g0xx_hal_gpio.o
 .debug_line    0x0000301d      0x397 Build/stm32g0xx_hal_pwr_ex.o
 .debug_line    0x000033b4      0x394 Build/stm32g0xx_hal_cortex.o
 .debug_line    0x00003748      0x424 Build/stm32g0xx_hal.o
 .debug_line    0x00003b6c     0x1765 Build/stm32g0xx_hal_uart.o
 .debug_line    0x000052d1      0x620 Build/stm32g0xx_hal_uart_ex.o
 .debug_line    0x000058f1      0x1b4 Build/system_stm32g0xx.o
 .debug_line    0x00005aa5       0x77 Build/startup_stm32g070xx.o

.debug_str      0x00000000     0x3382
 .debug_str     0x00000000      0xd43 Build/main.o
                                0xe40 (size before relaxing)
 .debug_str     0x00000d43       0x6b Build/board.o
                                0x833 (size before relaxing)
 .debug_str     0x00000dae       0x6d Build/stm32g0xx_it.o
                                0x27a (size before relaxing)
 .debug_str     0x00000e1b      0x175 Build/stm32g0xx_hal_msp.o
                                0xce5 (size before relaxing)
 .debug_str     0x00000f90      0x8de Build/stm32g0xx_hal_i2c.o
                               0x1123 (size before relaxing)
 .debug_str     0x0000186e       0xdb Build/stm32g0xx_hal_i2c_ex.o
                                0x9be (size before relaxing)
 .debug_str     0x00001949      0x2cb Build/stm32g0xx_hal_rcc.o
                                0x7cb (size before relaxing)
 .debug_str     0x00001c14      0x113 Build/stm32g0xx_hal_rcc_ex.o
                                0x637 (size before relaxing)
 .debug_str     0x00001d27      0x112 Build/stm32g0xx_hal_gpio.o
                                0x478 (size before relaxing)
 .debug_str     0x00001e39      0x253 Build/stm32g0xx_hal_pwr_ex.o
                                0x555 (size before relaxing)
 .debug_str     0x0000208c      0x533 Build/stm32g0xx_hal_cortex.o
                                0x79c (size before relaxing)
 .debug_str     0x000025bf      0x2c1 Build/stm32g0xx_hal.o
                                0x8af (size before relaxing)
 .debug_str     0x00002880      0x876 Build/stm32g0xx_hal_uart.o
                               0x11b7 (size before relaxing)
 .debug_str     0x000030f6      0x24f Build/stm32g0xx_hal_uart_ex.o
                                0xbb2 (size before relaxing)
 .debug_str     0x00003345       0x3d Build/system_stm32g0xx.o
                                0x355 (size before relaxing)

.comment        0x00000000       0x6e
 .comment       0x00000000       0x6e Build/main.o
                                 0x6f (size before relaxing)
 .comment       0x0000006e       0x6f Build/board.o
 .comment       0x0000006e       0x6f Build/stm32g0xx_it.o
 .comment       0x0000006e       0x6f Build/stm32g0xx_hal_msp.o
 .comment       0x0000006e       0x6f Build/stm32g0xx_hal_i2c.o
 .comment       0x0000006e       0x6f Build/stm32g0xx_hal_i2c_ex.o
 .comment       0x0000006e       0x6f Build/stm32g0xx_hal_rcc.o
 .comment       0x0000006e       0x6f Build/stm32g0xx_hal_rcc_ex.o
 .comment       0x0000006e       0x6f Build/stm32g0xx_hal_gpio.o
 .comment       0x0000006e       0x6f Build/stm32g0xx_hal_pwr_ex.o
 .comment       0x0000006e       0x6f Build/stm32g0xx_hal_cortex.o
 .comment       0x0000006e       0x6f Build/stm32g0xx_hal.o
 .comment       0x0000006e       0x6f Build/stm32g0xx_hal_uart.o
 .comment       0x0000006e       0x6f Build/stm32g0xx_hal_uart_ex.o
 .comment       0x0000006e       0x6f Build/system_stm32g0xx.o

.debug_frame    0x00000000     0x268c
 .debug_frame   0x00000000       0xb8 Build/main.o
 .debug_frame   0x000000b8       0x70 Build/board.o
 .debug_frame   0x00000128       0x6c Build/stm32g0xx_it.o
 .debug_frame   0x00000194       0x9c Build/stm32g0xx_hal_msp.o
 .debug_frame   0x00000230      0x9e4 Build/stm32g0xx_hal_i2c.o
 .debug_frame   0x00000c14       0xd0 Build/stm32g0xx_hal_i2c_ex.o
 .debug_frame   0x00000ce4      0x188 Build/stm32g0xx_hal_rcc.o
 .debug_frame   0x00000e6c       0xa0 Build/stm32g0xx_hal_rcc_ex.o
 .debug_frame   0x00000f0c       0xe0 Build/stm32g0xx_hal_gpio.o
 .debug_frame   0x00000fec      0x128 Build/stm32g0xx_hal_pwr_ex.o
 .debug_frame   0x00001114      0x128 Build/stm32g0xx_hal_cortex.o
 .debug_frame   0x0000123c      0x210 Build/stm32g0xx_hal.o
 .debug_frame   0x0000144c      0x794 Build/stm32g0xx_hal_uart.o
 .debug_frame   0x00001be0      0x224 Build/stm32g0xx_hal_uart_ex.o
 .debug_frame   0x00001e04       0x3c Build/system_stm32g0xx.o
 .debug_frame   0x00001e40       0x2c /home/yuan/gcc-arm-none-eabi-5_4-2016q3/bin/../lib/gcc/arm-none-eabi/5.4.1/../../../../arm-none-eabi/lib/armv6-m/libc_nano.a(lib_a-init.o)
 .debug_frame   0x00001e6c       0x20 /home/yuan/gcc-arm-none-eabi-5_4-2016q3/bin/../lib/gcc/arm-none-eabi/5.4.1/../../../../arm-none-eabi/lib/armv6-m/libc_nano.a(lib_a-memset.o)
 .debug_frame   0x00001e8c       0x50 /home/yuan/gcc-arm-none-eabi-5_4-2016q3/bin/../lib/gcc/arm-none-eabi/5.4.1/../../../../arm-none-eabi/lib/armv6-m/libc_nano.a(lib_a-printf.o)
 .debug_frame   0x00001edc       0x44 /home/yuan/gcc-arm-none-eabi-5_4-2016q3/bin/../lib/gcc/arm-none-eabi/5.4.1/../../../../arm-none-eabi/lib/armv6-m/libc_nano.a(lib_a-puts.o)
 .debug_frame   0x00001f20       0x48 /home/yuan/gcc-arm-none-eabi-5_4-2016q3/bin/../lib/gcc/arm-none-eabi/5.4.1/../../../../arm-none-eabi/lib/armv6-m/libc_nano.a(lib_a-wbuf.o)
 .debug_frame   0x00001f68       0x2c /home/yuan/gcc-arm-none-eabi-5_4-2016q3/bin/../lib/gcc/arm-none-eabi/5.4.1/../../../../arm-none-eabi/lib/armv6-m/libc_nano.a(lib_a-wsetup.o)
 .debug_frame   0x00001f94       0x68 /home/yuan/gcc-arm-none-eabi-5_4-2016q3/bin/../lib/gcc/arm-none-eabi/5.4.1/../../../../arm-none-eabi/lib/armv6-m/libc_nano.a(lib_a-fflush.o)
 .debug_frame   0x00001ffc      0x140 /home/yuan/gcc-arm-none-eabi-5_4-2016q3/bin/../lib/gcc/arm-none-eabi/5.4.1/../../../../arm-none-eabi/lib/armv6-m/libc_nano.a(lib_a-findfp.o)
 .debug_frame   0x0000213c       0x58 /home/yuan/gcc-arm-none-eabi-5_4-2016q3/bin/../lib/gcc/arm-none-eabi/5.4.1/../../../../arm-none-eabi/lib/armv6-m/libc_nano.a(lib_a-fwalk.o)
 .debug_frame   0x00002194       0x54 /home/yuan/gcc-arm-none-eabi-5_4-2016q3/bin/../lib/gcc/arm-none-eabi/5.4.1/../../../../arm-none-eabi/lib/armv6-m/libc_nano.a(lib_a-makebuf.o)
 .debug_frame   0x000021e8       0x2c /home/yuan/gcc-arm-none-eabi-5_4-2016q3/bin/../lib/gcc/arm-none-eabi/5.4.1/../../../../arm-none-eabi/lib/armv6-m/libc_nano.a(lib_a-nano-freer.o)
 .debug_frame   0x00002214       0x2c /home/yuan/gcc-arm-none-eabi-5_4-2016q3/bin/../lib/gcc/arm-none-eabi/5.4.1/../../../../arm-none-eabi/lib/armv6-m/libc_nano.a(lib_a-nano-mallocr.o)
 .debug_frame   0x00002240       0x9c /home/yuan/gcc-arm-none-eabi-5_4-2016q3/bin/../lib/gcc/arm-none-eabi/5.4.1/../../../../arm-none-eabi/lib/armv6-m/libc_nano.a(lib_a-nano-vfprintf.o)
 .debug_frame   0x000022dc       0x54 /home/yuan/gcc-arm-none-eabi-5_4-2016q3/bin/../lib/gcc/arm-none-eabi/5.4.1/../../../../arm-none-eabi/lib/armv6-m/libc_nano.a(lib_a-nano-vfprintf_i.o)
 .debug_frame   0x00002330       0x2c /home/yuan/gcc-arm-none-eabi-5_4-2016q3/bin/../lib/gcc/arm-none-eabi/5.4.1/../../../../arm-none-eabi/lib/armv6-m/libc_nano.a(lib_a-sbrkr.o)
 .debug_frame   0x0000235c       0x90 /home/yuan/gcc-arm-none-eabi-5_4-2016q3/bin/../lib/gcc/arm-none-eabi/5.4.1/../../../../arm-none-eabi/lib/armv6-m/libc_nano.a(lib_a-stdio.o)
 .debug_frame   0x000023ec       0x2c /home/yuan/gcc-arm-none-eabi-5_4-2016q3/bin/../lib/gcc/arm-none-eabi/5.4.1/../../../../arm-none-eabi/lib/armv6-m/libc_nano.a(lib_a-writer.o)
 .debug_frame   0x00002418       0x2c /home/yuan/gcc-arm-none-eabi-5_4-2016q3/bin/../lib/gcc/arm-none-eabi/5.4.1/../../../../arm-none-eabi/lib/armv6-m/libc_nano.a(lib_a-closer.o)
 .debug_frame   0x00002444       0x2c /home/yuan/gcc-arm-none-eabi-5_4-2016q3/bin/../lib/gcc/arm-none-eabi/5.4.1/../../../../arm-none-eabi/lib/armv6-m/libc_nano.a(lib_a-fstatr.o)
 .debug_frame   0x00002470       0x2c /home/yuan/gcc-arm-none-eabi-5_4-2016q3/bin/../lib/gcc/arm-none-eabi/5.4.1/../../../../arm-none-eabi/lib/armv6-m/libc_nano.a(lib_a-isattyr.o)
 .debug_frame   0x0000249c       0x2c /home/yuan/gcc-arm-none-eabi-5_4-2016q3/bin/../lib/gcc/arm-none-eabi/5.4.1/../../../../arm-none-eabi/lib/armv6-m/libc_nano.a(lib_a-lseekr.o)
 .debug_frame   0x000024c8       0x20 /home/yuan/gcc-arm-none-eabi-5_4-2016q3/bin/../lib/gcc/arm-none-eabi/5.4.1/../../../../arm-none-eabi/lib/armv6-m/libc_nano.a(lib_a-memchr-stub.o)
 .debug_frame   0x000024e8       0x30 /home/yuan/gcc-arm-none-eabi-5_4-2016q3/bin/../lib/gcc/arm-none-eabi/5.4.1/../../../../arm-none-eabi/lib/armv6-m/libc_nano.a(lib_a-mlock.o)
 .debug_frame   0x00002518       0x2c /home/yuan/gcc-arm-none-eabi-5_4-2016q3/bin/../lib/gcc/arm-none-eabi/5.4.1/../../../../arm-none-eabi/lib/armv6-m/libc_nano.a(lib_a-readr.o)
 .debug_frame   0x00002544       0x48 /home/yuan/gcc-arm-none-eabi-5_4-2016q3/bin/../lib/gcc/arm-none-eabi/5.4.1/../../../../arm-none-eabi/lib/armv6-m/libc_nano.a(lib_a-reent.o)
 .debug_frame   0x0000258c       0x20 /home/yuan/gcc-arm-none-eabi-5_4-2016q3/bin/../lib/gcc/arm-none-eabi/5.4.1/../../../../arm-none-eabi/lib/armv6-m/libnosys.a(close.o)
 .debug_frame   0x000025ac       0x20 /home/yuan/gcc-arm-none-eabi-5_4-2016q3/bin/../lib/gcc/arm-none-eabi/5.4.1/../../../../arm-none-eabi/lib/armv6-m/libnosys.a(fstat.o)
 .debug_frame   0x000025cc       0x20 /home/yuan/gcc-arm-none-eabi-5_4-2016q3/bin/../lib/gcc/arm-none-eabi/5.4.1/../../../../arm-none-eabi/lib/armv6-m/libnosys.a(isatty.o)
 .debug_frame   0x000025ec       0x20 /home/yuan/gcc-arm-none-eabi-5_4-2016q3/bin/../lib/gcc/arm-none-eabi/5.4.1/../../../../arm-none-eabi/lib/armv6-m/libnosys.a(lseek.o)
 .debug_frame   0x0000260c       0x20 /home/yuan/gcc-arm-none-eabi-5_4-2016q3/bin/../lib/gcc/arm-none-eabi/5.4.1/../../../../arm-none-eabi/lib/armv6-m/libnosys.a(read.o)
 .debug_frame   0x0000262c       0x20 /home/yuan/gcc-arm-none-eabi-5_4-2016q3/bin/../lib/gcc/arm-none-eabi/5.4.1/../../../../arm-none-eabi/lib/armv6-m/libnosys.a(sbrk.o)
 .debug_frame   0x0000264c       0x20 /home/yuan/gcc-arm-none-eabi-5_4-2016q3/bin/../lib/gcc/arm-none-eabi/5.4.1/armv6-m/libgcc.a(_udivsi3.o)
 .debug_frame   0x0000266c       0x20 /home/yuan/gcc-arm-none-eabi-5_4-2016q3/bin/../lib/gcc/arm-none-eabi/5.4.1/armv6-m/libgcc.a(_divsi3.o)

.stab           0x00000000       0x84
 .stab          0x00000000       0x24 /home/yuan/gcc-arm-none-eabi-5_4-2016q3/bin/../lib/gcc/arm-none-eabi/5.4.1/../../../../arm-none-eabi/lib/armv6-m/libnosys.a(close.o)
 .stab          0x00000024       0x18 /home/yuan/gcc-arm-none-eabi-5_4-2016q3/bin/../lib/gcc/arm-none-eabi/5.4.1/../../../../arm-none-eabi/lib/armv6-m/libnosys.a(fstat.o)
                                 0x24 (size before relaxing)
 .stab          0x0000003c       0x18 /home/yuan/gcc-arm-none-eabi-5_4-2016q3/bin/../lib/gcc/arm-none-eabi/5.4.1/../../../../arm-none-eabi/lib/armv6-m/libnosys.a(isatty.o)
                                 0x24 (size before relaxing)
 .stab          0x00000054       0x18 /home/yuan/gcc-arm-none-eabi-5_4-2016q3/bin/../lib/gcc/arm-none-eabi/5.4.1/../../../../arm-none-eabi/lib/armv6-m/libnosys.a(lseek.o)
                                 0x24 (size before relaxing)
 .stab          0x0000006c       0x18 /home/yuan/gcc-arm-none-eabi-5_4-2016q3/bin/../lib/gcc/arm-none-eabi/5.4.1/../../../../arm-none-eabi/lib/armv6-m/libnosys.a(read.o)
                                 0x24 (size before relaxing)

.stabstr        0x00000000      0x117
 .stabstr       0x00000000      0x117 /home/yuan/gcc-arm-none-eabi-5_4-2016q3/bin/../lib/gcc/arm-none-eabi/5.4.1/../../../../arm-none-eabi/lib/armv6-m/libnosys.a(close.o)

Cross Reference Table

Symbol                                            File
ADC1_IRQHandler                                   Build/startup_stm32g070xx.o
AHBPrescTable                                     Build/system_stm32g0xx.o
                                                  Build/stm32g0xx_hal_rcc.o
APBPrescTable                                     Build/system_stm32g0xx.o
                                                  Build/stm32g0xx_hal_rcc.o
BOARD_Init                                        Build/board.o
                                                  Build/main.o
BOARD_Loop                                        Build/board.o
                                                  Build/main.o
DMA1_Ch4_7_DMAMUX1_OVR_IRQHandler                 Build/startup_stm32g070xx.o
DMA1_Channel1_IRQHandler                          Build/startup_stm32g070xx.o
DMA1_Channel2_3_IRQHandler                        Build/startup_stm32g070xx.o
Default_Handler                                   Build/startup_stm32g070xx.o
EXTI0_1_IRQHandler                                Build/startup_stm32g070xx.o
EXTI2_3_IRQHandler                                Build/startup_stm32g070xx.o
EXTI4_15_IRQHandler                               Build/startup_stm32g070xx.o
Error_Handler                                     Build/main.o
                                                  Build/stm32g0xx_hal_msp.o
FLASH_FlushCaches                                 Build/stm32g0xx_hal_flash_ex.o
FLASH_IRQHandler                                  Build/startup_stm32g070xx.o
FLASH_PageErase                                   Build/stm32g0xx_hal_flash_ex.o
                                                  Build/stm32g0xx_hal_flash.o
FLASH_WaitForLastOperation                        Build/stm32g0xx_hal_flash.o
                                                  Build/stm32g0xx_hal_flash_ex.o
HAL_DBGMCU_DisableDBGStandbyMode                  Build/stm32g0xx_hal.o
HAL_DBGMCU_DisableDBGStopMode                     Build/stm32g0xx_hal.o
HAL_DBGMCU_EnableDBGStandbyMode                   Build/stm32g0xx_hal.o
HAL_DBGMCU_EnableDBGStopMode                      Build/stm32g0xx_hal.o
HAL_DMAEx_ConfigMuxRequestGenerator               Build/stm32g0xx_hal_dma_ex.o
HAL_DMAEx_ConfigMuxSync                           Build/stm32g0xx_hal_dma_ex.o
HAL_DMAEx_DisableMuxRequestGenerator              Build/stm32g0xx_hal_dma_ex.o
HAL_DMAEx_EnableMuxRequestGenerator               Build/stm32g0xx_hal_dma_ex.o
HAL_DMAEx_MUX_IRQHandler                          Build/stm32g0xx_hal_dma_ex.o
HAL_DMA_Abort                                     Build/stm32g0xx_hal_dma.o
                                                  Build/stm32g0xx_hal_uart.o
HAL_DMA_Abort_IT                                  Build/stm32g0xx_hal_dma.o
                                                  Build/stm32g0xx_hal_uart.o
                                                  Build/stm32g0xx_hal_i2c.o
HAL_DMA_DeInit                                    Build/stm32g0xx_hal_dma.o
HAL_DMA_GetError                                  Build/stm32g0xx_hal_dma.o
                                                  Build/stm32g0xx_hal_uart.o
HAL_DMA_GetState                                  Build/stm32g0xx_hal_dma.o
                                                  Build/stm32g0xx_hal_i2c.o
HAL_DMA_IRQHandler                                Build/stm32g0xx_hal_dma.o
HAL_DMA_Init                                      Build/stm32g0xx_hal_dma.o
HAL_DMA_PollForTransfer                           Build/stm32g0xx_hal_dma.o
HAL_DMA_RegisterCallback                          Build/stm32g0xx_hal_dma.o
HAL_DMA_Start                                     Build/stm32g0xx_hal_dma.o
HAL_DMA_Start_IT                                  Build/stm32g0xx_hal_dma.o
                                                  Build/stm32g0xx_hal_uart.o
                                                  Build/stm32g0xx_hal_i2c.o
HAL_DMA_UnRegisterCallback                        Build/stm32g0xx_hal_dma.o
HAL_DeInit                                        Build/stm32g0xx_hal.o
HAL_Delay                                         Build/stm32g0xx_hal.o
HAL_EXTI_ClearConfigLine                          Build/stm32g0xx_hal_exti.o
HAL_EXTI_ClearPending                             Build/stm32g0xx_hal_exti.o
HAL_EXTI_GenerateSWI                              Build/stm32g0xx_hal_exti.o
HAL_EXTI_GetConfigLine                            Build/stm32g0xx_hal_exti.o
HAL_EXTI_GetHandle                                Build/stm32g0xx_hal_exti.o
HAL_EXTI_GetPending                               Build/stm32g0xx_hal_exti.o
HAL_EXTI_IRQHandler                               Build/stm32g0xx_hal_exti.o
HAL_EXTI_RegisterCallback                         Build/stm32g0xx_hal_exti.o
HAL_EXTI_SetConfigLine                            Build/stm32g0xx_hal_exti.o
HAL_FLASHEx_Erase                                 Build/stm32g0xx_hal_flash_ex.o
HAL_FLASHEx_Erase_IT                              Build/stm32g0xx_hal_flash_ex.o
HAL_FLASHEx_FlashEmptyCheck                       Build/stm32g0xx_hal_flash_ex.o
HAL_FLASHEx_ForceFlashEmpty                       Build/stm32g0xx_hal_flash_ex.o
HAL_FLASHEx_OBGetConfig                           Build/stm32g0xx_hal_flash_ex.o
HAL_FLASHEx_OBProgram                             Build/stm32g0xx_hal_flash_ex.o
HAL_FLASH_EndOfOperationCallback                  Build/stm32g0xx_hal_flash.o
HAL_FLASH_GetError                                Build/stm32g0xx_hal_flash.o
HAL_FLASH_IRQHandler                              Build/stm32g0xx_hal_flash.o
HAL_FLASH_Lock                                    Build/stm32g0xx_hal_flash.o
HAL_FLASH_OB_Launch                               Build/stm32g0xx_hal_flash.o
HAL_FLASH_OB_Lock                                 Build/stm32g0xx_hal_flash.o
HAL_FLASH_OB_Unlock                               Build/stm32g0xx_hal_flash.o
HAL_FLASH_OperationErrorCallback                  Build/stm32g0xx_hal_flash.o
HAL_FLASH_Program                                 Build/stm32g0xx_hal_flash.o
HAL_FLASH_Program_IT                              Build/stm32g0xx_hal_flash.o
HAL_FLASH_Unlock                                  Build/stm32g0xx_hal_flash.o
HAL_GPIO_DeInit                                   Build/stm32g0xx_hal_gpio.o
                                                  Build/stm32g0xx_hal_msp.o
HAL_GPIO_EXTI_Falling_Callback                    Build/stm32g0xx_hal_gpio.o
HAL_GPIO_EXTI_IRQHandler                          Build/stm32g0xx_hal_gpio.o
HAL_GPIO_EXTI_Rising_Callback                     Build/stm32g0xx_hal_gpio.o
HAL_GPIO_Init                                     Build/stm32g0xx_hal_gpio.o
                                                  Build/stm32g0xx_hal_rcc_ex.o
                                                  Build/stm32g0xx_hal_rcc.o
                                                  Build/stm32g0xx_hal_msp.o
                                                  Build/main.o
HAL_GPIO_LockPin                                  Build/stm32g0xx_hal_gpio.o
HAL_GPIO_ReadPin                                  Build/stm32g0xx_hal_gpio.o
                                                  Build/board.o
HAL_GPIO_TogglePin                                Build/stm32g0xx_hal_gpio.o
                                                  Build/board.o
HAL_GPIO_WritePin                                 Build/stm32g0xx_hal_gpio.o
                                                  Build/board.o
                                                  Build/main.o
HAL_GetDEVID                                      Build/stm32g0xx_hal.o
HAL_GetHalVersion                                 Build/stm32g0xx_hal.o
HAL_GetREVID                                      Build/stm32g0xx_hal.o
HAL_GetTick                                       Build/stm32g0xx_hal.o
                                                  Build/stm32g0xx_hal_uart_ex.o
                                                  Build/stm32g0xx_hal_uart.o
                                                  Build/stm32g0xx_hal_dma.o
                                                  Build/stm32g0xx_hal_flash.o
                                                  Build/stm32g0xx_hal_rcc_ex.o
                                                  Build/stm32g0xx_hal_rcc.o
                                                  Build/stm32g0xx_hal_i2c.o
                                                  Build/board.o
HAL_GetTickFreq                                   Build/stm32g0xx_hal.o
HAL_GetTickPrio                                   Build/stm32g0xx_hal.o
HAL_GetUIDw0                                      Build/stm32g0xx_hal.o
HAL_GetUIDw1                                      Build/stm32g0xx_hal.o
HAL_GetUIDw2                                      Build/stm32g0xx_hal.o
HAL_HalfDuplex_EnableReceiver                     Build/stm32g0xx_hal_uart.o
HAL_HalfDuplex_EnableTransmitter                  Build/stm32g0xx_hal_uart.o
HAL_HalfDuplex_Init                               Build/stm32g0xx_hal_uart.o
HAL_I2CEx_ConfigAnalogFilter                      Build/stm32g0xx_hal_i2c_ex.o
                                                  Build/main.o
HAL_I2CEx_ConfigDigitalFilter                     Build/stm32g0xx_hal_i2c_ex.o
                                                  Build/main.o
HAL_I2CEx_DisableFastModePlus                     Build/stm32g0xx_hal_i2c_ex.o
HAL_I2CEx_DisableWakeUp                           Build/stm32g0xx_hal_i2c_ex.o
HAL_I2CEx_EnableFastModePlus                      Build/stm32g0xx_hal_i2c_ex.o
HAL_I2CEx_EnableWakeUp                            Build/stm32g0xx_hal_i2c_ex.o
HAL_I2C_AbortCpltCallback                         Build/stm32g0xx_hal_i2c.o
HAL_I2C_AddrCallback                              Build/stm32g0xx_hal_i2c.o
HAL_I2C_DeInit                                    Build/stm32g0xx_hal_i2c.o
HAL_I2C_DisableListen_IT                          Build/stm32g0xx_hal_i2c.o
HAL_I2C_ER_IRQHandler                             Build/stm32g0xx_hal_i2c.o
HAL_I2C_EV_IRQHandler                             Build/stm32g0xx_hal_i2c.o
HAL_I2C_EnableListen_IT                           Build/stm32g0xx_hal_i2c.o
HAL_I2C_ErrorCallback                             Build/stm32g0xx_hal_i2c.o
HAL_I2C_GetError                                  Build/stm32g0xx_hal_i2c.o
HAL_I2C_GetMode                                   Build/stm32g0xx_hal_i2c.o
HAL_I2C_GetState                                  Build/stm32g0xx_hal_i2c.o
HAL_I2C_Init                                      Build/stm32g0xx_hal_i2c.o
                                                  Build/main.o
HAL_I2C_IsDeviceReady                             Build/stm32g0xx_hal_i2c.o
HAL_I2C_ListenCpltCallback                        Build/stm32g0xx_hal_i2c.o
HAL_I2C_MasterRxCpltCallback                      Build/stm32g0xx_hal_i2c.o
HAL_I2C_MasterTxCpltCallback                      Build/stm32g0xx_hal_i2c.o
HAL_I2C_Master_Abort_IT                           Build/stm32g0xx_hal_i2c.o
HAL_I2C_Master_Receive                            Build/stm32g0xx_hal_i2c.o
HAL_I2C_Master_Receive_DMA                        Build/stm32g0xx_hal_i2c.o
HAL_I2C_Master_Receive_IT                         Build/stm32g0xx_hal_i2c.o
HAL_I2C_Master_Seq_Receive_DMA                    Build/stm32g0xx_hal_i2c.o
HAL_I2C_Master_Seq_Receive_IT                     Build/stm32g0xx_hal_i2c.o
HAL_I2C_Master_Seq_Transmit_DMA                   Build/stm32g0xx_hal_i2c.o
HAL_I2C_Master_Seq_Transmit_IT                    Build/stm32g0xx_hal_i2c.o
HAL_I2C_Master_Transmit                           Build/stm32g0xx_hal_i2c.o
HAL_I2C_Master_Transmit_DMA                       Build/stm32g0xx_hal_i2c.o
HAL_I2C_Master_Transmit_IT                        Build/stm32g0xx_hal_i2c.o
HAL_I2C_MemRxCpltCallback                         Build/stm32g0xx_hal_i2c.o
HAL_I2C_MemTxCpltCallback                         Build/stm32g0xx_hal_i2c.o
HAL_I2C_Mem_Read                                  Build/stm32g0xx_hal_i2c.o
HAL_I2C_Mem_Read_DMA                              Build/stm32g0xx_hal_i2c.o
HAL_I2C_Mem_Read_IT                               Build/stm32g0xx_hal_i2c.o
HAL_I2C_Mem_Write                                 Build/stm32g0xx_hal_i2c.o
HAL_I2C_Mem_Write_DMA                             Build/stm32g0xx_hal_i2c.o
HAL_I2C_Mem_Write_IT                              Build/stm32g0xx_hal_i2c.o
HAL_I2C_MspDeInit                                 Build/stm32g0xx_hal_msp.o
HAL_I2C_MspInit                                   Build/stm32g0xx_hal_msp.o
HAL_I2C_SlaveRxCpltCallback                       Build/stm32g0xx_hal_i2c.o
HAL_I2C_SlaveTxCpltCallback                       Build/stm32g0xx_hal_i2c.o
HAL_I2C_Slave_Receive                             Build/stm32g0xx_hal_i2c.o
HAL_I2C_Slave_Receive_DMA                         Build/stm32g0xx_hal_i2c.o
HAL_I2C_Slave_Receive_IT                          Build/stm32g0xx_hal_i2c.o
HAL_I2C_Slave_Seq_Receive_DMA                     Build/stm32g0xx_hal_i2c.o
HAL_I2C_Slave_Seq_Receive_IT                      Build/stm32g0xx_hal_i2c.o
HAL_I2C_Slave_Seq_Transmit_DMA                    Build/stm32g0xx_hal_i2c.o
HAL_I2C_Slave_Seq_Transmit_IT                     Build/stm32g0xx_hal_i2c.o
HAL_I2C_Slave_Transmit                            Build/stm32g0xx_hal_i2c.o
HAL_I2C_Slave_Transmit_DMA                        Build/stm32g0xx_hal_i2c.o
HAL_I2C_Slave_Transmit_IT                         Build/stm32g0xx_hal_i2c.o
HAL_IncTick                                       Build/stm32g0xx_hal.o
                                                  Build/stm32g0xx_it.o
HAL_Init                                          Build/stm32g0xx_hal.o
                                                  Build/main.o
HAL_InitTick                                      Build/stm32g0xx_hal.o
                                                  Build/stm32g0xx_hal_rcc.o
HAL_LIN_Init                                      Build/stm32g0xx_hal_uart.o
HAL_LIN_SendBreak                                 Build/stm32g0xx_hal_uart.o
HAL_MPU_ConfigRegion                              Build/stm32g0xx_hal_cortex.o
HAL_MPU_Disable                                   Build/stm32g0xx_hal_cortex.o
HAL_MPU_Enable                                    Build/stm32g0xx_hal_cortex.o
HAL_MspDeInit                                     Build/stm32g0xx_hal.o
HAL_MspInit                                       Build/stm32g0xx_hal_msp.o
HAL_MultiProcessorEx_AddressLength_Set            Build/stm32g0xx_hal_uart_ex.o
HAL_MultiProcessor_DisableMuteMode                Build/stm32g0xx_hal_uart.o
HAL_MultiProcessor_EnableMuteMode                 Build/stm32g0xx_hal_uart.o
HAL_MultiProcessor_EnterMuteMode                  Build/stm32g0xx_hal_uart.o
HAL_MultiProcessor_Init                           Build/stm32g0xx_hal_uart.o
HAL_NVIC_ClearPendingIRQ                          Build/stm32g0xx_hal_cortex.o
HAL_NVIC_DisableIRQ                               Build/stm32g0xx_hal_cortex.o
HAL_NVIC_EnableIRQ                                Build/stm32g0xx_hal_cortex.o
HAL_NVIC_GetPendingIRQ                            Build/stm32g0xx_hal_cortex.o
HAL_NVIC_GetPriority                              Build/stm32g0xx_hal_cortex.o
HAL_NVIC_SetPendingIRQ                            Build/stm32g0xx_hal_cortex.o
HAL_NVIC_SetPriority                              Build/stm32g0xx_hal_cortex.o
                                                  Build/stm32g0xx_hal.o
HAL_NVIC_SystemReset                              Build/stm32g0xx_hal_cortex.o
HAL_PWREx_ControlVoltageScaling                   Build/stm32g0xx_hal_pwr_ex.o
                                                  Build/main.o
HAL_PWREx_DisableBatteryCharging                  Build/stm32g0xx_hal_pwr_ex.o
HAL_PWREx_DisableFlashPowerDown                   Build/stm32g0xx_hal_pwr_ex.o
HAL_PWREx_DisableGPIOPullDown                     Build/stm32g0xx_hal_pwr_ex.o
HAL_PWREx_DisableGPIOPullUp                       Build/stm32g0xx_hal_pwr_ex.o
HAL_PWREx_DisableInternalWakeUpLine               Build/stm32g0xx_hal_pwr_ex.o
HAL_PWREx_DisableLowPowerRunMode                  Build/stm32g0xx_hal_pwr_ex.o
                                                  Build/stm32g0xx_hal_pwr.o
HAL_PWREx_DisablePullUpPullDownConfig             Build/stm32g0xx_hal_pwr_ex.o
HAL_PWREx_EnableBatteryCharging                   Build/stm32g0xx_hal_pwr_ex.o
HAL_PWREx_EnableFlashPowerDown                    Build/stm32g0xx_hal_pwr_ex.o
HAL_PWREx_EnableGPIOPullDown                      Build/stm32g0xx_hal_pwr_ex.o
HAL_PWREx_EnableGPIOPullUp                        Build/stm32g0xx_hal_pwr_ex.o
HAL_PWREx_EnableInternalWakeUpLine                Build/stm32g0xx_hal_pwr_ex.o
HAL_PWREx_EnableLowPowerRunMode                   Build/stm32g0xx_hal_pwr_ex.o
                                                  Build/stm32g0xx_hal_pwr.o
HAL_PWREx_EnablePullUpPullDownConfig              Build/stm32g0xx_hal_pwr_ex.o
HAL_PWREx_GetVoltageRange                         Build/stm32g0xx_hal_pwr_ex.o
HAL_PWR_DeInit                                    Build/stm32g0xx_hal_pwr.o
HAL_PWR_DisableBkUpAccess                         Build/stm32g0xx_hal_pwr.o
                                                  Build/stm32g0xx_hal_rcc_ex.o
HAL_PWR_DisableSEVOnPend                          Build/stm32g0xx_hal_pwr.o
HAL_PWR_DisableSleepOnExit                        Build/stm32g0xx_hal_pwr.o
HAL_PWR_DisableWakeUpPin                          Build/stm32g0xx_hal_pwr.o
HAL_PWR_EnableBkUpAccess                          Build/stm32g0xx_hal_pwr.o
                                                  Build/stm32g0xx_hal_rcc_ex.o
HAL_PWR_EnableSEVOnPend                           Build/stm32g0xx_hal_pwr.o
HAL_PWR_EnableSleepOnExit                         Build/stm32g0xx_hal_pwr.o
HAL_PWR_EnableWakeUpPin                           Build/stm32g0xx_hal_pwr.o
HAL_PWR_EnterSLEEPMode                            Build/stm32g0xx_hal_pwr.o
HAL_PWR_EnterSTANDBYMode                          Build/stm32g0xx_hal_pwr.o
HAL_PWR_EnterSTOPMode                             Build/stm32g0xx_hal_pwr.o
HAL_RCCEx_DisableLSCO                             Build/stm32g0xx_hal_rcc_ex.o
HAL_RCCEx_EnableLSCO                              Build/stm32g0xx_hal_rcc_ex.o
HAL_RCCEx_GetPeriphCLKConfig                      Build/stm32g0xx_hal_rcc_ex.o
HAL_RCCEx_GetPeriphCLKFreq                        Build/stm32g0xx_hal_rcc_ex.o
HAL_RCCEx_PeriphCLKConfig                         Build/stm32g0xx_hal_rcc_ex.o
                                                  Build/stm32g0xx_hal_msp.o
HAL_RCC_CSSCallback                               Build/stm32g0xx_hal_rcc.o
HAL_RCC_ClockConfig                               Build/stm32g0xx_hal_rcc.o
                                                  Build/main.o
HAL_RCC_DeInit                                    Build/stm32g0xx_hal_rcc.o
HAL_RCC_DisableLSECSS                             Build/stm32g0xx_hal_rcc.o
HAL_RCC_EnableCSS                                 Build/stm32g0xx_hal_rcc.o
HAL_RCC_EnableLSECSS                              Build/stm32g0xx_hal_rcc.o
HAL_RCC_GetClockConfig                            Build/stm32g0xx_hal_rcc.o
HAL_RCC_GetHCLKFreq                               Build/stm32g0xx_hal_rcc.o
HAL_RCC_GetOscConfig                              Build/stm32g0xx_hal_rcc.o
HAL_RCC_GetPCLK1Freq                              Build/stm32g0xx_hal_rcc.o
                                                  Build/stm32g0xx_hal_uart.o
                                                  Build/stm32g0xx_hal_rcc_ex.o
HAL_RCC_GetResetSource                            Build/stm32g0xx_hal_rcc.o
HAL_RCC_GetSysClockFreq                           Build/stm32g0xx_hal_rcc.o
                                                  Build/stm32g0xx_hal_uart.o
                                                  Build/stm32g0xx_hal_rcc_ex.o
HAL_RCC_LSECSSCallback                            Build/stm32g0xx_hal_rcc.o
HAL_RCC_MCOConfig                                 Build/stm32g0xx_hal_rcc.o
HAL_RCC_NMI_IRQHandler                            Build/stm32g0xx_hal_rcc.o
HAL_RCC_OscConfig                                 Build/stm32g0xx_hal_rcc.o
                                                  Build/main.o
HAL_RS485Ex_Init                                  Build/stm32g0xx_hal_uart_ex.o
HAL_ResumeTick                                    Build/stm32g0xx_hal.o
HAL_SYSCFG_DisableIOAnalogSwitchBooster           Build/stm32g0xx_hal.o
HAL_SYSCFG_DisableRemap                           Build/stm32g0xx_hal.o
HAL_SYSCFG_EnableIOAnalogSwitchBooster            Build/stm32g0xx_hal.o
HAL_SYSCFG_EnableRemap                            Build/stm32g0xx_hal.o
HAL_SYSCFG_StrobeDBattpinsConfig                  Build/stm32g0xx_hal.o
                                                  Build/stm32g0xx_hal_msp.o
HAL_SYSTICK_CLKSourceConfig                       Build/stm32g0xx_hal_cortex.o
HAL_SYSTICK_Callback                              Build/stm32g0xx_hal_cortex.o
HAL_SYSTICK_Config                                Build/stm32g0xx_hal_cortex.o
                                                  Build/stm32g0xx_hal.o
HAL_SYSTICK_IRQHandler                            Build/stm32g0xx_hal_cortex.o
HAL_SetTickFreq                                   Build/stm32g0xx_hal.o
HAL_SuspendTick                                   Build/stm32g0xx_hal.o
HAL_UARTEx_DisableFifoMode                        Build/stm32g0xx_hal_uart_ex.o
                                                  Build/main.o
HAL_UARTEx_DisableStopMode                        Build/stm32g0xx_hal_uart_ex.o
HAL_UARTEx_EnableFifoMode                         Build/stm32g0xx_hal_uart_ex.o
HAL_UARTEx_EnableStopMode                         Build/stm32g0xx_hal_uart_ex.o
HAL_UARTEx_GetRxEventType                         Build/stm32g0xx_hal_uart_ex.o
HAL_UARTEx_ReceiveToIdle                          Build/stm32g0xx_hal_uart_ex.o
HAL_UARTEx_ReceiveToIdle_DMA                      Build/stm32g0xx_hal_uart_ex.o
HAL_UARTEx_ReceiveToIdle_IT                       Build/stm32g0xx_hal_uart_ex.o
HAL_UARTEx_RxEventCallback                        Build/stm32g0xx_hal_uart.o
HAL_UARTEx_RxFifoFullCallback                     Build/stm32g0xx_hal_uart_ex.o
                                                  Build/stm32g0xx_hal_uart.o
HAL_UARTEx_SetRxFifoThreshold                     Build/stm32g0xx_hal_uart_ex.o
                                                  Build/main.o
HAL_UARTEx_SetTxFifoThreshold                     Build/stm32g0xx_hal_uart_ex.o
                                                  Build/main.o
HAL_UARTEx_StopModeWakeUpSourceConfig             Build/stm32g0xx_hal_uart_ex.o
HAL_UARTEx_TxFifoEmptyCallback                    Build/stm32g0xx_hal_uart_ex.o
                                                  Build/stm32g0xx_hal_uart.o
HAL_UARTEx_WakeupCallback                         Build/stm32g0xx_hal_uart_ex.o
                                                  Build/stm32g0xx_hal_uart.o
HAL_UART_Abort                                    Build/stm32g0xx_hal_uart.o
HAL_UART_AbortCpltCallback                        Build/stm32g0xx_hal_uart.o
HAL_UART_AbortReceive                             Build/stm32g0xx_hal_uart.o
HAL_UART_AbortReceiveCpltCallback                 Build/stm32g0xx_hal_uart.o
HAL_UART_AbortReceive_IT                          Build/stm32g0xx_hal_uart.o
HAL_UART_AbortTransmit                            Build/stm32g0xx_hal_uart.o
HAL_UART_AbortTransmitCpltCallback                Build/stm32g0xx_hal_uart.o
HAL_UART_AbortTransmit_IT                         Build/stm32g0xx_hal_uart.o
HAL_UART_Abort_IT                                 Build/stm32g0xx_hal_uart.o
HAL_UART_DMAPause                                 Build/stm32g0xx_hal_uart.o
HAL_UART_DMAResume                                Build/stm32g0xx_hal_uart.o
HAL_UART_DMAStop                                  Build/stm32g0xx_hal_uart.o
HAL_UART_DeInit                                   Build/stm32g0xx_hal_uart.o
HAL_UART_DisableReceiverTimeout                   Build/stm32g0xx_hal_uart.o
HAL_UART_EnableReceiverTimeout                    Build/stm32g0xx_hal_uart.o
HAL_UART_ErrorCallback                            Build/stm32g0xx_hal_uart.o
HAL_UART_GetError                                 Build/stm32g0xx_hal_uart.o
HAL_UART_GetState                                 Build/stm32g0xx_hal_uart.o
HAL_UART_IRQHandler                               Build/stm32g0xx_hal_uart.o
HAL_UART_Init                                     Build/stm32g0xx_hal_uart.o
                                                  Build/main.o
HAL_UART_MspDeInit                                Build/stm32g0xx_hal_msp.o
HAL_UART_MspInit                                  Build/stm32g0xx_hal_msp.o
                                                  Build/stm32g0xx_hal_uart_ex.o
HAL_UART_Receive                                  Build/stm32g0xx_hal_uart.o
HAL_UART_Receive_DMA                              Build/stm32g0xx_hal_uart.o
HAL_UART_Receive_IT                               Build/stm32g0xx_hal_uart.o
HAL_UART_ReceiverTimeout_Config                   Build/stm32g0xx_hal_uart.o
HAL_UART_RxCpltCallback                           Build/stm32g0xx_hal_uart.o
HAL_UART_RxHalfCpltCallback                       Build/stm32g0xx_hal_uart.o
HAL_UART_Transmit                                 Build/stm32g0xx_hal_uart.o
                                                  Build/board.o
HAL_UART_Transmit_DMA                             Build/stm32g0xx_hal_uart.o
HAL_UART_Transmit_IT                              Build/stm32g0xx_hal_uart.o
HAL_UART_TxCpltCallback                           Build/stm32g0xx_hal_uart.o
HAL_UART_TxHalfCpltCallback                       Build/stm32g0xx_hal_uart.o
HardFault_Handler                                 Build/stm32g0xx_it.o
I2C1_IRQHandler                                   Build/startup_stm32g070xx.o
I2C2_IRQHandler                                   Build/startup_stm32g070xx.o
NMI_Handler                                       Build/stm32g0xx_it.o
PendSV_Handler                                    Build/stm32g0xx_it.o
RCC_IRQHandler                                    Build/startup_stm32g070xx.o
RTC_TAMP_IRQHandler                               Build/startup_stm32g070xx.o
Reset_Handler                                     Build/startup_stm32g070xx.o
SPI1_IRQHandler                                   Build/startup_stm32g070xx.o
SPI2_IRQHandler                                   Build/startup_stm32g070xx.o
SVC_Handler                                       Build/stm32g0xx_it.o
SysTick_Handler                                   Build/stm32g0xx_it.o
SystemClock_Config                                Build/main.o
SystemCoreClock                                   Build/system_stm32g0xx.o
                                                  Build/stm32g0xx_hal.o
                                                  Build/stm32g0xx_hal_pwr_ex.o
                                                  Build/stm32g0xx_hal_rcc.o
SystemCoreClockUpdate                             Build/system_stm32g0xx.o
SystemInit                                        Build/system_stm32g0xx.o
                                                  Build/startup_stm32g070xx.o
TIM14_IRQHandler                                  Build/startup_stm32g070xx.o
TIM15_IRQHandler                                  Build/startup_stm32g070xx.o
TIM16_IRQHandler                                  Build/startup_stm32g070xx.o
TIM17_IRQHandler                                  Build/startup_stm32g070xx.o
TIM1_BRK_UP_TRG_COM_IRQHandler                    Build/startup_stm32g070xx.o
TIM1_CC_IRQHandler                                Build/startup_stm32g070xx.o
TIM3_IRQHandler                                   Build/startup_stm32g070xx.o
TIM6_IRQHandler                                   Build/startup_stm32g070xx.o
TIM7_IRQHandler                                   Build/startup_stm32g070xx.o
UARTPrescTable                                    Build/stm32g0xx_hal_uart.o
UART_AdvFeatureConfig                             Build/stm32g0xx_hal_uart.o
                                                  Build/stm32g0xx_hal_uart_ex.o
UART_CheckIdleState                               Build/stm32g0xx_hal_uart.o
                                                  Build/stm32g0xx_hal_uart_ex.o
UART_SetConfig                                    Build/stm32g0xx_hal_uart.o
                                                  Build/stm32g0xx_hal_uart_ex.o
UART_Start_Receive_DMA                            Build/stm32g0xx_hal_uart.o
                                                  Build/stm32g0xx_hal_uart_ex.o
UART_Start_Receive_IT                             Build/stm32g0xx_hal_uart.o
                                                  Build/stm32g0xx_hal_uart_ex.o
UART_WaitOnFlagUntilTimeout                       Build/stm32g0xx_hal_uart.o
                                                  Build/stm32g0xx_hal_uart_ex.o
USART1_IRQHandler                                 Build/startup_stm32g070xx.o
USART2_IRQHandler                                 Build/startup_stm32g070xx.o
USART3_4_IRQHandler                               Build/startup_stm32g070xx.o
WWDG_IRQHandler                                   Build/startup_stm32g070xx.o
_Jv_RegisterClasses                               /home/yuan/gcc-arm-none-eabi-5_4-2016q3/bin/../lib/gcc/arm-none-eabi/5.4.1/armv6-m/crtbegin.o
__aeabi_idiv                                      /home/yuan/gcc-arm-none-eabi-5_4-2016q3/bin/../lib/gcc/arm-none-eabi/5.4.1/armv6-m/libgcc.a(_divsi3.o)
                                                  /home/yuan/gcc-arm-none-eabi-5_4-2016q3/bin/../lib/gcc/arm-none-eabi/5.4.1/../../../../arm-none-eabi/lib/armv6-m/libc_nano.a(lib_a-fvwrite.o)
                                                  Build/stm32g0xx_hal_uart_ex.o
__aeabi_idiv0                                     /home/yuan/gcc-arm-none-eabi-5_4-2016q3/bin/../lib/gcc/arm-none-eabi/5.4.1/armv6-m/libgcc.a(_dvmd_tls.o)
                                                  /home/yuan/gcc-arm-none-eabi-5_4-2016q3/bin/../lib/gcc/arm-none-eabi/5.4.1/armv6-m/libgcc.a(_divsi3.o)
                                                  /home/yuan/gcc-arm-none-eabi-5_4-2016q3/bin/../lib/gcc/arm-none-eabi/5.4.1/armv6-m/libgcc.a(_udivsi3.o)
__aeabi_idivmod                                   /home/yuan/gcc-arm-none-eabi-5_4-2016q3/bin/../lib/gcc/arm-none-eabi/5.4.1/armv6-m/libgcc.a(_divsi3.o)
__aeabi_ldiv0                                     /home/yuan/gcc-arm-none-eabi-5_4-2016q3/bin/../lib/gcc/arm-none-eabi/5.4.1/armv6-m/libgcc.a(_dvmd_tls.o)
__aeabi_uidiv                                     /home/yuan/gcc-arm-none-eabi-5_4-2016q3/bin/../lib/gcc/arm-none-eabi/5.4.1/armv6-m/libgcc.a(_udivsi3.o)
                                                  /home/yuan/gcc-arm-none-eabi-5_4-2016q3/bin/../lib/gcc/arm-none-eabi/5.4.1/../../../../arm-none-eabi/lib/armv6-m/libc_nano.a(lib_a-nano-vfprintf_i.o)
                                                  Build/system_stm32g0xx.o
                                                  Build/stm32g0xx_hal_uart.o
                                                  Build/stm32g0xx_hal.o
                                                  Build/stm32g0xx_hal_pwr_ex.o
                                                  Build/stm32g0xx_hal_dma.o
                                                  Build/stm32g0xx_hal_rcc_ex.o
                                                  Build/stm32g0xx_hal_rcc.o
__aeabi_uidivmod                                  /home/yuan/gcc-arm-none-eabi-5_4-2016q3/bin/../lib/gcc/arm-none-eabi/5.4.1/armv6-m/libgcc.a(_udivsi3.o)
                                                  /home/yuan/gcc-arm-none-eabi-5_4-2016q3/bin/../lib/gcc/arm-none-eabi/5.4.1/../../../../arm-none-eabi/lib/armv6-m/libc_nano.a(lib_a-nano-vfprintf_i.o)
__bss_end__                                       /home/yuan/gcc-arm-none-eabi-5_4-2016q3/bin/../lib/gcc/arm-none-eabi/5.4.1/../../../../arm-none-eabi/lib/armv6-m/crt0.o
__bss_start__                                     /home/yuan/gcc-arm-none-eabi-5_4-2016q3/bin/../lib/gcc/arm-none-eabi/5.4.1/../../../../arm-none-eabi/lib/armv6-m/crt0.o
__call_exitprocs                                  /home/yuan/gcc-arm-none-eabi-5_4-2016q3/bin/../lib/gcc/arm-none-eabi/5.4.1/../../../../arm-none-eabi/lib/armv6-m/libc_nano.a(lib_a-exit.o)
__deregister_frame_info                           /home/yuan/gcc-arm-none-eabi-5_4-2016q3/bin/../lib/gcc/arm-none-eabi/5.4.1/armv6-m/crtbegin.o
__divsi3                                          /home/yuan/gcc-arm-none-eabi-5_4-2016q3/bin/../lib/gcc/arm-none-eabi/5.4.1/armv6-m/libgcc.a(_divsi3.o)
__dso_handle                                      /home/yuan/gcc-arm-none-eabi-5_4-2016q3/bin/../lib/gcc/arm-none-eabi/5.4.1/armv6-m/crtbegin.o
__fp_lock_all                                     /home/yuan/gcc-arm-none-eabi-5_4-2016q3/bin/../lib/gcc/arm-none-eabi/5.4.1/../../../../arm-none-eabi/lib/armv6-m/libc_nano.a(lib_a-findfp.o)
__fp_unlock_all                                   /home/yuan/gcc-arm-none-eabi-5_4-2016q3/bin/../lib/gcc/arm-none-eabi/5.4.1/../../../../arm-none-eabi/lib/armv6-m/libc_nano.a(lib_a-findfp.o)
__init_array_end                                  /home/yuan/gcc-arm-none-eabi-5_4-2016q3/bin/../lib/gcc/arm-none-eabi/5.4.1/../../../../arm-none-eabi/lib/armv6-m/libc_nano.a(lib_a-init.o)
__init_array_start                                /home/yuan/gcc-arm-none-eabi-5_4-2016q3/bin/../lib/gcc/arm-none-eabi/5.4.1/../../../../arm-none-eabi/lib/armv6-m/libc_nano.a(lib_a-init.o)
__libc_fini_array                                 /home/yuan/gcc-arm-none-eabi-5_4-2016q3/bin/../lib/gcc/arm-none-eabi/5.4.1/../../../../arm-none-eabi/lib/armv6-m/crt0.o
__libc_init_array                                 /home/yuan/gcc-arm-none-eabi-5_4-2016q3/bin/../lib/gcc/arm-none-eabi/5.4.1/../../../../arm-none-eabi/lib/armv6-m/libc_nano.a(lib_a-init.o)
                                                  Build/startup_stm32g070xx.o
                                                  /home/yuan/gcc-arm-none-eabi-5_4-2016q3/bin/../lib/gcc/arm-none-eabi/5.4.1/../../../../arm-none-eabi/lib/armv6-m/crt0.o
__malloc_free_list                                /home/yuan/gcc-arm-none-eabi-5_4-2016q3/bin/../lib/gcc/arm-none-eabi/5.4.1/../../../../arm-none-eabi/lib/armv6-m/libc_nano.a(lib_a-nano-mallocr.o)
                                                  /home/yuan/gcc-arm-none-eabi-5_4-2016q3/bin/../lib/gcc/arm-none-eabi/5.4.1/../../../../arm-none-eabi/lib/armv6-m/libc_nano.a(lib_a-nano-freer.o)
__malloc_lock                                     /home/yuan/gcc-arm-none-eabi-5_4-2016q3/bin/../lib/gcc/arm-none-eabi/5.4.1/../../../../arm-none-eabi/lib/armv6-m/libc_nano.a(lib_a-mlock.o)
                                                  /home/yuan/gcc-arm-none-eabi-5_4-2016q3/bin/../lib/gcc/arm-none-eabi/5.4.1/../../../../arm-none-eabi/lib/armv6-m/libc_nano.a(lib_a-nano-mallocr.o)
                                                  /home/yuan/gcc-arm-none-eabi-5_4-2016q3/bin/../lib/gcc/arm-none-eabi/5.4.1/../../../../arm-none-eabi/lib/armv6-m/libc_nano.a(lib_a-nano-freer.o)
__malloc_sbrk_start                               /home/yuan/gcc-arm-none-eabi-5_4-2016q3/bin/../lib/gcc/arm-none-eabi/5.4.1/../../../../arm-none-eabi/lib/armv6-m/libc_nano.a(lib_a-nano-mallocr.o)
__malloc_unlock                                   /home/yuan/gcc-arm-none-eabi-5_4-2016q3/bin/../lib/gcc/arm-none-eabi/5.4.1/../../../../arm-none-eabi/lib/armv6-m/libc_nano.a(lib_a-mlock.o)
                                                  /home/yuan/gcc-arm-none-eabi-5_4-2016q3/bin/../lib/gcc/arm-none-eabi/5.4.1/../../../../arm-none-eabi/lib/armv6-m/libc_nano.a(lib_a-nano-mallocr.o)
                                                  /home/yuan/gcc-arm-none-eabi-5_4-2016q3/bin/../lib/gcc/arm-none-eabi/5.4.1/../../../../arm-none-eabi/lib/armv6-m/libc_nano.a(lib_a-nano-freer.o)