Archive member included to satisfy reference by file (symbol)

/home/yuan/gcc-arm-none-eabi-5_4-2016q3/bin/../lib/gcc/arm-none-eabi/5.4.1/../../../../arm-none-eabi/lib/armv6-m/libc_nano.a(lib_a-exit.o)
                              /home/yuan/gcc-arm-none-eabi-5_4-2016q3/bin/../lib/gcc/arm-none-eabi/5.4.1/../../../../arm-none-eabi/lib/armv6-m/crt0.o (exit)
/home/yuan/gcc-arm-none-eabi-5_4-2016q3/bin/../lib/gcc/arm-none-eabi/5.4.1/../../../../arm-none-eabi/lib/armv6-m/libc_nano.a(lib_a-impure.o)
                              /home/yuan/gcc-arm-none-eabi-5_4-2016q3/bin/../lib/gcc/arm-none-eabi/5.4.1/../../../../arm-none-eabi/lib/armv6-m/libc_nano.a(lib_a-exit.o) (_global_impure_ptr)
/home/yuan/gcc-arm-none-eabi-5_4-2016q3/bin/../lib/gcc/arm-none-eabi/5.4.1/../../../../arm-none-eabi/lib/armv6-m/libc_nano.a(lib_a-init.o)
                              /home/yuan/gcc-arm-none-eabi-5_4-2016q3/bin/../lib/gcc/arm-none-eabi/5.4.1/../../../../arm-none-eabi/lib/armv6-m/crt0.o (__libc_init_array)
/home/yuan/gcc-arm-none-eabi-5_4-2016q3/bin/../lib/gcc/arm-none-eabi/5.4.1/../../../../arm-none-eabi/lib/armv6-m/libc_nano.a(lib_a-memcpy-stub.o)
                              Build/ssd1306.o (memcpy)
/home/yuan/gcc-arm-none-eabi-5_4-2016q3/bin/../lib/gcc/arm-none-eabi/5.4.1/../../../../arm-none-eabi/lib/armv6-m/libc_nano.a(lib_a-memset.o)
                              /home/yuan/gcc-arm-none-eabi-5_4-2016q3/bin/../lib/gcc/arm-none-eabi/5.4.1/../../../../arm-none-eabi/lib/armv6-m/crt0.o (memset)
/home/yuan/gcc-arm-none-eabi-5_4-2016q3/bin/../lib/gcc/arm-none-eabi/5.4.1/../../../../arm-none-eabi/lib/armv6-m/libc_nano.a(lib_a-printf.o)
                              Build/at24c02.o (printf)
/home/yuan/gcc-arm-none-eabi-5_4-2016q3/bin/../lib/gcc/arm-none-eabi/5.4.1/../../../../arm-none-eabi/lib/armv6-m/libc_nano.a(lib_a-putchar.o)
                              Build/board.o (putchar)
/home/yuan/gcc-arm-none-eabi-5_4-2016q3/bin/../lib/gcc/arm-none-eabi/5.4.1/../../../../arm-none-eabi/lib/armv6-m/libc_nano.a(lib_a-puts.o)
                              Build/at24c02.o (puts)
/home/yuan/gcc-arm-none-eabi-5_4-2016q3/bin/../lib/gcc/arm-none-eabi/5.4.1/../../../../arm-none-eabi/lib/armv6-m/libc_nano.a(lib_a-wbuf.o)
                              /home/yuan/gcc-arm-none-eabi-5_4-2016q3/bin/../lib/gcc/arm-none-eabi/5.4.1/../../../../arm-none-eabi/lib/armv6-m/libc_nano.a(lib_a-puts.o) (__swbuf_r)
/home/yuan/gcc-arm-none-eabi-5_4-2016q3/bin/../lib/gcc/arm-none-eabi/5.4.1/../../../../arm-none-eabi/lib/armv6-m/libc_nano.a(lib_a-wsetup.o)
                              /home/yuan/gcc-arm-none-eabi-5_4-2016q3/bin/../lib/gcc/arm-none-eabi/5.4.1/../../../../arm-none-eabi/lib/armv6-m/libc_nano.a(lib_a-puts.o) (__swsetup_r)
/home/yuan/gcc-arm-none-eabi-5_4-2016q3/bin/../lib/gcc/arm-none-eabi/5.4.1/../../../../arm-none-eabi/lib/armv6-m/libc_nano.a(lib_a-fflush.o)
                              /home/yuan/gcc-arm-none-eabi-5_4-2016q3/bin/../lib/gcc/arm-none-eabi/5.4.1/../../../../arm-none-eabi/lib/armv6-m/libc_nano.a(lib_a-wbuf.o) (_fflush_r)
/home/yuan/gcc-arm-none-eabi-5_4-2016q3/bin/../lib/gcc/arm-none-eabi/5.4.1/../../../../arm-none-eabi/lib/armv6-m/libc_nano.a(lib_a-findfp.o)
                              /home/yuan/gcc-arm-none-eabi-5_4-2016q3/bin/../lib/gcc/arm-none-eabi/5.4.1/../../../../arm-none-eabi/lib/armv6-m/libc_nano.a(lib_a-printf.o) (__sinit)
/home/yuan/gcc-arm-none-eabi-5_4-2016q3/bin/../lib/gcc/arm-none-eabi/5.4.1/../../../../arm-none-eabi/lib/armv6-m/libc_nano.a(lib_a-fwalk.o)
                              /home/yuan/gcc-arm-none-eabi-5_4-2016q3/bin/../lib/gcc/arm-none-eabi/5.4.1/../../../../arm-none-eabi/lib/armv6-m/libc_nano.a(lib_a-findfp.o) (_fwalk)
/home/yuan/gcc-arm-none-eabi-5_4-2016q3/bin/../lib/gcc/arm-none-eabi/5.4.1/../../../../arm-none-eabi/lib/armv6-m/libc_nano.a(lib_a-makebuf.o)
                              /home/yuan/gcc-arm-none-eabi-5_4-2016q3/bin/../lib/gcc/arm-none-eabi/5.4.1/../../../../arm-none-eabi/lib/armv6-m/libc_nano.a(lib_a-wsetup.o) (__smakebuf_r)
/home/yuan/gcc-arm-none-eabi-5_4-2016q3/bin/../lib/gcc/arm-none-eabi/5.4.1/../../../../arm-none-eabi/lib/armv6-m/libc_nano.a(lib_a-nano-freer.o)
                              /home/yuan/gcc-arm-none-eabi-5_4-2016q3/bin/../lib/gcc/arm-none-eabi/5.4.1/../../../../arm-none-eabi/lib/armv6-m/libc_nano.a(lib_a-wsetup.o) (_free_r)
/home/yuan/gcc-arm-none-eabi-5_4-2016q3/bin/../lib/gcc/arm-none-eabi/5.4.1/../../../../arm-none-eabi/lib/armv6-m/libc_nano.a(lib_a-nano-mallocr.o)
                              /home/yuan/gcc-arm-none-eabi-5_4-2016q3/bin/../lib/gcc/arm-none-eabi/5.4.1/../../../../arm-none-eabi/lib/armv6-m/libc_nano.a(lib_a-findfp.o) (_malloc_r)
/home/yuan/gcc-arm-none-eabi-5_4-2016q3/bin/../lib/gcc/arm-none-eabi/5.4.1/../../../../arm-none-eabi/lib/armv6-m/libc_nano.a(lib_a-nano-vfprintf.o)
[...]
Memory Configuration

Name             Origin             Length             Attributes
RAM              0x20000000         0x00009000         xrw
FLASH            0x08000000         0x00020000         xr
*default*        0x00000000         0xffffffff

Linker script and memory map

LOAD /home/yuan/gcc-arm-none-eabi-5_4-2016q3/bin/../lib/gcc/arm-none-eabi/5.4.1/armv6-m/crti.o
LOAD /home/yuan/gcc-arm-none-eabi-5_4-2016q3/bin/../lib/gcc/arm-none-eabi/5.4.1/armv6-m/crtbegin.o
LOAD /home/yuan/gcc-arm-none-eabi-5_4-2016q3/bin/../lib/gcc/arm-none-eabi/5.4.1/../../../../arm-none-eabi/lib/armv6-m/crt0.o
LOAD Build/ssd1306.o
LOAD Build/ssd1306_fonts.o
LOAD Build/at24c02.o
LOAD Build/main.o
LOAD Build/board.o
LOAD Build/stm32g0xx_it.o
LOAD Build/stm32g0xx_hal_msp.o
LOAD Build/stm32g0xx_hal_i2c.o
LOAD Build/stm32g0xx_hal_i2c_ex.o
LOAD Build/stm32g0xx_hal_rcc.o
LOAD Build/stm32g0xx_hal_rcc_ex.o
LOAD Build/stm32g0xx_ll_rcc.o
LOAD Build/stm32g0xx_hal_flash.o
LOAD Build/stm32g0xx_hal_flash_ex.o
LOAD Build/stm32g0xx_hal_gpio.o
LOAD Build/stm32g0xx_hal_dma.o
LOAD Build/stm32g0xx_hal_dma_ex.o
LOAD Build/stm32g0xx_ll_dma.o
LOAD Build/stm32g0xx_hal_pwr.o
LOAD Build/stm32g0xx_hal_pwr_ex.o
LOAD Build/stm32g0xx_hal_cortex.o
LOAD Build/stm32g0xx_hal.o
LOAD Build/stm32g0xx_hal_exti.o
LOAD Build/stm32g0xx_hal_tim.o
LOAD Build/stm32g0xx_hal_tim_ex.o
LOAD Build/stm32g0xx_hal_uart.o
LOAD Build/stm32g0xx_hal_uart_ex.o
LOAD Build/system_stm32g0xx.o
LOAD Build/startup_stm32g070xx.o
LOAD /home/yuan/gcc-arm-none-eabi-5_4-2016q3/bin/../lib/gcc/arm-none-eabi/5.4.1/../../../../arm-none-eabi/lib/armv6-m/libc_nano.a
LOAD /home/yuan/gcc-arm-none-eabi-5_4-2016q3/bin/../lib/gcc/arm-none-eabi/5.4.1/../../../../arm-none-eabi/lib/armv6-m/libm.a
LOAD /home/yuan/gcc-arm-none-eabi-5_4-2016q3/bin/../lib/gcc/arm-none-eabi/5.4.1/../../../../arm-none-eabi/lib/armv6-m/libnosys.a
START GROUP
LOAD /home/yuan/gcc-arm-none-eabi-5_4-2016q3/bin/../lib/gcc/arm-none-eabi/5.4.1/armv6-m/libgcc.a
LOAD /home/yuan/gcc-arm-none-eabi-5_4-2016q3/bin/../lib/gcc/arm-none-eabi/5.4.1/../../../../arm-none-eabi/lib/armv6-m/libc_nano.a
END GROUP
START GROUP
LOAD /home/yuan/gcc-arm-none-eabi-5_4-2016q3/bin/../lib/gcc/arm-none-eabi/5.4.1/armv6-m/libgcc.a
LOAD /home/yuan/gcc-arm-none-eabi-5_4-2016q3/bin/../lib/gcc/arm-none-eabi/5.4.1/../../../../arm-none-eabi/lib/armv6-m/libc_nano.a
END GROUP
LOAD /home/yuan/gcc-arm-none-eabi-5_4-2016q3/bin/../lib/gcc/arm-none-eabi/5.4.1/armv6-m/crtend.o
LOAD /home/yuan/gcc-arm-none-eabi-5_4-2016q3/bin/../lib/gcc/arm-none-eabi/5.4.1/armv6-m/crtn.o
                0x20009000                _estack = (ORIGIN (RAM) + LENGTH (RAM))
                0x00000200                _Min_Heap_Size = 0x200
                0x00000400                _Min_Stack_Size = 0x400

.isr_vector     0x08000000       0xb8
                0x08000000                . = ALIGN (0x4)
 *(.isr_vector)
 .isr_vector    0x08000000       0xb8 Build/startup_stm32g070xx.o
                0x08000000                g_pfnVectors
                0x080000b8                . = ALIGN (0x4)

.text           0x080000b8     0x3594
                0x080000b8                . = ALIGN (0x4)
 *(.text)
 .text          0x080000b8       0x60 /home/yuan/gcc-arm-none-eabi-5_4-2016q3/bin/../lib/gcc/arm-none-eabi/5.4.1/armv6-m/crtbegin.o
 .text          0x08000118      0x114 /home/yuan/gcc-arm-none-eabi-5_4-2016q3/bin/../lib/gcc/arm-none-eabi/5.4.1/armv6-m/libgcc.a(_udivsi3.o)
                0x08000118                __udivsi3
                0x08000118                __aeabi_uidiv
                0x08000224                __aeabi_uidivmod
 .text          0x0800022c      0x1d4 /home/yuan/gcc-arm-none-eabi-5_4-2016q3/bin/../lib/gcc/arm-none-eabi/5.4.1/armv6-m/libgcc.a(_divsi3.o)
                0x0800022c                __aeabi_idiv
                0x0800022c                __divsi3
                0x080003f8                __aeabi_idivmod
 .text          0x08000400        0x4 /home/yuan/gcc-arm-none-eabi-5_4-2016q3/bin/../lib/gcc/arm-none-eabi/5.4.1/armv6-m/libgcc.a(_dvmd_tls.o)
                0x08000400                __aeabi_ldiv0
                0x08000400                __aeabi_idiv0
 *(.text*)
 .text.ina3221_set_reg_pointer
                0x08000404       0x34 Build/at24c02.o
 .text.at24c02_read
                0x08000438       0x38 Build/at24c02.o
                0x08000438                at24c02_read
 .text.at24c02_write
                0x08000470       0x44 Build/at24c02.o
                0x08000470                at24c02_write
 .text.at24c02_read_write_test
                0x080004b4       0x98 Build/at24c02.o
 .text.at24c02_dump
                0x0800054c       0x64 Build/at24c02.o
                0x0800054c                at24c02_dump
 .text.is_at24c02_ready
                0x080005b0       0x18 Build/at24c02.o
                0x080005b0                is_at24c02_ready
 .text.at24c02_Init
                0x080005c8       0x38 Build/at24c02.o
                0x080005c8                at24c02_Init
 .text.MX_GPIO_Init
                0x08000600       0x9c Build/main.o
 .text.Error_Handler
                0x0800069c       0x30 Build/main.o
                0x0800069c                Error_Handler
 .text.MX_I2C1_Init
                0x080006cc       0x58 Build/main.o
 .text.MX_USART1_UART_Init
                0x08000724       0x68 Build/main.o
 .text.SystemClock_Config
                0x0800078c       0x78 Build/main.o
                0x0800078c                SystemClock_Config
 .text.main     0x08000804       0x20 Build/main.o
                0x08000804                main
 .text._write   0x08000824       0x18 Build/board.o
                0x08000824                _write
 .text.BOARD_Init
                0x0800083c       0x34 Build/board.o
                0x0800083c                BOARD_Init
 .text.BOARD_Loop
                0x08000870       0x48 Build/board.o
                0x08000870                BOARD_Loop
 .text.NMI_Handler
                0x080008b8        0x4 Build/stm32g0xx_it.o
                0x080008b8                NMI_Handler
 .text.HardFault_Handler
                0x080008bc        0x4 Build/stm32g0xx_it.o
                0x080008bc                HardFault_Handler
 .text.SVC_Handler
                0x080008c0        0x4 Build/stm32g0xx_it.o
                0x080008c0                SVC_Handler
 .text.PendSV_Handler
                0x080008c4        0x4 Build/stm32g0xx_it.o
                0x080008c4                PendSV_Handler
 .text.SysTick_Handler
                0x080008c8        0x8 Build/stm32g0xx_it.o
                0x080008c8                SysTick_Handler
 .text.HAL_MspInit
                0x080008d0       0x38 Build/stm32g0xx_hal_msp.o
                0x080008d0                HAL_MspInit
 .text.HAL_I2C_MspInit
                0x08000908       0x84 Build/stm32g0xx_hal_msp.o
                0x08000908                HAL_I2C_MspInit
 .text.HAL_UART_MspInit
                0x0800098c       0x80 Build/stm32g0xx_hal_msp.o
                0x0800098c                HAL_UART_MspInit
 .text.I2C_Flush_TXDR
                0x08000a0c       0x20 Build/stm32g0xx_hal_i2c.o
 .text.I2C_TransferConfig
                0x08000a2c       0x34 Build/stm32g0xx_hal_i2c.o
 .text.I2C_IsErrorOccurred
                0x08000a60      0x110 Build/stm32g0xx_hal_i2c.o
 .text.I2C_WaitOnTXISFlagUntilTimeout
                0x08000b70       0x54 Build/stm32g0xx_hal_i2c.o
 .text.I2C_WaitOnFlagUntilTimeout
                0x08000bc4       0x50 Build/stm32g0xx_hal_i2c.o
 .text.I2C_WaitOnSTOPFlagUntilTimeout
                0x08000c14       0x50 Build/stm32g0xx_hal_i2c.o
 .text.I2C_WaitOnRXNEFlagUntilTimeout
                0x08000c64       0x9c Build/stm32g0xx_hal_i2c.o
 .text.HAL_I2C_Init
                0x08000d00       0xc8 Build/stm32g0xx_hal_i2c.o
                0x08000d00                HAL_I2C_Init
 .text.HAL_I2C_Master_Transmit
                0x08000dc8      0x16c Build/stm32g0xx_hal_i2c.o
                0x08000dc8                HAL_I2C_Master_Transmit
 .text.HAL_I2C_Master_Receive
                0x08000f34      0x16c Build/stm32g0xx_hal_i2c.o
                0x08000f34                HAL_I2C_Master_Receive
 .text.HAL_I2C_IsDeviceReady
                0x080010a0      0x180 Build/stm32g0xx_hal_i2c.o
                0x080010a0                HAL_I2C_IsDeviceReady
 .text.HAL_I2CEx_ConfigAnalogFilter
                0x08001220       0x58 Build/stm32g0xx_hal_i2c_ex.o
                0x08001220                HAL_I2CEx_ConfigAnalogFilter
 .text.HAL_I2CEx_ConfigDigitalFilter
                0x08001278       0x54 Build/stm32g0xx_hal_i2c_ex.o
                0x08001278                HAL_I2CEx_ConfigDigitalFilter
 .text.HAL_RCC_OscConfig
                0x080012cc      0x4dc Build/stm32g0xx_hal_rcc.o
                0x080012cc                HAL_RCC_OscConfig
 .text.HAL_RCC_GetSysClockFreq
                0x080017a8       0xb8 Build/stm32g0xx_hal_rcc.o
                0x080017a8                HAL_RCC_GetSysClockFreq
 .text.HAL_RCC_ClockConfig
                0x08001860      0x19c Build/stm32g0xx_hal_rcc.o
                0x08001860                HAL_RCC_ClockConfig
 .text.HAL_RCC_GetHCLKFreq
                0x080019fc        0xc Build/stm32g0xx_hal_rcc.o
                0x080019fc                HAL_RCC_GetHCLKFreq
 .text.HAL_RCC_GetPCLK1Freq
                0x08001a08       0x28 Build/stm32g0xx_hal_rcc.o
                0x08001a08                HAL_RCC_GetPCLK1Freq
 .text.HAL_RCCEx_PeriphCLKConfig
                0x08001a30      0x18c Build/stm32g0xx_hal_rcc_ex.o
                0x08001a30                HAL_RCCEx_PeriphCLKConfig
 .text.HAL_GPIO_Init
                0x08001bbc      0x16c Build/stm32g0xx_hal_gpio.o
                0x08001bbc                HAL_GPIO_Init
 .text.HAL_GPIO_WritePin
                0x08001d28        0xc Build/stm32g0xx_hal_gpio.o
                0x08001d28                HAL_GPIO_WritePin
 .text.HAL_GPIO_TogglePin
                0x08001d34       0x10 Build/stm32g0xx_hal_gpio.o
                0x08001d34                HAL_GPIO_TogglePin
 .text.HAL_PWREx_ControlVoltageScaling
                0x08001d44       0x54 Build/stm32g0xx_hal_pwr_ex.o
                0x08001d44                HAL_PWREx_ControlVoltageScaling
 .text.HAL_NVIC_SetPriority
                0x08001d98       0x64 Build/stm32g0xx_hal_cortex.o
                0x08001d98                HAL_NVIC_SetPriority
 .text.HAL_NVIC_SystemReset
                0x08001dfc       0x1c Build/stm32g0xx_hal_cortex.o
                0x08001dfc                HAL_NVIC_SystemReset
 .text.HAL_SYSTICK_Config
                0x08001e18       0x38 Build/stm32g0xx_hal_cortex.o
                0x08001e18                HAL_SYSTICK_Config
 .text.HAL_InitTick
                0x08001e50       0x54 Build/stm32g0xx_hal.o
                0x08001e50                HAL_InitTick
 .text.HAL_Init
                0x08001ea4       0x28 Build/stm32g0xx_hal.o
                0x08001ea4                HAL_Init
 .text.HAL_IncTick
                0x08001ecc       0x18 Build/stm32g0xx_hal.o
                0x08001ecc                HAL_IncTick
 .text.HAL_GetTick
                0x08001ee4        0xc Build/stm32g0xx_hal.o
                0x08001ee4                HAL_GetTick
 .text.HAL_Delay
                0x08001ef0       0x24 Build/stm32g0xx_hal.o
                0x08001ef0                HAL_Delay
 .text.HAL_SYSCFG_StrobeDBattpinsConfig
                0x08001f14       0x18 Build/stm32g0xx_hal.o
                0x08001f14                HAL_SYSCFG_StrobeDBattpinsConfig
 .text.UART_SetConfig
                0x08001f2c      0x1fc Build/stm32g0xx_hal_uart.o
                0x08001f2c                UART_SetConfig
 .text.UART_AdvFeatureConfig
                0x08002128       0xe0 Build/stm32g0xx_hal_uart.o
                0x08002128                UART_AdvFeatureConfig
 .text.UART_WaitOnFlagUntilTimeout
                0x08002208       0xe0 Build/stm32g0xx_hal_uart.o
                0x08002208                UART_WaitOnFlagUntilTimeout
 .text.HAL_UART_Transmit
                0x080022e8       0xdc Build/stm32g0xx_hal_uart.o
                0x080022e8                HAL_UART_Transmit
 .text.UART_CheckIdleState
                0x080023c4       0x74 Build/stm32g0xx_hal_uart.o
                0x080023c4                UART_CheckIdleState
 .text.HAL_UART_Init
                0x08002438       0x6c Build/stm32g0xx_hal_uart.o
                0x08002438                HAL_UART_Init
 .text.UARTEx_SetNbDataToProcess
                0x080024a4       0x50 Build/stm32g0xx_hal_uart_ex.o
 .text.HAL_UARTEx_DisableFifoMode
                0x080024f4       0x40 Build/stm32g0xx_hal_uart_ex.o
                0x080024f4                HAL_UARTEx_DisableFifoMode
 .text.HAL_UARTEx_SetTxFifoThreshold
                0x08002534       0x48 Build/stm32g0xx_hal_uart_ex.o
                0x08002534                HAL_UARTEx_SetTxFifoThreshold
 .text.HAL_UARTEx_SetRxFifoThreshold
                0x0800257c       0x4c Build/stm32g0xx_hal_uart_ex.o
                0x0800257c                HAL_UARTEx_SetRxFifoThreshold
 .text.SystemInit
                0x080025c8        0x4 Build/system_stm32g0xx.o
                0x080025c8                SystemInit
 .text.Reset_Handler
                0x080025cc       0x50 Build/startup_stm32g070xx.o
                0x080025cc                Reset_Handler
 .text.Default_Handler
                0x0800261c        0x2 Build/startup_stm32g070xx.o
                0x0800261c                TIM1_CC_IRQHandler
                0x0800261c                TIM6_IRQHandler
                0x0800261c                I2C1_IRQHandler
                0x0800261c                RTC_TAMP_IRQHandler
                0x0800261c                SPI1_IRQHandler
                0x0800261c                USART3_4_IRQHandler
                0x0800261c                EXTI2_3_IRQHandler
                0x0800261c                ADC1_IRQHandler
                0x0800261c                I2C2_IRQHandler
                0x0800261c                TIM17_IRQHandler
                0x0800261c                TIM16_IRQHandler
                0x0800261c                TIM3_IRQHandler
                0x0800261c                EXTI4_15_IRQHandler
                0x0800261c                RCC_IRQHandler
                0x0800261c                DMA1_Channel1_IRQHandler
                0x0800261c                Default_Handler
                0x0800261c                TIM14_IRQHandler
                0x0800261c                TIM7_IRQHandler
                0x0800261c                TIM15_IRQHandler
                0x0800261c                EXTI0_1_IRQHandler
                0x0800261c                SPI2_IRQHandler
                0x0800261c                WWDG_IRQHandler
                0x0800261c                DMA1_Ch4_7_DMAMUX1_OVR_IRQHandler
                0x0800261c                DMA1_Channel2_3_IRQHandler
                0x0800261c                USART2_IRQHandler
                0x0800261c                FLASH_IRQHandler
                0x0800261c                USART1_IRQHandler
                0x0800261c                TIM1_BRK_UP_TRG_COM_IRQHandler
 *fill*         0x0800261e        0x2 
 .text.__libc_init_array
                0x08002620       0x4c /home/yuan/gcc-arm-none-eabi-5_4-2016q3/bin/../lib/gcc/arm-none-eabi/5.4.1/../../../../arm-none-eabi/lib/armv6-m/libc_nano.a(lib_a-init.o)
                0x08002620                __libc_init_array
 .text.memcpy   0x0800266c       0x12 /home/yuan/gcc-arm-none-eabi-5_4-2016q3/bin/../lib/gcc/arm-none-eabi/5.4.1/../../../../arm-none-eabi/lib/armv6-m/libc_nano.a(lib_a-memcpy-stub.o)
                0x0800266c                memcpy
 .text.memset   0x0800267e       0x10 /home/yuan/gcc-arm-none-eabi-5_4-2016q3/bin/../lib/gcc/arm-none-eabi/5.4.1/../../../../arm-none-eabi/lib/armv6-m/libc_nano.a(lib_a-memset.o)
                0x0800267e                memset
 *fill*         0x0800268e        0x2 
 .text.printf   0x08002690       0x34 /home/yuan/gcc-arm-none-eabi-5_4-2016q3/bin/../lib/gcc/arm-none-eabi/5.4.1/../../../../arm-none-eabi/lib/armv6-m/libc_nano.a(lib_a-printf.o)
                0x08002690                printf
                0x08002690                iprintf
 .text._puts_r  0x080026c4       0xc4 /home/yuan/gcc-arm-none-eabi-5_4-2016q3/bin/../lib/gcc/arm-none-eabi/5.4.1/../../../../arm-none-eabi/lib/armv6-m/libc_nano.a(lib_a-puts.o)
                0x080026c4                _puts_r
 .text.puts     0x08002788       0x14 /home/yuan/gcc-arm-none-eabi-5_4-2016q3/bin/../lib/gcc/arm-none-eabi/5.4.1/../../../../arm-none-eabi/lib/armv6-m/libc_nano.a(lib_a-puts.o)
                0x08002788                puts
 .text.__swbuf_r
                0x0800279c       0xac /home/yuan/gcc-arm-none-eabi-5_4-2016q3/bin/../lib/gcc/arm-none-eabi/5.4.1/../../../../arm-none-eabi/lib/armv6-m/libc_nano.a(lib_a-wbuf.o)
                0x0800279c                __swbuf_r
 .text.__swsetup_r
                0x08002848       0xec /home/yuan/gcc-arm-none-eabi-5_4-2016q3/bin/../lib/gcc/arm-none-eabi/5.4.1/../../../../arm-none-eabi/lib/armv6-m/libc_nano.a(lib_a-wsetup.o)
                0x08002848                __swsetup_r
 .text.__sflush_r
                0x08002934      0x10c /home/yuan/gcc-arm-none-eabi-5_4-2016q3/bin/../lib/gcc/arm-none-eabi/5.4.1/../../../../arm-none-eabi/lib/armv6-m/libc_nano.a(lib_a-fflush.o)
                0x08002934                __sflush_r
 .text._fflush_r
                0x08002a40       0x58 /home/yuan/gcc-arm-none-eabi-5_4-2016q3/bin/../lib/gcc/arm-none-eabi/5.4.1/../../../../arm-none-eabi/lib/armv6-m/libc_nano.a(lib_a-fflush.o)
                0x08002a40                _fflush_r
 .text._cleanup_r
                0x08002a98       0x10 /home/yuan/gcc-arm-none-eabi-5_4-2016q3/bin/../lib/gcc/arm-none-eabi/5.4.1/../../../../arm-none-eabi/lib/armv6-m/libc_nano.a(lib_a-findfp.o)
                0x08002a98                _cleanup_r
 .text.std.isra.0
                0x08002aa8       0x48 /home/yuan/gcc-arm-none-eabi-5_4-2016q3/bin/../lib/gcc/arm-none-eabi/5.4.1/../../../../arm-none-eabi/lib/armv6-m/libc_nano.a(lib_a-findfp.o)
 .text.__sfmoreglue
                0x08002af0       0x2c /home/yuan/gcc-arm-none-eabi-5_4-2016q3/bin/../lib/gcc/arm-none-eabi/5.4.1/../../../../arm-none-eabi/lib/armv6-m/libc_nano.a(lib_a-findfp.o)
                0x08002af0                __sfmoreglue
 .text.__sinit  0x08002b1c       0x68 /home/yuan/gcc-arm-none-eabi-5_4-2016q3/bin/../lib/gcc/arm-none-eabi/5.4.1/../../../../arm-none-eabi/lib/armv6-m/libc_nano.a(lib_a-findfp.o)
                0x08002b1c                __sinit
 .text.__sfp    0x08002b84       0x7c /home/yuan/gcc-arm-none-eabi-5_4-2016q3/bin/../lib/gcc/arm-none-eabi/5.4.1/../../../../arm-none-eabi/lib/armv6-m/libc_nano.a(lib_a-findfp.o)
                0x08002b84                __sfp
 .text._fwalk_reent
                0x08002c00       0x42 /home/yuan/gcc-arm-none-eabi-5_4-2016q3/bin/../lib/gcc/arm-none-eabi/5.4.1/../../../../arm-none-eabi/lib/armv6-m/libc_nano.a(lib_a-fwalk.o)
                0x08002c00                _fwalk_reent
 *fill*         0x08002c42        0x2 
 .text.__swhatbuf_r
                0x08002c44       0x4c /home/yuan/gcc-arm-none-eabi-5_4-2016q3/bin/../lib/gcc/arm-none-eabi/5.4.1/../../../../arm-none-eabi/lib/armv6-m/libc_nano.a(lib_a-makebuf.o)
                0x08002c44                __swhatbuf_r
 .text.__smakebuf_r
                0x08002c90       0x7c /home/yuan/gcc-arm-none-eabi-5_4-2016q3/bin/../lib/gcc/arm-none-eabi/5.4.1/../../../../arm-none-eabi/lib/armv6-m/libc_nano.a(lib_a-makebuf.o)
                0x08002c90                __smakebuf_r
 .text._free_r  0x08002d0c       0x98 /home/yuan/gcc-arm-none-eabi-5_4-2016q3/bin/../lib/gcc/arm-none-eabi/5.4.1/../../../../arm-none-eabi/lib/armv6-m/libc_nano.a(lib_a-nano-freer.o)
                0x08002d0c                _free_r
 .text._malloc_r
                0x08002da4       0xc0 /home/yuan/gcc-arm-none-eabi-5_4-2016q3/bin/../lib/gcc/arm-none-eabi/5.4.1/../../../../arm-none-eabi/lib/armv6-m/libc_nano.a(lib_a-nano-mallocr.o)
                0x08002da4                _malloc_r
 .text.__sfputc_r
                0x08002e64       0x2a /home/yuan/gcc-arm-none-eabi-5_4-2016q3/bin/../lib/gcc/arm-none-eabi/5.4.1/../../../../arm-none-eabi/lib/armv6-m/libc_nano.a(lib_a-nano-vfprintf.o)
 .text.__sfputs_r
                0x08002e8e       0x24 /home/yuan/gcc-arm-none-eabi-5_4-2016q3/bin/../lib/gcc/arm-none-eabi/5.4.1/../../../../arm-none-eabi/lib/armv6-m/libc_nano.a(lib_a-nano-vfprintf.o)
                0x08002e8e                __sfputs_r
 *fill*         0x08002eb2        0x2 
 .text._vfprintf_r
                0x08002eb4      0x238 /home/yuan/gcc-arm-none-eabi-5_4-2016q3/bin/../lib/gcc/arm-none-eabi/5.4.1/../../../../arm-none-eabi/lib/armv6-m/libc_nano.a(lib_a-nano-vfprintf.o)
                0x08002eb4                _vfiprintf_r
                0x08002eb4                _vfprintf_r
 .text._printf_common
                0x080030ec       0xdc /home/yuan/gcc-arm-none-eabi-5_4-2016q3/bin/../lib/gcc/arm-none-eabi/5.4.1/../../../../arm-none-eabi/lib/armv6-m/libc_nano.a(lib_a-nano-vfprintf_i.o)
                0x080030ec                _printf_common
 .text._printf_i
                0x080031c8      0x244 /home/yuan/gcc-arm-none-eabi-5_4-2016q3/bin/../lib/gcc/arm-none-eabi/5.4.1/../../../../arm-none-eabi/lib/armv6-m/libc_nano.a(lib_a-nano-vfprintf_i.o)
                0x080031c8                _printf_i
 .text._sbrk_r  0x0800340c       0x24 /home/yuan/gcc-arm-none-eabi-5_4-2016q3/bin/../lib/gcc/arm-none-eabi/5.4.1/../../../../arm-none-eabi/lib/armv6-m/libc_nano.a(lib_a-sbrkr.o)
                0x0800340c                _sbrk_r
 .text.__sread  0x08003430       0x28 /home/yuan/gcc-arm-none-eabi-5_4-2016q3/bin/../lib/gcc/arm-none-eabi/5.4.1/../../../../arm-none-eabi/lib/armv6-m/libc_nano.a(lib_a-stdio.o)
                0x08003430                __sread
 .text.__swrite
                0x08003458       0x38 /home/yuan/gcc-arm-none-eabi-5_4-2016q3/bin/../lib/gcc/arm-none-eabi/5.4.1/../../../../arm-none-eabi/lib/armv6-m/libc_nano.a(lib_a-stdio.o)
                0x08003458                __swrite
 .text.__sseek  0x08003490       0x2c /home/yuan/gcc-arm-none-eabi-5_4-2016q3/bin/../lib/gcc/arm-none-eabi/5.4.1/../../../../arm-none-eabi/lib/armv6-m/libc_nano.a(lib_a-stdio.o)
                0x08003490                __sseek
 .text.__sclose
                0x080034bc        0xc /home/yuan/gcc-arm-none-eabi-5_4-2016q3/bin/../lib/gcc/arm-none-eabi/5.4.1/../../../../arm-none-eabi/lib/armv6-m/libc_nano.a(lib_a-stdio.o)
                0x080034bc                __sclose
 .text._write_r
                0x080034c8       0x28 /home/yuan/gcc-arm-none-eabi-5_4-2016q3/bin/../lib/gcc/arm-none-eabi/5.4.1/../../../../arm-none-eabi/lib/armv6-m/libc_nano.a(lib_a-writer.o)
                0x080034c8                _write_r
 .text._close_r
                0x080034f0       0x24 /home/yuan/gcc-arm-none-eabi-5_4-2016q3/bin/../lib/gcc/arm-none-eabi/5.4.1/../../../../arm-none-eabi/lib/armv6-m/libc_nano.a(lib_a-closer.o)
                0x080034f0                _close_r
 .text._fstat_r
                0x08003514       0x24 /home/yuan/gcc-arm-none-eabi-5_4-2016q3/bin/../lib/gcc/arm-none-eabi/5.4.1/../../../../arm-none-eabi/lib/armv6-m/libc_nano.a(lib_a-fstatr.o)
                0x08003514                _fstat_r
 .text._isatty_r
                0x08003538       0x24 /home/yuan/gcc-arm-none-eabi-5_4-2016q3/bin/../lib/gcc/arm-none-eabi/5.4.1/../../../../arm-none-eabi/lib/armv6-m/libc_nano.a(lib_a-isattyr.o)
                0x08003538                _isatty_r
 .text._lseek_r
                0x0800355c       0x28 /home/yuan/gcc-arm-none-eabi-5_4-2016q3/bin/../lib/gcc/arm-none-eabi/5.4.1/../../../../arm-none-eabi/lib/armv6-m/libc_nano.a(lib_a-lseekr.o)
                0x0800355c                _lseek_r
 .text.memchr   0x08003584       0x16 /home/yuan/gcc-arm-none-eabi-5_4-2016q3/bin/../lib/gcc/arm-none-eabi/5.4.1/../../../../arm-none-eabi/lib/armv6-m/libc_nano.a(lib_a-memchr-stub.o)
                0x08003584                memchr
 .text.__malloc_lock
                0x0800359a        0x2 /home/yuan/gcc-arm-none-eabi-5_4-2016q3/bin/../lib/gcc/arm-none-eabi/5.4.1/../../../../arm-none-eabi/lib/armv6-m/libc_nano.a(lib_a-mlock.o)
                0x0800359a                __malloc_lock
 .text.__malloc_unlock
                0x0800359c        0x2 /home/yuan/gcc-arm-none-eabi-5_4-2016q3/bin/../lib/gcc/arm-none-eabi/5.4.1/../../../../arm-none-eabi/lib/armv6-m/libc_nano.a(lib_a-mlock.o)
                0x0800359c                __malloc_unlock
 *fill*         0x0800359e        0x2 
 .text._read_r  0x080035a0       0x28 /home/yuan/gcc-arm-none-eabi-5_4-2016q3/bin/../lib/gcc/arm-none-eabi/5.4.1/../../../../arm-none-eabi/lib/armv6-m/libc_nano.a(lib_a-readr.o)
                0x080035a0                _read_r
 .text._close   0x080035c8       0x10 /home/yuan/gcc-arm-none-eabi-5_4-2016q3/bin/../lib/gcc/arm-none-eabi/5.4.1/../../../../arm-none-eabi/lib/armv6-m/libnosys.a(close.o)
                0x080035c8                _close
 .text._fstat   0x080035d8       0x10 /home/yuan/gcc-arm-none-eabi-5_4-2016q3/bin/../lib/gcc/arm-none-eabi/5.4.1/../../../../arm-none-eabi/lib/armv6-m/libnosys.a(fstat.o)
                0x080035d8                _fstat
 .text._isatty  0x080035e8       0x10 /home/yuan/gcc-arm-none-eabi-5_4-2016q3/bin/../lib/gcc/arm-none-eabi/5.4.1/../../../../arm-none-eabi/lib/armv6-m/libnosys.a(isatty.o)
                0x080035e8                _isatty
 .text._lseek   0x080035f8       0x10 /home/yuan/gcc-arm-none-eabi-5_4-2016q3/bin/../lib/gcc/arm-none-eabi/5.4.1/../../../../arm-none-eabi/lib/armv6-m/libnosys.a(lseek.o)
                0x080035f8                _lseek
 .text._read    0x08003608       0x10 /home/yuan/gcc-arm-none-eabi-5_4-2016q3/bin/../lib/gcc/arm-none-eabi/5.4.1/../../../../arm-none-eabi/lib/armv6-m/libnosys.a(read.o)
                0x08003608                _read
 .text._sbrk    0x08003618       0x1c /home/yuan/gcc-arm-none-eabi-5_4-2016q3/bin/../lib/gcc/arm-none-eabi/5.4.1/../../../../arm-none-eabi/lib/armv6-m/libnosys.a(sbrk.o)
                0x08003618                _sbrk
 *(.glue_7)
 .glue_7        0x08003634        0x0 linker stubs
 *(.glue_7t)
 .glue_7t       0x08003634        0x0 linker stubs
 *(.eh_frame)
 .eh_frame      0x08003634        0x0 /home/yuan/gcc-arm-none-eabi-5_4-2016q3/bin/../lib/gcc/arm-none-eabi/5.4.1/armv6-m/crtbegin.o
 *(.init)
 .init          0x08003634        0x4 /home/yuan/gcc-arm-none-eabi-5_4-2016q3/bin/../lib/gcc/arm-none-eabi/5.4.1/armv6-m/crti.o
                0x08003634                _init
 .init          0x08003638        0x8 /home/yuan/gcc-arm-none-eabi-5_4-2016q3/bin/../lib/gcc/arm-none-eabi/5.4.1/armv6-m/crtn.o
 *(.fini)
 .fini          0x08003640        0x4 /home/yuan/gcc-arm-none-eabi-5_4-2016q3/bin/../lib/gcc/arm-none-eabi/5.4.1/armv6-m/crti.o
                0x08003640                _fini
 .fini          0x08003644        0x8 /home/yuan/gcc-arm-none-eabi-5_4-2016q3/bin/../lib/gcc/arm-none-eabi/5.4.1/armv6-m/crtn.o
                0x0800364c                . = ALIGN (0x4)
                0x0800364c                _etext = .

.vfp11_veneer   0x0800364c        0x0
 .vfp11_veneer  0x0800364c        0x0 linker stubs

.v4_bx          0x0800364c        0x0
 .v4_bx         0x0800364c        0x0 linker stubs

.iplt           0x0800364c        0x0
 .iplt          0x0800364c        0x0 /home/yuan/gcc-arm-none-eabi-5_4-2016q3/bin/../lib/gcc/arm-none-eabi/5.4.1/armv6-m/crtbegin.o

.rodata         0x0800364c      0x2f4
                0x0800364c                . = ALIGN (0x4)
 *(.rodata)
 .rodata        0x0800364c        0x5 Build/at24c02.o
 *(.rodata*)
 *fill*         0x08003651        0x3 
 .rodata.str1.4
                0x08003654      0x12d Build/at24c02.o
                                0x131 (size before relaxing)
 *fill*         0x08003781        0x3 
 .rodata.str1.4
                0x08003784       0x9c Build/board.o
                                 0x9f (size before relaxing)
 .rodata.UARTPrescTable
                0x08003820       0x18 Build/stm32g0xx_hal_uart.o
                0x08003820                UARTPrescTable
 .rodata.numerator.6928
                0x08003838        0x8 Build/stm32g0xx_hal_uart_ex.o
 .rodata.denominator.6929
                0x08003840        0x8 Build/stm32g0xx_hal_uart_ex.o
 .rodata.AHBPrescTable
                0x08003848       0x40 Build/system_stm32g0xx.o
                0x08003848                AHBPrescTable
 .rodata.APBPrescTable
                0x08003888       0x20 Build/system_stm32g0xx.o
                0x08003888                APBPrescTable
 .rodata._global_impure_ptr
                0x080038a8        0x4 /home/yuan/gcc-arm-none-eabi-5_4-2016q3/bin/../lib/gcc/arm-none-eabi/5.4.1/../../../../arm-none-eabi/lib/armv6-m/libc_nano.a(lib_a-impure.o)
                0x080038a8                _global_impure_ptr
 .rodata.__sf_fake_stdin
                0x080038ac       0x20 /home/yuan/gcc-arm-none-eabi-5_4-2016q3/bin/../lib/gcc/arm-none-eabi/5.4.1/../../../../arm-none-eabi/lib/armv6-m/libc_nano.a(lib_a-findfp.o)
                0x080038ac                __sf_fake_stdin
 .rodata.__sf_fake_stdout
                0x080038cc       0x20 /home/yuan/gcc-arm-none-eabi-5_4-2016q3/bin/../lib/gcc/arm-none-eabi/5.4.1/../../../../arm-none-eabi/lib/armv6-m/libc_nano.a(lib_a-findfp.o)
                0x080038cc                __sf_fake_stdout
 .rodata.__sf_fake_stderr
                0x080038ec       0x20 /home/yuan/gcc-arm-none-eabi-5_4-2016q3/bin/../lib/gcc/arm-none-eabi/5.4.1/../../../../arm-none-eabi/lib/armv6-m/libc_nano.a(lib_a-findfp.o)
                0x080038ec                __sf_fake_stderr
 .rodata.str1.1
                0x0800390c       0x11 /home/yuan/gcc-arm-none-eabi-5_4-2016q3/bin/../lib/gcc/arm-none-eabi/5.4.1/../../../../arm-none-eabi/lib/armv6-m/libc_nano.a(lib_a-nano-vfprintf.o)
 .rodata.str1.1
                0x0800391d       0x22 /home/yuan/gcc-arm-none-eabi-5_4-2016q3/bin/../lib/gcc/arm-none-eabi/5.4.1/../../../../arm-none-eabi/lib/armv6-m/libc_nano.a(lib_a-nano-vfprintf_i.o)
                0x08003940                . = ALIGN (0x4)
 *fill*         0x0800393f        0x1 

.rel.dyn        0x08003940        0x0
 .rel.iplt      0x08003940        0x0 /home/yuan/gcc-arm-none-eabi-5_4-2016q3/bin/../lib/gcc/arm-none-eabi/5.4.1/armv6-m/crtbegin.o

.ARM.extab
 *(.ARM.extab* .gnu.linkonce.armextab.*)

.ARM            0x08003940        0x0
                0x08003940                __exidx_start = .
 *(.ARM.exidx*)
                0x08003940                __exidx_end = .

.preinit_array  0x08003940        0x0
                0x08003940                PROVIDE (__preinit_array_start, .)
 *(.preinit_array*)
                0x08003940                PROVIDE (__preinit_array_end, .)

.init_array     0x08003940        0x4
                0x08003940                PROVIDE (__init_array_start, .)
 *(SORT(.init_array.*))
 *(.init_array*)
 .init_array    0x08003940        0x4 /home/yuan/gcc-arm-none-eabi-5_4-2016q3/bin/../lib/gcc/arm-none-eabi/5.4.1/armv6-m/crtbegin.o
                0x08003944                PROVIDE (__init_array_end, .)

.fini_array     0x08003944        0x4
                [!provide]                PROVIDE (__fini_array_start, .)
 *(SORT(.fini_array.*))
 *(.fini_array*)
 .fini_array    0x08003944        0x4 /home/yuan/gcc-arm-none-eabi-5_4-2016q3/bin/../lib/gcc/arm-none-eabi/5.4.1/armv6-m/crtbegin.o
                [!provide]                PROVIDE (__fini_array_end, .)
                0x08003948                _sidata = LOADADDR (.data)

.data           0x20000000       0x70 load address 0x08003948
                0x20000000                . = ALIGN (0x4)
                0x20000000                _sdata = .
 *(.data)
 *(.data*)
 .data.uwTickPrio
                0x20000000        0x4 Build/stm32g0xx_hal.o
                0x20000000                uwTickPrio
 .data.uwTickFreq
                0x20000004        0x1 Build/stm32g0xx_hal.o
                0x20000004                uwTickFreq
 *fill*         0x20000005        0x3 
 .data.SystemCoreClock
                0x20000008        0x4 Build/system_stm32g0xx.o
                0x20000008                SystemCoreClock
 .data.impure_data
                0x2000000c       0x60 /home/yuan/gcc-arm-none-eabi-5_4-2016q3/bin/../lib/gcc/arm-none-eabi/5.4.1/../../../../arm-none-eabi/lib/armv6-m/libc_nano.a(lib_a-impure.o)
 .data._impure_ptr
                0x2000006c        0x4 /home/yuan/gcc-arm-none-eabi-5_4-2016q3/bin/../lib/gcc/arm-none-eabi/5.4.1/../../../../arm-none-eabi/lib/armv6-m/libc_nano.a(lib_a-impure.o)
                0x2000006c                _impure_ptr
                0x20000070                . = ALIGN (0x4)
                0x20000070                _edata = .

.jcr            0x20000070        0x0 load address 0x080039b8
 .jcr           0x20000070        0x0 /home/yuan/gcc-arm-none-eabi-5_4-2016q3/bin/../lib/gcc/arm-none-eabi/5.4.1/armv6-m/crtbegin.o

.igot.plt       0x20000070        0x0 load address 0x080039b8
 .igot.plt      0x20000070        0x0 /home/yuan/gcc-arm-none-eabi-5_4-2016q3/bin/../lib/gcc/arm-none-eabi/5.4.1/armv6-m/crtbegin.o
                0x20000070                . = ALIGN (0x4)

.bss            0x20000070      0x118 load address 0x080039b8
                0x20000070                _sbss = .
                0x20000070                __bss_start__ = _sbss
 *(.bss)
 .bss           0x20000070       0x1c /home/yuan/gcc-arm-none-eabi-5_4-2016q3/bin/../lib/gcc/arm-none-eabi/5.4.1/armv6-m/crtbegin.o
 *(.bss*)
 .bss.__malloc_sbrk_start
                0x2000008c        0x4 /home/yuan/gcc-arm-none-eabi-5_4-2016q3/bin/../lib/gcc/arm-none-eabi/5.4.1/../../../../arm-none-eabi/lib/armv6-m/libc_nano.a(lib_a-nano-mallocr.o)
                0x2000008c                __malloc_sbrk_start
 .bss.__malloc_free_list
                0x20000090        0x4 /home/yuan/gcc-arm-none-eabi-5_4-2016q3/bin/../lib/gcc/arm-none-eabi/5.4.1/../../../../arm-none-eabi/lib/armv6-m/libc_nano.a(lib_a-nano-mallocr.o)
                0x20000090                __malloc_free_list
 .bss.heap_end.4167
                0x20000094        0x4 /home/yuan/gcc-arm-none-eabi-5_4-2016q3/bin/../lib/gcc/arm-none-eabi/5.4.1/../../../../arm-none-eabi/lib/armv6-m/libnosys.a(sbrk.o)
 *(COMMON)
 COMMON         0x20000098       0xe8 Build/main.o
                0x20000098                hi2c1
                0x200000ec                huart1
 COMMON         0x20000180        0x4 Build/stm32g0xx_hal.o
                0x20000180                uwTick
 COMMON         0x20000184        0x4 /home/yuan/gcc-arm-none-eabi-5_4-2016q3/bin/../lib/gcc/arm-none-eabi/5.4.1/../../../../arm-none-eabi/lib/armv6-m/libc_nano.a(lib_a-reent.o)
                0x20000184                errno
                0x20000188                . = ALIGN (0x4)
                0x20000188                _ebss = .
                0x20000188                __bss_end__ = _ebss

._user_heap_stack
                0x20000188      0x600 load address 0x080039b8
                0x20000188                . = ALIGN (0x8)
                0x20000188                PROVIDE (end, .)
                [!provide]                PROVIDE (_end, .)
                0x20000388                . = (. + _Min_Heap_Size)
 *fill*         0x20000188      0x200 
                0x20000788                . = (. + _Min_Stack_Size)
 *fill*         0x20000388      0x400 
                0x20000788                . = ALIGN (0x8)

/DISCARD/
 libc.a(*)
 libm.a(*)
 libgcc.a(*)

.ARM.attributes
                0x00000000       0x28
 *(.ARM.attributes)
 .ARM.attributes
                0x00000000       0x1e /home/yuan/gcc-arm-none-eabi-5_4-2016q3/bin/../lib/gcc/arm-none-eabi/5.4.1/armv6-m/crti.o
 .ARM.attributes
                0x0000001e       0x2c /home/yuan/gcc-arm-none-eabi-5_4-2016q3/bin/../lib/gcc/arm-none-eabi/5.4.1/armv6-m/crtbegin.o
 .ARM.attributes
                0x0000004a       0x32 Build/at24c02.o
 .ARM.attributes
                0x0000007c       0x32 Build/main.o
 .ARM.attributes
                0x000000ae       0x32 Build/board.o
 .ARM.attributes
                0x000000e0       0x32 Build/stm32g0xx_it.o
 .ARM.attributes
                0x00000112       0x32 Build/stm32g0xx_hal_msp.o
 .ARM.attributes
                0x00000144       0x32 Build/stm32g0xx_hal_i2c.o
 .ARM.attributes
                0x00000176       0x32 Build/stm32g0xx_hal_i2c_ex.o
 .ARM.attributes
                0x000001a8       0x32 Build/stm32g0xx_hal_rcc.o
 .ARM.attributes
                0x000001da       0x32 Build/stm32g0xx_hal_rcc_ex.o
 .ARM.attributes
                0x0000020c       0x32 Build/stm32g0xx_hal_gpio.o
 .ARM.attributes
                0x0000023e       0x32 Build/stm32g0xx_hal_pwr_ex.o
 .ARM.attributes
                0x00000270       0x32 Build/stm32g0xx_hal_cortex.o
 .ARM.attributes
                0x000002a2       0x32 Build/stm32g0xx_hal.o
 .ARM.attributes
                0x000002d4       0x32 Build/stm32g0xx_hal_uart.o
 .ARM.attributes
                0x00000306       0x32 Build/stm32g0xx_hal_uart_ex.o
 .ARM.attributes
                0x00000338       0x32 Build/system_stm32g0xx.o
 .ARM.attributes
                0x0000036a       0x22 Build/startup_stm32g070xx.o
 .ARM.attributes
                0x0000038c       0x2c /home/yuan/gcc-arm-none-eabi-5_4-2016q3/bin/../lib/gcc/arm-none-eabi/5.4.1/../../../../arm-none-eabi/lib/armv6-m/libc_nano.a(lib_a-impure.o)
 .ARM.attributes
                0x000003b8       0x2c /home/yuan/gcc-arm-none-eabi-5_4-2016q3/bin/../lib/gcc/arm-none-eabi/5.4.1/../../../../arm-none-eabi/lib/armv6-m/libc_nano.a(lib_a-init.o)
 .ARM.attributes
                0x000003e4       0x2c /home/yuan/gcc-arm-none-eabi-5_4-2016q3/bin/../lib/gcc/arm-none-eabi/5.4.1/../../../../arm-none-eabi/lib/armv6-m/libc_nano.a(lib_a-memcpy-stub.o)
 .ARM.attributes
                0x00000410       0x2c /home/yuan/gcc-arm-none-eabi-5_4-2016q3/bin/../lib/gcc/arm-none-eabi/5.4.1/../../../../arm-none-eabi/lib/armv6-m/libc_nano.a(lib_a-memset.o)
 .ARM.attributes
                0x0000043c       0x2c /home/yuan/gcc-arm-none-eabi-5_4-2016q3/bin/../lib/gcc/arm-none-eabi/5.4.1/../../../../arm-none-eabi/lib/armv6-m/libc_nano.a(lib_a-printf.o)
 .ARM.attributes
                0x00000468       0x2c /home/yuan/gcc-arm-none-eabi-5_4-2016q3/bin/../lib/gcc/arm-none-eabi/5.4.1/../../../../arm-none-eabi/lib/armv6-m/libc_nano.a(lib_a-puts.o)
 .ARM.attributes
                0x00000494       0x2c /home/yuan/gcc-arm-none-eabi-5_4-2016q3/bin/../lib/gcc/arm-none-eabi/5.4.1/../../../../arm-none-eabi/lib/armv6-m/libc_nano.a(lib_a-wbuf.o)
 .ARM.attributes
                0x000004c0       0x2c /home/yuan/gcc-arm-none-eabi-5_4-2016q3/bin/../lib/gcc/arm-none-eabi/5.4.1/../../../../arm-none-eabi/lib/armv6-m/libc_nano.a(lib_a-wsetup.o)
 .ARM.attributes
                0x000004ec       0x2c /home/yuan/gcc-arm-none-eabi-5_4-2016q3/bin/../lib/gcc/arm-none-eabi/5.4.1/../../../../arm-none-eabi/lib/armv6-m/libc_nano.a(lib_a-fflush.o)
 .ARM.attributes
                0x00000518       0x2c /home/yuan/gcc-arm-none-eabi-5_4-2016q3/bin/../lib/gcc/arm-none-eabi/5.4.1/../../../../arm-none-eabi/lib/armv6-m/libc_nano.a(lib_a-findfp.o)
 .ARM.attributes
                0x00000544       0x2c /home/yuan/gcc-arm-none-eabi-5_4-2016q3/bin/../lib/gcc/arm-none-eabi/5.4.1/../../../../arm-none-eabi/lib/armv6-m/libc_nano.a(lib_a-fwalk.o)
 .ARM.attributes
                0x00000570       0x2c /home/yuan/gcc-arm-none-eabi-5_4-2016q3/bin/../lib/gcc/arm-none-eabi/5.4.1/../../../../arm-none-eabi/lib/armv6-m/libc_nano.a(lib_a-makebuf.o)
 .ARM.attributes
                0x0000059c       0x2c /home/yuan/gcc-arm-none-eabi-5_4-2016q3/bin/../lib/gcc/arm-none-eabi/5.4.1/../../../../arm-none-eabi/lib/armv6-m/libc_nano.a(lib_a-nano-freer.o)
 .ARM.attributes
                0x000005c8       0x2c /home/yuan/gcc-arm-none-eabi-5_4-2016q3/bin/../lib/gcc/arm-none-eabi/5.4.1/../../../../arm-none-eabi/lib/armv6-m/libc_nano.a(lib_a-nano-mallocr.o)
 .ARM.attributes
                0x000005f4       0x2c /home/yuan/gcc-arm-none-eabi-5_4-2016q3/bin/../lib/gcc/arm-none-eabi/5.4.1/../../../../arm-none-eabi/lib/armv6-m/libc_nano.a(lib_a-nano-vfprintf.o)
 .ARM.attributes
                0x00000620       0x2c /home/yuan/gcc-arm-none-eabi-5_4-2016q3/bin/../lib/gcc/arm-none-eabi/5.4.1/../../../../arm-none-eabi/lib/armv6-m/libc_nano.a(lib_a-nano-vfprintf_i.o)
 .ARM.attributes
                0x0000064c       0x2c /home/yuan/gcc-arm-none-eabi-5_4-2016q3/bin/../lib/gcc/arm-none-eabi/5.4.1/../../../../arm-none-eabi/lib/armv6-m/libc_nano.a(lib_a-sbrkr.o)
 .ARM.attributes
                0x00000678       0x2c /home/yuan/gcc-arm-none-eabi-5_4-2016q3/bin/../lib/gcc/arm-none-eabi/5.4.1/../../../../arm-none-eabi/lib/armv6-m/libc_nano.a(lib_a-stdio.o)
 .ARM.attributes
                0x000006a4       0x2c /home/yuan/gcc-arm-none-eabi-5_4-2016q3/bin/../lib/gcc/arm-none-eabi/5.4.1/../../../../arm-none-eabi/lib/armv6-m/libc_nano.a(lib_a-writer.o)
 .ARM.attributes
                0x000006d0       0x2c /home/yuan/gcc-arm-none-eabi-5_4-2016q3/bin/../lib/gcc/arm-none-eabi/5.4.1/../../../../arm-none-eabi/lib/armv6-m/libc_nano.a(lib_a-closer.o)
 .ARM.attributes
                0x000006fc       0x2c /home/yuan/gcc-arm-none-eabi-5_4-2016q3/bin/../lib/gcc/arm-none-eabi/5.4.1/../../../../arm-none-eabi/lib/armv6-m/libc_nano.a(lib_a-fstatr.o)
 .ARM.attributes
                0x00000728       0x2c /home/yuan/gcc-arm-none-eabi-5_4-2016q3/bin/../lib/gcc/arm-none-eabi/5.4.1/../../../../arm-none-eabi/lib/armv6-m/libc_nano.a(lib_a-isattyr.o)
 .ARM.attributes
                0x00000754       0x2c /home/yuan/gcc-arm-none-eabi-5_4-2016q3/bin/../lib/gcc/arm-none-eabi/5.4.1/../../../../arm-none-eabi/lib/armv6-m/libc_nano.a(lib_a-lseekr.o)
 .ARM.attributes
                0x00000780       0x2c /home/yuan/gcc-arm-none-eabi-5_4-2016q3/bin/../lib/gcc/arm-none-eabi/5.4.1/../../../../arm-none-eabi/lib/armv6-m/libc_nano.a(lib_a-memchr-stub.o)
 .ARM.attributes
                0x000007ac       0x2c /home/yuan/gcc-arm-none-eabi-5_4-2016q3/bin/../lib/gcc/arm-none-eabi/5.4.1/../../../../arm-none-eabi/lib/armv6-m/libc_nano.a(lib_a-mlock.o)
 .ARM.attributes
                0x000007d8       0x2c /home/yuan/gcc-arm-none-eabi-5_4-2016q3/bin/../lib/gcc/arm-none-eabi/5.4.1/../../../../arm-none-eabi/lib/armv6-m/libc_nano.a(lib_a-readr.o)
 .ARM.attributes
                0x00000804       0x2c /home/yuan/gcc-arm-none-eabi-5_4-2016q3/bin/../lib/gcc/arm-none-eabi/5.4.1/../../../../arm-none-eabi/lib/armv6-m/libc_nano.a(lib_a-reent.o)
 .ARM.attributes
                0x00000830       0x2c /home/yuan/gcc-arm-none-eabi-5_4-2016q3/bin/../lib/gcc/arm-none-eabi/5.4.1/../../../../arm-none-eabi/lib/armv6-m/libnosys.a(close.o)
 .ARM.attributes
                0x0000085c       0x2c /home/yuan/gcc-arm-none-eabi-5_4-2016q3/bin/../lib/gcc/arm-none-eabi/5.4.1/../../../../arm-none-eabi/lib/armv6-m/libnosys.a(fstat.o)
 .ARM.attributes
                0x00000888       0x2c /home/yuan/gcc-arm-none-eabi-5_4-2016q3/bin/../lib/gcc/arm-none-eabi/5.4.1/../../../../arm-none-eabi/lib/armv6-m/libnosys.a(isatty.o)
 .ARM.attributes
                0x000008b4       0x2c /home/yuan/gcc-arm-none-eabi-5_4-2016q3/bin/../lib/gcc/arm-none-eabi/5.4.1/../../../../arm-none-eabi/lib/armv6-m/libnosys.a(lseek.o)
 .ARM.attributes
                0x000008e0       0x2c /home/yuan/gcc-arm-none-eabi-5_4-2016q3/bin/../lib/gcc/arm-none-eabi/5.4.1/../../../../arm-none-eabi/lib/armv6-m/libnosys.a(read.o)
 .ARM.attributes
                0x0000090c       0x2c /home/yuan/gcc-arm-none-eabi-5_4-2016q3/bin/../lib/gcc/arm-none-eabi/5.4.1/../../../../arm-none-eabi/lib/armv6-m/libnosys.a(sbrk.o)
 .ARM.attributes
                0x00000938       0x1e /home/yuan/gcc-arm-none-eabi-5_4-2016q3/bin/../lib/gcc/arm-none-eabi/5.4.1/armv6-m/libgcc.a(_udivsi3.o)
 .ARM.attributes
                0x00000956       0x1e /home/yuan/gcc-arm-none-eabi-5_4-2016q3/bin/../lib/gcc/arm-none-eabi/5.4.1/armv6-m/libgcc.a(_divsi3.o)
 .ARM.attributes
                0x00000974       0x1e /home/yuan/gcc-arm-none-eabi-5_4-2016q3/bin/../lib/gcc/arm-none-eabi/5.4.1/armv6-m/libgcc.a(_dvmd_tls.o)
 .ARM.attributes
                0x00000992       0x1e /home/yuan/gcc-arm-none-eabi-5_4-2016q3/bin/../lib/gcc/arm-none-eabi/5.4.1/armv6-m/crtn.o
OUTPUT(Build/G070CBT6_Demo.elf elf32-littlearm)

.debug_info     0x00000000    0x13501
 .debug_info    0x00000000      0xd20 Build/at24c02.o
 .debug_info    0x00000d20     0x1503 Build/main.o
 .debug_info    0x00002223     0x1323 Build/board.o
 .debug_info    0x00003546      0x21c Build/stm32g0xx_it.o
 .debug_info    0x00003762     0x120e Build/stm32g0xx_hal_msp.o
 .debug_info    0x00004970     0x3f81 Build/stm32g0xx_hal_i2c.o
 .debug_info    0x000088f1      0xb93 Build/stm32g0xx_hal_i2c_ex.o
 .debug_info    0x00009484      0xdd6 Build/stm32g0xx_hal_rcc.o
 .debug_info    0x0000a25a      0x989 Build/stm32g0xx_hal_rcc_ex.o
 .debug_info    0x0000abe3      0x6cb Build/stm32g0xx_hal_gpio.o
 .debug_info    0x0000b2ae      0x5e9 Build/stm32g0xx_hal_pwr_ex.o
 .debug_info    0x0000b897      0xaa1 Build/stm32g0xx_hal_cortex.o
 .debug_info    0x0000c338      0xaa5 Build/stm32g0xx_hal.o
 .debug_info    0x0000cddd     0x50ad Build/stm32g0xx_hal_uart.o
 .debug_info    0x00011e8a     0x1202 Build/stm32g0xx_hal_uart_ex.o
 .debug_info    0x0001308c      0x409 Build/system_stm32g0xx.o
 .debug_info    0x00013495       0x6c Build/startup_stm32g070xx.o

.debug_abbrev   0x00000000     0x2440
 .debug_abbrev  0x00000000      0x271 Build/at24c02.o
 .debug_abbrev  0x00000271      0x261 Build/main.o
 .debug_abbrev  0x000004d2      0x288 Build/board.o
 .debug_abbrev  0x0000075a      0x110 Build/stm32g0xx_it.o
 .debug_abbrev  0x0000086a      0x1d2 Build/stm32g0xx_hal_msp.o
 .debug_abbrev  0x00000a3c      0x2b6 Build/stm32g0xx_hal_i2c.o
 .debug_abbrev  0x00000cf2      0x1d0 Build/stm32g0xx_hal_i2c_ex.o
 .debug_abbrev  0x00000ec2      0x2a0 Build/stm32g0xx_hal_rcc.o
 .debug_abbrev  0x00001162      0x232 Build/stm32g0xx_hal_rcc_ex.o
 .debug_abbrev  0x00001394      0x22a Build/stm32g0xx_hal_gpio.o
 .debug_abbrev  0x000015be      0x209 Build/stm32g0xx_hal_pwr_ex.o
 .debug_abbrev  0x000017c7      0x297 Build/stm32g0xx_hal_cortex.o
 .debug_abbrev  0x00001a5e      0x282 Build/stm32g0xx_hal.o
 .debug_abbrev  0x00001ce0      0x30f Build/stm32g0xx_hal_uart.o
 .debug_abbrev  0x00001fef      0x2ee Build/stm32g0xx_hal_uart_ex.o
 .debug_abbrev  0x000022dd      0x151 Build/system_stm32g0xx.o
 .debug_abbrev  0x0000242e       0x12 Build/startup_stm32g070xx.o

.debug_loc      0x00000000     0xa30b
 .debug_loc     0x00000000      0x382 Build/at24c02.o
 .debug_loc     0x00000382       0xec Build/main.o
 .debug_loc     0x0000046e      0x1b9 Build/board.o
 .debug_loc     0x00000627       0x20 Build/stm32g0xx_it.o
 .debug_loc     0x00000647      0x160 Build/stm32g0xx_hal_msp.o
 .debug_loc     0x000007a7     0x48c8 Build/stm32g0xx_hal_i2c.o
 .debug_loc     0x0000506f      0x305 Build/stm32g0xx_hal_i2c_ex.o
 .debug_loc     0x00005374      0x668 Build/stm32g0xx_hal_rcc.o
 .debug_loc     0x000059dc      0x6ec Build/stm32g0xx_hal_rcc_ex.o
 .debug_loc     0x000060c8      0x320 Build/stm32g0xx_hal_gpio.o
 .debug_loc     0x000063e8      0x2fe Build/stm32g0xx_hal_pwr_ex.o
 .debug_loc     0x000066e6      0x440 Build/stm32g0xx_hal_cortex.o
 .debug_loc     0x00006b26      0x251 Build/stm32g0xx_hal.o
 .debug_loc     0x00006d77     0x29d9 Build/stm32g0xx_hal_uart.o
 .debug_loc     0x00009750      0xb1b Build/stm32g0xx_hal_uart_ex.o
 .debug_loc     0x0000a26b       0xa0 Build/system_stm32g0xx.o

.debug_aranges  0x00000000      0xae8
 .debug_aranges
                0x00000000       0x50 Build/at24c02.o
 .debug_aranges
                0x00000050       0x48 Build/main.o
 .debug_aranges
                0x00000098       0x50 Build/board.o
 .debug_aranges
                0x000000e8       0x40 Build/stm32g0xx_it.o
 .debug_aranges
                0x00000128       0x40 Build/stm32g0xx_hal_msp.o
 .debug_aranges
                0x00000168      0x2a0 Build/stm32g0xx_hal_i2c.o
 .debug_aranges
                0x00000408       0x48 Build/stm32g0xx_hal_i2c_ex.o
 .debug_aranges
                0x00000450       0x98 Build/stm32g0xx_hal_rcc.o
 .debug_aranges
                0x000004e8       0x40 Build/stm32g0xx_hal_rcc_ex.o
 .debug_aranges
                0x00000528       0x60 Build/stm32g0xx_hal_gpio.o
 .debug_aranges
                0x00000588       0x98 Build/stm32g0xx_hal_pwr_ex.o
 .debug_aranges
                0x00000620       0x90 Build/stm32g0xx_hal_cortex.o
 .debug_aranges
                0x000006b0       0xf8 Build/stm32g0xx_hal.o
 .debug_aranges
                0x000007a8      0x248 Build/stm32g0xx_hal_uart.o
 .debug_aranges
                0x000009f0       0xa8 Build/stm32g0xx_hal_uart_ex.o
 .debug_aranges
                0x00000a98       0x28 Build/system_stm32g0xx.o
 .debug_aranges
                0x00000ac0       0x28 Build/startup_stm32g070xx.o

.debug_ranges   0x00000000      0xa10
 .debug_ranges  0x00000000       0x40 Build/at24c02.o
 .debug_ranges  0x00000040       0x38 Build/main.o
 .debug_ranges  0x00000078       0x40 Build/board.o
 .debug_ranges  0x000000b8       0x30 Build/stm32g0xx_it.o
 .debug_ranges  0x000000e8       0x30 Build/stm32g0xx_hal_msp.o
 .debug_ranges  0x00000118      0x290 Build/stm32g0xx_hal_i2c.o
 .debug_ranges  0x000003a8       0x38 Build/stm32g0xx_hal_i2c_ex.o
 .debug_ranges  0x000003e0       0xa0 Build/stm32g0xx_hal_rcc.o
 .debug_ranges  0x00000480       0x48 Build/stm32g0xx_hal_rcc_ex.o
 .debug_ranges  0x000004c8       0x50 Build/stm32g0xx_hal_gpio.o
 .debug_ranges  0x00000518       0x88 Build/stm32g0xx_hal_pwr_ex.o
 .debug_ranges  0x000005a0       0x80 Build/stm32g0xx_hal_cortex.o
 .debug_ranges  0x00000620       0xe8 Build/stm32g0xx_hal.o
 .debug_ranges  0x00000708      0x238 Build/stm32g0xx_hal_uart.o
 .debug_ranges  0x00000940       0x98 Build/stm32g0xx_hal_uart_ex.o
 .debug_ranges  0x000009d8       0x18 Build/system_stm32g0xx.o
 .debug_ranges  0x000009f0       0x20 Build/startup_stm32g070xx.o

.debug_line     0x00000000     0x5f5e
 .debug_line    0x00000000      0x314 Build/at24c02.o
 .debug_line    0x00000314      0x35b Build/main.o
 .debug_line    0x0000066f      0x37d Build/board.o
 .debug_line    0x000009ec      0x1a4 Build/stm32g0xx_it.o
 .debug_line    0x00000b90      0x2ac Build/stm32g0xx_hal_msp.o
 .debug_line    0x00000e3c     0x16b9 Build/stm32g0xx_hal_i2c.o
 .debug_line    0x000024f5      0x323 Build/stm32g0xx_hal_i2c_ex.o
 .debug_line    0x00002818      0x556 Build/stm32g0xx_hal_rcc.o
 .debug_line    0x00002d6e      0x3e7 Build/stm32g0xx_hal_rcc_ex.o
 .debug_line    0x00003155      0x30a Build/stm32g0xx_hal_gpio.o
 .debug_line    0x0000345f      0x397 Build/stm32g0xx_hal_pwr_ex.o
 .debug_line    0x000037f6      0x394 Build/stm32g0xx_hal_cortex.o
 .debug_line    0x00003b8a      0x424 Build/stm32g0xx_hal.o
 .debug_line    0x00003fae     0x1765 Build/stm32g0xx_hal_uart.o
 .debug_line    0x00005713      0x620 Build/stm32g0xx_hal_uart_ex.o
 .debug_line    0x00005d33      0x1b4 Build/system_stm32g0xx.o
 .debug_line    0x00005ee7       0x77 Build/startup_stm32g070xx.o

.debug_str      0x00000000     0x3546
 .debug_str     0x00000000      0x82a Build/at24c02.o
                                0x8fa (size before relaxing)
 .debug_str     0x0000082a      0x669 Build/main.o
                                0xe7d (size before relaxing)
 .debug_str     0x00000e93      0x1bc Build/board.o
                                0xd0b (size before relaxing)
 .debug_str     0x0000104f       0x6d Build/stm32g0xx_it.o
                                0x283 (size before relaxing)
 .debug_str     0x000010bc      0x175 Build/stm32g0xx_hal_msp.o
                                0xcee (size before relaxing)
 .debug_str     0x00001231      0x88f Build/stm32g0xx_hal_i2c.o
                               0x112c (size before relaxing)
 .debug_str     0x00001ac0       0xdb Build/stm32g0xx_hal_i2c_ex.o
                                0x9c7 (size before relaxing)
 .debug_str     0x00001b9b      0x289 Build/stm32g0xx_hal_rcc.o
                                0x7d4 (size before relaxing)
 .debug_str     0x00001e24      0x113 Build/stm32g0xx_hal_rcc_ex.o
                                0x640 (size before relaxing)
 .debug_str     0x00001f37      0x123 Build/stm32g0xx_hal_gpio.o
                                0x481 (size before relaxing)
 .debug_str     0x0000205a      0x253 Build/stm32g0xx_hal_pwr_ex.o
                                0x55e (size before relaxing)
 .debug_str     0x000022ad      0x4e0 Build/stm32g0xx_hal_cortex.o
                                0x7a5 (size before relaxing)
 .debug_str     0x0000278d      0x2b7 Build/stm32g0xx_hal.o
                                0x8b8 (size before relaxing)
 .debug_str     0x00002a44      0x876 Build/stm32g0xx_hal_uart.o
                               0x11c0 (size before relaxing)
 .debug_str     0x000032ba      0x24f Build/stm32g0xx_hal_uart_ex.o
                                0xbbb (size before relaxing)
 .debug_str     0x00003509       0x3d Build/system_stm32g0xx.o
                                0x35e (size before relaxing)

.comment        0x00000000       0x6e
 .comment       0x00000000       0x6e Build/at24c02.o
                                 0x6f (size before relaxing)
 .comment       0x0000006e       0x6f Build/main.o
 .comment       0x0000006e       0x6f Build/board.o
 .comment       0x0000006e       0x6f Build/stm32g0xx_it.o
 .comment       0x0000006e       0x6f Build/stm32g0xx_hal_msp.o
 .comment       0x0000006e       0x6f Build/stm32g0xx_hal_i2c.o
 .comment       0x0000006e       0x6f Build/stm32g0xx_hal_i2c_ex.o
 .comment       0x0000006e       0x6f Build/stm32g0xx_hal_rcc.o
 .comment       0x0000006e       0x6f Build/stm32g0xx_hal_rcc_ex.o
 .comment       0x0000006e       0x6f Build/stm32g0xx_hal_gpio.o
 .comment       0x0000006e       0x6f Build/stm32g0xx_hal_pwr_ex.o
 .comment       0x0000006e       0x6f Build/stm32g0xx_hal_cortex.o
 .comment       0x0000006e       0x6f Build/stm32g0xx_hal.o
 .comment       0x0000006e       0x6f Build/stm32g0xx_hal_uart.o
 .comment       0x0000006e       0x6f Build/stm32g0xx_hal_uart_ex.o
 .comment       0x0000006e       0x6f Build/system_stm32g0xx.o

.debug_frame    0x00000000     0x27f8
 .debug_frame   0x00000000       0xe8 Build/at24c02.o
 .debug_frame   0x000000e8       0xc4 Build/main.o
 .debug_frame   0x000001ac       0xc0 Build/board.o
 .debug_frame   0x0000026c       0x6c Build/stm32g0xx_it.o
 .debug_frame   0x000002d8       0x9c Build/stm32g0xx_hal_msp.o
 .debug_frame   0x00000374      0x9e4 Build/stm32g0xx_hal_i2c.o
 .debug_frame   0x00000d58       0xd0 Build/stm32g0xx_hal_i2c_ex.o
 .debug_frame   0x00000e28      0x188 Build/stm32g0xx_hal_rcc.o
 .debug_frame   0x00000fb0       0xa0 Build/stm32g0xx_hal_rcc_ex.o
 .debug_frame   0x00001050       0xe0 Build/stm32g0xx_hal_gpio.o
 .debug_frame   0x00001130      0x128 Build/stm32g0xx_hal_pwr_ex.o
 .debug_frame   0x00001258      0x128 Build/stm32g0xx_hal_cortex.o
 .debug_frame   0x00001380      0x210 Build/stm32g0xx_hal.o
 .debug_frame   0x00001590      0x794 Build/stm32g0xx_hal_uart.o
 .debug_frame   0x00001d24      0x224 Build/stm32g0xx_hal_uart_ex.o
 .debug_frame   0x00001f48       0x3c Build/system_stm32g0xx.o
 .debug_frame   0x00001f84       0x2c /home/yuan/gcc-arm-none-eabi-5_4-2016q3/bin/../lib/gcc/arm-none-eabi/5.4.1/../../../../arm-none-eabi/lib/armv6-m/libc_nano.a(lib_a-init.o)
 .debug_frame   0x00001fb0       0x28 /home/yuan/gcc-arm-none-eabi-5_4-2016q3/bin/../lib/gcc/arm-none-eabi/5.4.1/../../../../arm-none-eabi/lib/armv6-m/libc_nano.a(lib_a-memcpy-stub.o)
 .debug_frame   0x00001fd8       0x20 /home/yuan/gcc-arm-none-eabi-5_4-2016q3/bin/../lib/gcc/arm-none-eabi/5.4.1/../../../../arm-none-eabi/lib/armv6-m/libc_nano.a(lib_a-memset.o)
 .debug_frame   0x00001ff8       0x50 /home/yuan/gcc-arm-none-eabi-5_4-2016q3/bin/../lib/gcc/arm-none-eabi/5.4.1/../../../../arm-none-eabi/lib/armv6-m/libc_nano.a(lib_a-printf.o)
 .debug_frame   0x00002048       0x44 /home/yuan/gcc-arm-none-eabi-5_4-2016q3/bin/../lib/gcc/arm-none-eabi/5.4.1/../../../../arm-none-eabi/lib/armv6-m/libc_nano.a(lib_a-puts.o)
 .debug_frame   0x0000208c       0x48 /home/yuan/gcc-arm-none-eabi-5_4-2016q3/bin/../lib/gcc/arm-none-eabi/5.4.1/../../../../arm-none-eabi/lib/armv6-m/libc_nano.a(lib_a-wbuf.o)
 .debug_frame   0x000020d4       0x2c /home/yuan/gcc-arm-none-eabi-5_4-2016q3/bin/../lib/gcc/arm-none-eabi/5.4.1/../../../../arm-none-eabi/lib/armv6-m/libc_nano.a(lib_a-wsetup.o)
 .debug_frame   0x00002100       0x68 /home/yuan/gcc-arm-none-eabi-5_4-2016q3/bin/../lib/gcc/arm-none-eabi/5.4.1/../../../../arm-none-eabi/lib/armv6-m/libc_nano.a(lib_a-fflush.o)
 .debug_frame   0x00002168      0x140 /home/yuan/gcc-arm-none-eabi-5_4-2016q3/bin/../lib/gcc/arm-none-eabi/5.4.1/../../../../arm-none-eabi/lib/armv6-m/libc_nano.a(lib_a-findfp.o)
 .debug_frame   0x000022a8       0x58 /home/yuan/gcc-arm-none-eabi-5_4-2016q3/bin/../lib/gcc/arm-none-eabi/5.4.1/../../../../arm-none-eabi/lib/armv6-m/libc_nano.a(lib_a-fwalk.o)
 .debug_frame   0x00002300       0x54 /home/yuan/gcc-arm-none-eabi-5_4-2016q3/bin/../lib/gcc/arm-none-eabi/5.4.1/../../../../arm-none-eabi/lib/armv6-m/libc_nano.a(lib_a-makebuf.o)
 .debug_frame   0x00002354       0x2c /home/yuan/gcc-arm-none-eabi-5_4-2016q3/bin/../lib/gcc/arm-none-eabi/5.4.1/../../../../arm-none-eabi/lib/armv6-m/libc_nano.a(lib_a-nano-freer.o)
 .debug_frame   0x00002380       0x2c /home/yuan/gcc-arm-none-eabi-5_4-2016q3/bin/../lib/gcc/arm-none-eabi/5.4.1/../../../../arm-none-eabi/lib/armv6-m/libc_nano.a(lib_a-nano-mallocr.o)
 .debug_frame   0x000023ac       0x9c /home/yuan/gcc-arm-none-eabi-5_4-2016q3/bin/../lib/gcc/arm-none-eabi/5.4.1/../../../../arm-none-eabi/lib/armv6-m/libc_nano.a(lib_a-nano-vfprintf.o)
 .debug_frame   0x00002448       0x54 /home/yuan/gcc-arm-none-eabi-5_4-2016q3/bin/../lib/gcc/arm-none-eabi/5.4.1/../../../../arm-none-eabi/lib/armv6-m/libc_nano.a(lib_a-nano-vfprintf_i.o)
 .debug_frame   0x0000249c       0x2c /home/yuan/gcc-arm-none-eabi-5_4-2016q3/bin/../lib/gcc/arm-none-eabi/5.4.1/../../../../arm-none-eabi/lib/armv6-m/libc_nano.a(lib_a-sbrkr.o)
 .debug_frame   0x000024c8       0x90 /home/yuan/gcc-arm-none-eabi-5_4-2016q3/bin/../lib/gcc/arm-none-eabi/5.4.1/../../../../arm-none-eabi/lib/armv6-m/libc_nano.a(lib_a-stdio.o)
 .debug_frame   0x00002558       0x2c /home/yuan/gcc-arm-none-eabi-5_4-2016q3/bin/../lib/gcc/arm-none-eabi/5.4.1/../../../../arm-none-eabi/lib/armv6-m/libc_nano.a(lib_a-writer.o)
 .debug_frame   0x00002584       0x2c /home/yuan/gcc-arm-none-eabi-5_4-2016q3/bin/../lib/gcc/arm-none-eabi/5.4.1/../../../../arm-none-eabi/lib/armv6-m/libc_nano.a(lib_a-closer.o)
 .debug_frame   0x000025b0       0x2c /home/yuan/gcc-arm-none-eabi-5_4-2016q3/bin/../lib/gcc/arm-none-eabi/5.4.1/../../../../arm-none-eabi/lib/armv6-m/libc_nano.a(lib_a-fstatr.o)
 .debug_frame   0x000025dc       0x2c /home/yuan/gcc-arm-none-eabi-5_4-2016q3/bin/../lib/gcc/arm-none-eabi/5.4.1/../../../../arm-none-eabi/lib/armv6-m/libc_nano.a(lib_a-isattyr.o)
 .debug_frame   0x00002608       0x2c /home/yuan/gcc-arm-none-eabi-5_4-2016q3/bin/../lib/gcc/arm-none-eabi/5.4.1/../../../../arm-none-eabi/lib/armv6-m/libc_nano.a(lib_a-lseekr.o)
 .debug_frame   0x00002634       0x20 /home/yuan/gcc-arm-none-eabi-5_4-2016q3/bin/../lib/gcc/arm-none-eabi/5.4.1/../../../../arm-none-eabi/lib/armv6-m/libc_nano.a(lib_a-memchr-stub.o)
 .debug_frame   0x00002654       0x30 /home/yuan/gcc-arm-none-eabi-5_4-2016q3/bin/../lib/gcc/arm-none-eabi/5.4.1/../../../../arm-none-eabi/lib/armv6-m/libc_nano.a(lib_a-mlock.o)
 .debug_frame   0x00002684       0x2c /home/yuan/gcc-arm-none-eabi-5_4-2016q3/bin/../lib/gcc/arm-none-eabi/5.4.1/../../../../arm-none-eabi/lib/armv6-m/libc_nano.a(lib_a-readr.o)
 .debug_frame   0x000026b0       0x48 /home/yuan/gcc-arm-none-eabi-5_4-2016q3/bin/../lib/gcc/arm-none-eabi/5.4.1/../../../../arm-none-eabi/lib/armv6-m/libc_nano.a(lib_a-reent.o)
 .debug_frame   0x000026f8       0x20 /home/yuan/gcc-arm-none-eabi-5_4-2016q3/bin/../lib/gcc/arm-none-eabi/5.4.1/../../../../arm-none-eabi/lib/armv6-m/libnosys.a(close.o)
 .debug_frame   0x00002718       0x20 /home/yuan/gcc-arm-none-eabi-5_4-2016q3/bin/../lib/gcc/arm-none-eabi/5.4.1/../../../../arm-none-eabi/lib/armv6-m/libnosys.a(fstat.o)
 .debug_frame   0x00002738       0x20 /home/yuan/gcc-arm-none-eabi-5_4-2016q3/bin/../lib/gcc/arm-none-eabi/5.4.1/../../../../arm-none-eabi/lib/armv6-m/libnosys.a(isatty.o)
 .debug_frame   0x00002758       0x20 /home/yuan/gcc-arm-none-eabi-5_4-2016q3/bin/../lib/gcc/arm-none-eabi/5.4.1/../../../../arm-none-eabi/lib/armv6-m/libnosys.a(lseek.o)
 .debug_frame   0x00002778       0x20 /home/yuan/gcc-arm-none-eabi-5_4-2016q3/bin/../lib/gcc/arm-none-eabi/5.4.1/../../../../arm-none-eabi/lib/armv6-m/libnosys.a(read.o)
 .debug_frame   0x00002798       0x20 /home/yuan/gcc-arm-none-eabi-5_4-2016q3/bin/../lib/gcc/arm-none-eabi/5.4.1/../../../../arm-none-eabi/lib/armv6-m/libnosys.a(sbrk.o)
 .debug_frame   0x000027b8       0x20 /home/yuan/gcc-arm-none-eabi-5_4-2016q3/bin/../lib/gcc/arm-none-eabi/5.4.1/armv6-m/libgcc.a(_udivsi3.o)
 .debug_frame   0x000027d8       0x20 /home/yuan/gcc-arm-none-eabi-5_4-2016q3/bin/../lib/gcc/arm-none-eabi/5.4.1/armv6-m/libgcc.a(_divsi3.o)

.stab           0x00000000       0x84
 .stab          0x00000000       0x24 /home/yuan/gcc-arm-none-eabi-5_4-2016q3/bin/../lib/gcc/arm-none-eabi/5.4.1/../../../../arm-none-eabi/lib/armv6-m/libnosys.a(close.o)
 .stab          0x00000024       0x18 /home/yuan/gcc-arm-none-eabi-5_4-2016q3/bin/../lib/gcc/arm-none-eabi/5.4.1/../../../../arm-none-eabi/lib/armv6-m/libnosys.a(fstat.o)
                                 0x24 (size before relaxing)
 .stab          0x0000003c       0x18 /home/yuan/gcc-arm-none-eabi-5_4-2016q3/bin/../lib/gcc/arm-none-eabi/5.4.1/../../../../arm-none-eabi/lib/armv6-m/libnosys.a(isatty.o)
                                 0x24 (size before relaxing)
 .stab          0x00000054       0x18 /home/yuan/gcc-arm-none-eabi-5_4-2016q3/bin/../lib/gcc/arm-none-eabi/5.4.1/../../../../arm-none-eabi/lib/armv6-m/libnosys.a(lseek.o)
                                 0x24 (size before relaxing)
 .stab          0x0000006c       0x18 /home/yuan/gcc-arm-none-eabi-5_4-2016q3/bin/../lib/gcc/arm-none-eabi/5.4.1/../../../../arm-none-eabi/lib/armv6-m/libnosys.a(read.o)
                                 0x24 (size before relaxing)

.stabstr        0x00000000      0x117
 .stabstr       0x00000000      0x117 /home/yuan/gcc-arm-none-eabi-5_4-2016q3/bin/../lib/gcc/arm-none-eabi/5.4.1/../../../../arm-none-eabi/lib/armv6-m/libnosys.a(close.o)

Cross Reference Table

Symbol                                            File
ADC1_IRQHandler                                   Build/startup_stm32g070xx.o
AHBPrescTable                                     Build/system_stm32g0xx.o
                                                  Build/stm32g0xx_hal_rcc.o
APBPrescTable                                     Build/system_stm32g0xx.o
                                                  Build/stm32g0xx_hal_rcc.o
BOARD_Init                                        Build/board.o
                                                  Build/main.o
BOARD_Loop                                        Build/board.o
                                                  Build/main.o
DMA1_Ch4_7_DMAMUX1_OVR_IRQHandler                 Build/startup_stm32g070xx.o
DMA1_Channel1_IRQHandler                          Build/startup_stm32g070xx.o
DMA1_Channel2_3_IRQHandler                        Build/startup_stm32g070xx.o
Default_Handler                                   Build/startup_stm32g070xx.o
EXTI0_1_IRQHandler                                Build/startup_stm32g070xx.o
EXTI2_3_IRQHandler                                Build/startup_stm32g070xx.o
EXTI4_15_IRQHandler                               Build/startup_stm32g070xx.o
Error_Handler                                     Build/main.o
                                                  Build/stm32g0xx_hal_msp.o
FLASH_FlushCaches                                 Build/stm32g0xx_hal_flash_ex.o
FLASH_IRQHandler                                  Build/startup_stm32g070xx.o
FLASH_Init                                        Build/board.o
FLASH_PageErase                                   Build/stm32g0xx_hal_flash_ex.o
                                                  Build/stm32g0xx_hal_flash.o
FLASH_WaitForLastOperation                        Build/stm32g0xx_hal_flash.o
                                                  Build/stm32g0xx_hal_flash_ex.o
Font_11x18                                        Build/ssd1306_fonts.o
HAL_DBGMCU_DisableDBGStandbyMode                  Build/stm32g0xx_hal.o
HAL_DBGMCU_DisableDBGStopMode                     Build/stm32g0xx_hal.o
HAL_DBGMCU_EnableDBGStandbyMode                   Build/stm32g0xx_hal.o
HAL_DBGMCU_EnableDBGStopMode                      Build/stm32g0xx_hal.o
HAL_DMAEx_ConfigMuxRequestGenerator               Build/stm32g0xx_hal_dma_ex.o
HAL_DMAEx_ConfigMuxSync                           Build/stm32g0xx_hal_dma_ex.o
HAL_DMAEx_DisableMuxRequestGenerator              Build/stm32g0xx_hal_dma_ex.o
HAL_DMAEx_EnableMuxRequestGenerator               Build/stm32g0xx_hal_dma_ex.o
HAL_DMAEx_MUX_IRQHandler                          Build/stm32g0xx_hal_dma_ex.o
HAL_DMA_Abort                                     Build/stm32g0xx_hal_dma.o
                                                  Build/stm32g0xx_hal_uart.o
HAL_DMA_Abort_IT                                  Build/stm32g0xx_hal_dma.o
                                                  Build/stm32g0xx_hal_uart.o
                                                  Build/stm32g0xx_hal_i2c.o
HAL_DMA_DeInit                                    Build/stm32g0xx_hal_dma.o
HAL_DMA_GetError                                  Build/stm32g0xx_hal_dma.o
                                                  Build/stm32g0xx_hal_uart.o
HAL_DMA_GetState                                  Build/stm32g0xx_hal_dma.o
                                                  Build/stm32g0xx_hal_i2c.o
HAL_DMA_IRQHandler                                Build/stm32g0xx_hal_dma.o
HAL_DMA_Init                                      Build/stm32g0xx_hal_dma.o
HAL_DMA_PollForTransfer                           Build/stm32g0xx_hal_dma.o
HAL_DMA_RegisterCallback                          Build/stm32g0xx_hal_dma.o
HAL_DMA_Start                                     Build/stm32g0xx_hal_dma.o
HAL_DMA_Start_IT                                  Build/stm32g0xx_hal_dma.o
                                                  Build/stm32g0xx_hal_uart.o
                                                  Build/stm32g0xx_hal_i2c.o
HAL_DMA_UnRegisterCallback                        Build/stm32g0xx_hal_dma.o
HAL_DeInit                                        Build/stm32g0xx_hal.o
HAL_Delay                                         Build/stm32g0xx_hal.o
                                                  Build/board.o
                                                  Build/main.o
                                                  Build/at24c02.o
                                                  Build/ssd1306.o
HAL_EXTI_ClearConfigLine                          Build/stm32g0xx_hal_exti.o
HAL_EXTI_ClearPending                             Build/stm32g0xx_hal_exti.o
HAL_EXTI_GenerateSWI                              Build/stm32g0xx_hal_exti.o
HAL_EXTI_GetConfigLine                            Build/stm32g0xx_hal_exti.o
HAL_EXTI_GetHandle                                Build/stm32g0xx_hal_exti.o
HAL_EXTI_GetPending                               Build/stm32g0xx_hal_exti.o
HAL_EXTI_IRQHandler                               Build/stm32g0xx_hal_exti.o
HAL_EXTI_RegisterCallback                         Build/stm32g0xx_hal_exti.o
HAL_EXTI_SetConfigLine                            Build/stm32g0xx_hal_exti.o
HAL_FLASHEx_Erase                                 Build/stm32g0xx_hal_flash_ex.o
HAL_FLASHEx_Erase_IT                              Build/stm32g0xx_hal_flash_ex.o
HAL_FLASHEx_FlashEmptyCheck                       Build/stm32g0xx_hal_flash_ex.o
HAL_FLASHEx_ForceFlashEmpty                       Build/stm32g0xx_hal_flash_ex.o
HAL_FLASHEx_OBGetConfig                           Build/stm32g0xx_hal_flash_ex.o
HAL_FLASHEx_OBProgram                             Build/stm32g0xx_hal_flash_ex.o
                                                  Build/board.o
HAL_FLASH_EndOfOperationCallback                  Build/stm32g0xx_hal_flash.o
HAL_FLASH_GetError                                Build/stm32g0xx_hal_flash.o
HAL_FLASH_IRQHandler                              Build/stm32g0xx_hal_flash.o
HAL_FLASH_Lock                                    Build/stm32g0xx_hal_flash.o
HAL_FLASH_OB_Launch                               Build/stm32g0xx_hal_flash.o
                                                  Build/board.o
HAL_FLASH_OB_Lock                                 Build/stm32g0xx_hal_flash.o
HAL_FLASH_OB_Unlock                               Build/stm32g0xx_hal_flash.o
                                                  Build/board.o
HAL_FLASH_OperationErrorCallback                  Build/stm32g0xx_hal_flash.o
HAL_FLASH_Program                                 Build/stm32g0xx_hal_flash.o
HAL_FLASH_Program_IT                              Build/stm32g0xx_hal_flash.o
HAL_FLASH_Unlock                                  Build/stm32g0xx_hal_flash.o
                                                  Build/board.o
HAL_GPIO_DeInit                                   Build/stm32g0xx_hal_gpio.o
                                                  Build/stm32g0xx_hal_msp.o
HAL_GPIO_EXTI_Falling_Callback                    Build/stm32g0xx_hal_gpio.o
HAL_GPIO_EXTI_IRQHandler                          Build/stm32g0xx_hal_gpio.o
HAL_GPIO_EXTI_Rising_Callback                     Build/stm32g0xx_hal_gpio.o
HAL_GPIO_Init                                     Build/stm32g0xx_hal_gpio.o
                                                  Build/stm32g0xx_hal_rcc_ex.o
                                                  Build/stm32g0xx_hal_rcc.o
                                                  Build/stm32g0xx_hal_msp.o
                                                  Build/main.o
HAL_GPIO_LockPin                                  Build/stm32g0xx_hal_gpio.o
HAL_GPIO_ReadPin                                  Build/stm32g0xx_hal_gpio.o
HAL_GPIO_TogglePin                                Build/stm32g0xx_hal_gpio.o
                                                  Build/board.o
                                                  Build/main.o
HAL_GPIO_WritePin                                 Build/stm32g0xx_hal_gpio.o
                                                  Build/board.o
                                                  Build/main.o
HAL_GetDEVID                                      Build/stm32g0xx_hal.o
HAL_GetHalVersion                                 Build/stm32g0xx_hal.o
HAL_GetREVID                                      Build/stm32g0xx_hal.o
HAL_GetTick                                       Build/stm32g0xx_hal.o
                                                  Build/stm32g0xx_hal_uart_ex.o
                                                  Build/stm32g0xx_hal_uart.o
                                                  Build/stm32g0xx_hal_dma.o
                                                  Build/stm32g0xx_hal_flash.o
                                                  Build/stm32g0xx_hal_rcc_ex.o
                                                  Build/stm32g0xx_hal_rcc.o
                                                  Build/stm32g0xx_hal_i2c.o
                                                  Build/board.o
                                                  Build/main.o
HAL_GetTickFreq                                   Build/stm32g0xx_hal.o
HAL_GetTickPrio                                   Build/stm32g0xx_hal.o
HAL_GetUIDw0                                      Build/stm32g0xx_hal.o
HAL_GetUIDw1                                      Build/stm32g0xx_hal.o
HAL_GetUIDw2                                      Build/stm32g0xx_hal.o
HAL_HalfDuplex_EnableReceiver                     Build/stm32g0xx_hal_uart.o
HAL_HalfDuplex_EnableTransmitter                  Build/stm32g0xx_hal_uart.o
HAL_HalfDuplex_Init                               Build/stm32g0xx_hal_uart.o
HAL_I2CEx_ConfigAnalogFilter                      Build/stm32g0xx_hal_i2c_ex.o
                                                  Build/main.o
HAL_I2CEx_ConfigDigitalFilter                     Build/stm32g0xx_hal_i2c_ex.o
                                                  Build/main.o
HAL_I2CEx_DisableFastModePlus                     Build/stm32g0xx_hal_i2c_ex.o
HAL_I2CEx_DisableWakeUp                           Build/stm32g0xx_hal_i2c_ex.o
HAL_I2CEx_EnableFastModePlus                      Build/stm32g0xx_hal_i2c_ex.o
HAL_I2CEx_EnableWakeUp                            Build/stm32g0xx_hal_i2c_ex.o
HAL_I2C_AbortCpltCallback                         Build/stm32g0xx_hal_i2c.o
HAL_I2C_AddrCallback                              Build/stm32g0xx_hal_i2c.o
HAL_I2C_DeInit                                    Build/stm32g0xx_hal_i2c.o
HAL_I2C_DisableListen_IT                          Build/stm32g0xx_hal_i2c.o
HAL_I2C_ER_IRQHandler                             Build/stm32g0xx_hal_i2c.o
HAL_I2C_EV_IRQHandler                             Build/stm32g0xx_hal_i2c.o
HAL_I2C_EnableListen_IT                           Build/stm32g0xx_hal_i2c.o
HAL_I2C_ErrorCallback                             Build/stm32g0xx_hal_i2c.o
HAL_I2C_GetError                                  Build/stm32g0xx_hal_i2c.o
HAL_I2C_GetMode                                   Build/stm32g0xx_hal_i2c.o
HAL_I2C_GetState                                  Build/stm32g0xx_hal_i2c.o
HAL_I2C_Init                                      Build/stm32g0xx_hal_i2c.o
                                                  Build/main.o
HAL_I2C_IsDeviceReady                             Build/stm32g0xx_hal_i2c.o
                                                  Build/board.o
                                                  Build/at24c02.o
                                                  Build/ssd1306.o
HAL_I2C_ListenCpltCallback                        Build/stm32g0xx_hal_i2c.o
HAL_I2C_MasterRxCpltCallback                      Build/stm32g0xx_hal_i2c.o
HAL_I2C_MasterTxCpltCallback                      Build/stm32g0xx_hal_i2c.o
HAL_I2C_Master_Abort_IT                           Build/stm32g0xx_hal_i2c.o
HAL_I2C_Master_Receive                            Build/stm32g0xx_hal_i2c.o
                                                  Build/at24c02.o
HAL_I2C_Master_Receive_DMA                        Build/stm32g0xx_hal_i2c.o
HAL_I2C_Master_Receive_IT                         Build/stm32g0xx_hal_i2c.o
HAL_I2C_Master_Seq_Receive_DMA                    Build/stm32g0xx_hal_i2c.o
HAL_I2C_Master_Seq_Receive_IT                     Build/stm32g0xx_hal_i2c.o
HAL_I2C_Master_Seq_Transmit_DMA                   Build/stm32g0xx_hal_i2c.o
HAL_I2C_Master_Seq_Transmit_IT                    Build/stm32g0xx_hal_i2c.o
HAL_I2C_Master_Transmit                           Build/stm32g0xx_hal_i2c.o
                                                  Build/at24c02.o
HAL_I2C_Master_Transmit_DMA                       Build/stm32g0xx_hal_i2c.o
HAL_I2C_Master_Transmit_IT                        Build/stm32g0xx_hal_i2c.o
HAL_I2C_MemRxCpltCallback                         Build/stm32g0xx_hal_i2c.o
HAL_I2C_MemTxCpltCallback                         Build/stm32g0xx_hal_i2c.o
HAL_I2C_Mem_Read                                  Build/stm32g0xx_hal_i2c.o
HAL_I2C_Mem_Read_DMA                              Build/stm32g0xx_hal_i2c.o
HAL_I2C_Mem_Read_IT                               Build/stm32g0xx_hal_i2c.o
HAL_I2C_Mem_Write                                 Build/stm32g0xx_hal_i2c.o
                                                  Build/ssd1306.o
HAL_I2C_Mem_Write_DMA                             Build/stm32g0xx_hal_i2c.o
HAL_I2C_Mem_Write_IT                              Build/stm32g0xx_hal_i2c.o
HAL_I2C_MspDeInit                                 Build/stm32g0xx_hal_msp.o
HAL_I2C_MspInit                                   Build/stm32g0xx_hal_msp.o
HAL_I2C_SlaveRxCpltCallback                       Build/stm32g0xx_hal_i2c.o
HAL_I2C_SlaveTxCpltCallback                       Build/stm32g0xx_hal_i2c.o
HAL_I2C_Slave_Receive                             Build/stm32g0xx_hal_i2c.o
HAL_I2C_Slave_Receive_DMA                         Build/stm32g0xx_hal_i2c.o
HAL_I2C_Slave_Receive_IT                          Build/stm32g0xx_hal_i2c.o
HAL_I2C_Slave_Seq_Receive_DMA                     Build/stm32g0xx_hal_i2c.o
HAL_I2C_Slave_Seq_Receive_IT                      Build/stm32g0xx_hal_i2c.o
HAL_I2C_Slave_Seq_Transmit_DMA                    Build/stm32g0xx_hal_i2c.o
HAL_I2C_Slave_Seq_Transmit_IT                     Build/stm32g0xx_hal_i2c.o
HAL_I2C_Slave_Transmit                            Build/stm32g0xx_hal_i2c.o
HAL_I2C_Slave_Transmit_DMA                        Build/stm32g0xx_hal_i2c.o
HAL_I2C_Slave_Transmit_IT                         Build/stm32g0xx_hal_i2c.o
HAL_IncTick                                       Build/stm32g0xx_hal.o
                                                  Build/stm32g0xx_it.o
HAL_Init                                          Build/stm32g0xx_hal.o
                                                  Build/main.o
HAL_InitTick                                      Build/stm32g0xx_hal.o
                                                  Build/stm32g0xx_hal_rcc.o
HAL_LIN_Init                                      Build/stm32g0xx_hal_uart.o
HAL_LIN_SendBreak                                 Build/stm32g0xx_hal_uart.o
HAL_MPU_ConfigRegion                              Build/stm32g0xx_hal_cortex.o
HAL_MPU_Disable                                   Build/stm32g0xx_hal_cortex.o
HAL_MPU_Enable                                    Build/stm32g0xx_hal_cortex.o
HAL_MspDeInit                                     Build/stm32g0xx_hal.o
HAL_MspInit                                       Build/stm32g0xx_hal_msp.o
HAL_MultiProcessorEx_AddressLength_Set            Build/stm32g0xx_hal_uart_ex.o
HAL_MultiProcessor_DisableMuteMode                Build/stm32g0xx_hal_uart.o
HAL_MultiProcessor_EnableMuteMode                 Build/stm32g0xx_hal_uart.o
HAL_MultiProcessor_EnterMuteMode                  Build/stm32g0xx_hal_uart.o
HAL_MultiProcessor_Init                           Build/stm32g0xx_hal_uart.o
HAL_NVIC_ClearPendingIRQ                          Build/stm32g0xx_hal_cortex.o
HAL_NVIC_DisableIRQ                               Build/stm32g0xx_hal_cortex.o
HAL_NVIC_EnableIRQ                                Build/stm32g0xx_hal_cortex.o
HAL_NVIC_GetPendingIRQ                            Build/stm32g0xx_hal_cortex.o
HAL_NVIC_GetPriority                              Build/stm32g0xx_hal_cortex.o
HAL_NVIC_SetPendingIRQ                            Build/stm32g0xx_hal_cortex.o
HAL_NVIC_SetPriority                              Build/stm32g0xx_hal_cortex.o
                                                  Build/stm32g0xx_hal.o
HAL_NVIC_SystemReset                              Build/stm32g0xx_hal_cortex.o
                                                  Build/main.o
HAL_PWREx_ControlVoltageScaling                   Build/stm32g0xx_hal_pwr_ex.o
                                                  Build/main.o
HAL_PWREx_DisableBatteryCharging                  Build/stm32g0xx_hal_pwr_ex.o
HAL_PWREx_DisableFlashPowerDown                   Build/stm32g0xx_hal_pwr_ex.o
HAL_PWREx_DisableGPIOPullDown                     Build/stm32g0xx_hal_pwr_ex.o
HAL_PWREx_DisableGPIOPullUp                       Build/stm32g0xx_hal_pwr_ex.o
HAL_PWREx_DisableInternalWakeUpLine               Build/stm32g0xx_hal_pwr_ex.o
HAL_PWREx_DisableLowPowerRunMode                  Build/stm32g0xx_hal_pwr_ex.o
                                                  Build/stm32g0xx_hal_pwr.o
HAL_PWREx_DisablePullUpPullDownConfig             Build/stm32g0xx_hal_pwr_ex.o
HAL_PWREx_EnableBatteryCharging                   Build/stm32g0xx_hal_pwr_ex.o
HAL_PWREx_EnableFlashPowerDown                    Build/stm32g0xx_hal_pwr_ex.o
HAL_PWREx_EnableGPIOPullDown                      Build/stm32g0xx_hal_pwr_ex.o
HAL_PWREx_EnableGPIOPullUp                        Build/stm32g0xx_hal_pwr_ex.o
HAL_PWREx_EnableInternalWakeUpLine                Build/stm32g0xx_hal_pwr_ex.o
HAL_PWREx_EnableLowPowerRunMode                   Build/stm32g0xx_hal_pwr_ex.o
                                                  Build/stm32g0xx_hal_pwr.o
HAL_PWREx_EnablePullUpPullDownConfig              Build/stm32g0xx_hal_pwr_ex.o
HAL_PWREx_GetVoltageRange                         Build/stm32g0xx_hal_pwr_ex.o
HAL_PWR_DeInit                                    Build/stm32g0xx_hal_pwr.o
HAL_PWR_DisableBkUpAccess                         Build/stm32g0xx_hal_pwr.o
                                                  Build/stm32g0xx_hal_rcc_ex.o
HAL_PWR_DisableSEVOnPend                          Build/stm32g0xx_hal_pwr.o
HAL_PWR_DisableSleepOnExit                        Build/stm32g0xx_hal_pwr.o
HAL_PWR_DisableWakeUpPin                          Build/stm32g0xx_hal_pwr.o
HAL_PWR_EnableBkUpAccess                          Build/stm32g0xx_hal_pwr.o
                                                  Build/stm32g0xx_hal_rcc_ex.o
HAL_PWR_EnableSEVOnPend                           Build/stm32g0xx_hal_pwr.o
HAL_PWR_EnableSleepOnExit                         Build/stm32g0xx_hal_pwr.o
HAL_PWR_EnableWakeUpPin                           Build/stm32g0xx_hal_pwr.o
HAL_PWR_EnterSLEEPMode                            Build/stm32g0xx_hal_pwr.o
HAL_PWR_EnterSTANDBYMode                          Build/stm32g0xx_hal_pwr.o
HAL_PWR_EnterSTOPMode                             Build/stm32g0xx_hal_pwr.o
HAL_RCCEx_DisableLSCO                             Build/stm32g0xx_hal_rcc_ex.o
HAL_RCCEx_EnableLSCO                              Build/stm32g0xx_hal_rcc_ex.o
HAL_RCCEx_GetPeriphCLKConfig                      Build/stm32g0xx_hal_rcc_ex.o
HAL_RCCEx_GetPeriphCLKFreq                        Build/stm32g0xx_hal_rcc_ex.o
HAL_RCCEx_PeriphCLKConfig                         Build/stm32g0xx_hal_rcc_ex.o
                                                  Build/stm32g0xx_hal_msp.o
HAL_RCC_CSSCallback                               Build/stm32g0xx_hal_rcc.o
HAL_RCC_ClockConfig                               Build/stm32g0xx_hal_rcc.o
                                                  Build/main.o
HAL_RCC_DeInit                                    Build/stm32g0xx_hal_rcc.o
HAL_RCC_DisableLSECSS                             Build/stm32g0xx_hal_rcc.o
HAL_RCC_EnableCSS                                 Build/stm32g0xx_hal_rcc.o
HAL_RCC_EnableLSECSS                              Build/stm32g0xx_hal_rcc.o
HAL_RCC_GetClockConfig                            Build/stm32g0xx_hal_rcc.o
HAL_RCC_GetHCLKFreq                               Build/stm32g0xx_hal_rcc.o
HAL_RCC_GetOscConfig                              Build/stm32g0xx_hal_rcc.o
HAL_RCC_GetPCLK1Freq                              Build/stm32g0xx_hal_rcc.o
                                                  Build/stm32g0xx_hal_uart.o
                                                  Build/stm32g0xx_hal_rcc_ex.o
HAL_RCC_GetResetSource                            Build/stm32g0xx_hal_rcc.o
HAL_RCC_GetSysClockFreq                           Build/stm32g0xx_hal_rcc.o
                                                  Build/stm32g0xx_hal_uart.o
                                                  Build/stm32g0xx_hal_rcc_ex.o
HAL_RCC_LSECSSCallback                            Build/stm32g0xx_hal_rcc.o
HAL_RCC_MCOConfig                                 Build/stm32g0xx_hal_rcc.o
HAL_RCC_NMI_IRQHandler                            Build/stm32g0xx_hal_rcc.o
HAL_RCC_OscConfig                                 Build/stm32g0xx_hal_rcc.o
                                                  Build/main.o
HAL_RS485Ex_Init                                  Build/stm32g0xx_hal_uart_ex.o
HAL_ResumeTick                                    Build/stm32g0xx_hal.o
HAL_SYSCFG_DisableIOAnalogSwitchBooster           Build/stm32g0xx_hal.o
HAL_SYSCFG_DisableRemap                           Build/stm32g0xx_hal.o
HAL_SYSCFG_EnableIOAnalogSwitchBooster            Build/stm32g0xx_hal.o
HAL_SYSCFG_EnableRemap                            Build/stm32g0xx_hal.o
HAL_SYSCFG_StrobeDBattpinsConfig                  Build/stm32g0xx_hal.o
                                                  Build/stm32g0xx_hal_msp.o
HAL_SYSTICK_CLKSourceConfig                       Build/stm32g0xx_hal_cortex.o
HAL_SYSTICK_Callback                              Build/stm32g0xx_hal_cortex.o
HAL_SYSTICK_Config                                Build/stm32g0xx_hal_cortex.o
                                                  Build/stm32g0xx_hal.o
HAL_SYSTICK_IRQHandler                            Build/stm32g0xx_hal_cortex.o
HAL_SetTickFreq                                   Build/stm32g0xx_hal.o
HAL_SuspendTick                                   Build/stm32g0xx_hal.o
HAL_UARTEx_DisableFifoMode                        Build/stm32g0xx_hal_uart_ex.o
                                                  Build/main.o
HAL_UARTEx_DisableStopMode                        Build/stm32g0xx_hal_uart_ex.o
HAL_UARTEx_EnableFifoMode                         Build/stm32g0xx_hal_uart_ex.o
HAL_UARTEx_EnableStopMode                         Build/stm32g0xx_hal_uart_ex.o
HAL_UARTEx_GetRxEventType                         Build/stm32g0xx_hal_uart_ex.o
HAL_UARTEx_ReceiveToIdle                          Build/stm32g0xx_hal_uart_ex.o
HAL_UARTEx_ReceiveToIdle_DMA                      Build/stm32g0xx_hal_uart_ex.o
HAL_UARTEx_ReceiveToIdle_IT                       Build/stm32g0xx_hal_uart_ex.o
HAL_UARTEx_RxEventCallback                        Build/stm32g0xx_hal_uart.o
HAL_UARTEx_RxFifoFullCallback                     Build/stm32g0xx_hal_uart_ex.o
                                                  Build/stm32g0xx_hal_uart.o
HAL_UARTEx_SetRxFifoThreshold                     Build/stm32g0xx_hal_uart_ex.o
                                                  Build/main.o
HAL_UARTEx_SetTxFifoThreshold                     Build/stm32g0xx_hal_uart_ex.o
                                                  Build/main.o
HAL_UARTEx_StopModeWakeUpSourceConfig             Build/stm32g0xx_hal_uart_ex.o
HAL_UARTEx_TxFifoEmptyCallback                    Build/stm32g0xx_hal_uart_ex.o
                                                  Build/stm32g0xx_hal_uart.o
HAL_UARTEx_WakeupCallback                         Build/stm32g0xx_hal_uart_ex.o
                                                  Build/stm32g0xx_hal_uart.o
HAL_UART_Abort                                    Build/stm32g0xx_hal_uart.o
HAL_UART_AbortCpltCallback                        Build/stm32g0xx_hal_uart.o
HAL_UART_AbortReceive                             Build/stm32g0xx_hal_uart.o
HAL_UART_AbortReceiveCpltCallback                 Build/stm32g0xx_hal_uart.o
HAL_UART_AbortReceive_IT                          Build/stm32g0xx_hal_uart.o
HAL_UART_AbortTransmit                            Build/stm32g0xx_hal_uart.o
HAL_UART_AbortTransmitCpltCallback                Build/stm32g0xx_hal_uart.o
HAL_UART_AbortTransmit_IT                         Build/stm32g0xx_hal_uart.o
HAL_UART_Abort_IT                                 Build/stm32g0xx_hal_uart.o
HAL_UART_DMAPause                                 Build/stm32g0xx_hal_uart.o
HAL_UART_DMAResume                                Build/stm32g0xx_hal_uart.o
HAL_UART_DMAStop                                  Build/stm32g0xx_hal_uart.o
HAL_UART_DeInit                                   Build/stm32g0xx_hal_uart.o
HAL_UART_DisableReceiverTimeout                   Build/stm32g0xx_hal_uart.o
HAL_UART_EnableReceiverTimeout                    Build/stm32g0xx_hal_uart.o
HAL_UART_ErrorCallback                            Build/stm32g0xx_hal_uart.o
HAL_UART_GetError                                 Build/stm32g0xx_hal_uart.o
HAL_UART_GetState                                 Build/stm32g0xx_hal_uart.o
HAL_UART_IRQHandler                               Build/stm32g0xx_hal_uart.o
HAL_UART_Init                                     Build/stm32g0xx_hal_uart.o
                                                  Build/main.o
HAL_UART_MspDeInit                                Build/stm32g0xx_hal_msp.o
HAL_UART_MspInit                                  Build/stm32g0xx_hal_msp.o
                                                  Build/stm32g0xx_hal_uart_ex.o
HAL_UART_Receive                                  Build/stm32g0xx_hal_uart.o
HAL_UART_Receive_DMA                              Build/stm32g0xx_hal_uart.o
HAL_UART_Receive_IT                               Build/stm32g0xx_hal_uart.o
HAL_UART_ReceiverTimeout_Config                   Build/stm32g0xx_hal_uart.o
HAL_UART_RxCpltCallback                           Build/stm32g0xx_hal_uart.o
HAL_UART_RxHalfCpltCallback                       Build/stm32g0xx_hal_uart.o
HAL_UART_Transmit                                 Build/stm32g0xx_hal_uart.o
                                                  Build/board.o
HAL_UART_Transmit_DMA                             Build/stm32g0xx_hal_uart.o
HAL_UART_Transmit_IT                              Build/stm32g0xx_hal_uart.o
HAL_UART_TxCpltCallback                           Build/stm32g0xx_hal_uart.o
HAL_UART_TxHalfCpltCallback                       Build/stm32g0xx_hal_uart.o
HardFault_Handler                                 Build/stm32g0xx_it.o
I2C1_IRQHandler                                   Build/startup_stm32g070xx.o
I2C2_IRQHandler                                   Build/startup_stm32g070xx.o
NMI_Handler                                       Build/stm32g0xx_it.o
PendSV_Handler                                    Build/stm32g0xx_it.o
RCC_IRQHandler                                    Build/startup_stm32g070xx.o
RTC_TAMP_IRQHandler                               Build/startup_stm32g070xx.o
Reset_Handler                                     Build/startup_stm32g070xx.o
SPI1_IRQHandler                                   Build/startup_stm32g070xx.o
SPI2_IRQHandler                                   Build/startup_stm32g070xx.o
SVC_Handler                                       Build/stm32g0xx_it.o
SysTick_Handler                                   Build/stm32g0xx_it.o
SystemClock_Config                                Build/main.o
SystemCoreClock                                   Build/system_stm32g0xx.o
                                                  Build/stm32g0xx_hal.o
                                                  Build/stm32g0xx_hal_pwr_ex.o
                                                  Build/stm32g0xx_hal_rcc.o
SystemCoreClockUpdate                             Build/system_stm32g0xx.o
SystemInit                                        Build/system_stm32g0xx.o
                                                  Build/startup_stm32g070xx.o
TIM14_IRQHandler                                  Build/startup_stm32g070xx.o
TIM15_IRQHandler                                  Build/startup_stm32g070xx.o
TIM16_IRQHandler                                  Build/startup_stm32g070xx.o
TIM17_IRQHandler                                  Build/startup_stm32g070xx.o
TIM1_BRK_UP_TRG_COM_IRQHandler                    Build/startup_stm32g070xx.o
TIM1_CC_IRQHandler                                Build/startup_stm32g070xx.o
TIM3_IRQHandler                                   Build/startup_stm32g070xx.o
TIM6_IRQHandler                                   Build/startup_stm32g070xx.o
TIM7_IRQHandler                                   Build/startup_stm32g070xx.o
UARTPrescTable                                    Build/stm32g0xx_hal_uart.o
UART_AdvFeatureConfig                             Build/stm32g0xx_hal_uart.o
                                                  Build/stm32g0xx_hal_uart_ex.o
UART_CheckIdleState                               Build/stm32g0xx_hal_uart.o
                                                  Build/stm32g0xx_hal_uart_ex.o
UART_SetConfig                                    Build/stm32g0xx_hal_uart.o
                                                  Build/stm32g0xx_hal_uart_ex.o
UART_Start_Receive_DMA                            Build/stm32g0xx_hal_uart.o
                                                  Build/stm32g0xx_hal_uart_ex.o
UART_Start_Receive_IT                             Build/stm32g0xx_hal_uart.o
                                                  Build/stm32g0xx_hal_uart_ex.o
UART_WaitOnFlagUntilTimeout                       Build/stm32g0xx_hal_uart.o
                                                  Build/stm32g0xx_hal_uart_ex.o
USART1_IRQHandler                                 Build/startup_stm32g070xx.o
USART2_IRQHandler                                 Build/startup_stm32g070xx.o
USART3_4_IRQHandler                               Build/startup_stm32g070xx.o
WWDG_IRQHandler                                   Build/startup_stm32g070xx.o
_Jv_RegisterClasses                               /home/yuan/gcc-arm-none-eabi-5_4-2016q3/bin/../lib/gcc/arm-none-eabi/5.4.1/armv6-m/crtbegin.o
__aeabi_cdcmpeq                                   /home/yuan/gcc-arm-none-eabi-5_4-2016q3/bin/../lib/gcc/arm-none-eabi/5.4.1/armv6-m/libgcc.a(_arm_cmpdf2.o)
__aeabi_cdcmple                                   /home/yuan/gcc-arm-none-eabi-5_4-2016q3/bin/../lib/gcc/arm-none-eabi/5.4.1/armv6-m/libgcc.a(_arm_cmpdf2.o)
__aeabi_cdrcmple                                  /home/yuan/gcc-arm-none-eabi-5_4-2016q3/bin/../lib/gcc/arm-none-eabi/5.4.1/armv6-m/libgcc.a(_arm_cmpdf2.o)
__aeabi_d2f                                       /home/yuan/gcc-arm-none-eabi-5_4-2016q3/bin/../lib/gcc/arm-none-eabi/5.4.1/armv6-m/libgcc.a(truncdfsf2.o)
                                                  Build/ssd1306.o
__aeabi_d2iz                                      /home/yuan/gcc-arm-none-eabi-5_4-2016q3/bin/../lib/gcc/arm-none-eabi/5.4.1/armv6-m/libgcc.a(fixdfsi.o)
                                                  /home/yuan/gcc-arm-none-eabi-5_4-2016q3/bin/../lib/gcc/arm-none-eabi/5.4.1/../../../../arm-none-eabi/lib/armv6-m/libm.a(lib_a-k_sin.o)
                                                  /home/yuan/gcc-arm-none-eabi-5_4-2016q3/bin/../lib/gcc/arm-none-eabi/5.4.1/../../../../arm-none-eabi/lib/armv6-m/libm.a(lib_a-k_rem_pio2.o)
                                                  /home/yuan/gcc-arm-none-eabi-5_4-2016q3/bin/../lib/gcc/arm-none-eabi/5.4.1/../../../../arm-none-eabi/lib/armv6-m/libm.a(lib_a-k_cos.o)
                                                  /home/yuan/gcc-arm-none-eabi-5_4-2016q3/bin/../lib/gcc/arm-none-eabi/5.4.1/../../../../arm-none-eabi/lib/armv6-m/libm.a(lib_a-e_rem_pio2.o)
                                                  Build/ssd1306.o
__aeabi_dadd                                      /home/yuan/gcc-arm-none-eabi-5_4-2016q3/bin/../lib/gcc/arm-none-eabi/5.4.1/armv6-m/libgcc.a(adddf3.o)